Archive member included to satisfy reference by file (symbol)

/home/lc/work/s32g/s32g399a/s32g399a-atf/build/s32g399ardb3/release/lib/libfdt.a(fdt.o)
                              /home/lc/work/s32g/s32g399a/s32g399a-atf/build/s32g399ardb3/release/bl2/s32_dt.o (fdt_check_header)
/home/lc/work/s32g/s32g399a/s32g399a-atf/build/s32g399ardb3/release/lib/libfdt.a(fdt_addresses.o)
                              /home/lc/work/s32g/s32g399a/s32g399a-atf/build/s32g399ardb3/release/bl2/fdt_fixup.o (fdt_address_cells)
/home/lc/work/s32g/s32g399a/s32g399a-atf/build/s32g399ardb3/release/lib/libfdt.a(fdt_ro.o)
                              /home/lc/work/s32g/s32g399a/s32g399a-atf/build/s32g399ardb3/release/bl2/fdt_wrappers.o (fdt_get_name)
/home/lc/work/s32g/s32g399a/s32g399a-atf/build/s32g399ardb3/release/lib/libfdt.a(fdt_rw.o)
                              /home/lc/work/s32g/s32g399a/s32g399a-atf/build/s32g399ardb3/release/bl2/fdt_fixup.o (fdt_setprop_placeholder)
/home/lc/work/s32g/s32g399a/s32g399a-atf/build/s32g399ardb3/release/lib/libfdt.a(fdt_strerror.o)
                              /home/lc/work/s32g/s32g399a/s32g399a-atf/build/s32g399ardb3/release/bl2/fdt_wrappers.o (fdt_strerror)
/home/lc/work/s32g/s32g399a/s32g399a-atf/build/s32g399ardb3/release/lib/libfdt.a(fdt_wip.o)
                              /home/lc/work/s32g/s32g399a/s32g399a-atf/build/s32g399ardb3/release/bl2/fdt_fixup.o (fdt_setprop_inplace_namelen_partial)
/home/lc/work/s32g/s32g399a/s32g399a-atf/build/s32g399ardb3/release/lib/libc.a(memchr.o)
                              /home/lc/work/s32g/s32g399a/s32g399a-atf/build/s32g399ardb3/release/lib/libfdt.a(fdt_ro.o) (memchr)
/home/lc/work/s32g/s32g399a/s32g399a-atf/build/s32g399ardb3/release/lib/libc.a(memcmp.o)
                              /home/lc/work/s32g/s32g399a/s32g399a-atf/build/s32g399ardb3/release/bl2/io_fip.o (memcmp)
/home/lc/work/s32g/s32g399a/s32g399a-atf/build/s32g399ardb3/release/lib/libc.a(memcpy.o)
                              /home/lc/work/s32g/s32g399a/s32g399a-atf/build/s32g399ardb3/release/bl2/desc_image_load.o (memcpy)
/home/lc/work/s32g/s32g399a/s32g399a-atf/build/s32g399ardb3/release/lib/libc.a(memmove.o)
                              /home/lc/work/s32g/s32g399a/s32g399a-atf/build/s32g399ardb3/release/bl2/xlat_tables_core.o (memmove)
/home/lc/work/s32g/s32g399a/s32g399a-atf/build/s32g399ardb3/release/lib/libc.a(memset.o)
                              /home/lc/work/s32g/s32g399a/s32g399a-atf/build/s32g399ardb3/release/bl2/plat_clk.o (memset)
/home/lc/work/s32g/s32g399a/s32g399a-atf/build/s32g399ardb3/release/lib/libc.a(printf.o)
                              /home/lc/work/s32g/s32g399a/s32g399a-atf/build/s32g399ardb3/release/bl2/tf_log.o (vprintf)
/home/lc/work/s32g/s32g399a/s32g399a-atf/build/s32g399ardb3/release/lib/libc.a(snprintf.o)
                              /home/lc/work/s32g/s32g399a/s32g399a-atf/build/s32g399ardb3/release/bl2/fdt_fixup.o (snprintf)
/home/lc/work/s32g/s32g399a/s32g399a-atf/build/s32g399ardb3/release/lib/libc.a(strchr.o)
                              /home/lc/work/s32g/s32g399a/s32g399a-atf/build/s32g399ardb3/release/bl2/fdt_wrappers.o (strchr)
/home/lc/work/s32g/s32g399a/s32g399a-atf/build/s32g399ardb3/release/lib/libc.a(strcmp.o)
                              /home/lc/work/s32g/s32g399a/s32g399a-atf/build/s32g399ardb3/release/bl2/fdt_fixup.o (strcmp)
/home/lc/work/s32g/s32g399a/s32g399a-atf/build/s32g399ardb3/release/lib/libc.a(strlcpy.o)
                              /home/lc/work/s32g/s32g399a/s32g399a-atf/build/s32g399ardb3/release/bl2/fdt_wrappers.o (strlcpy)
/home/lc/work/s32g/s32g399a/s32g399a-atf/build/s32g399ardb3/release/lib/libc.a(strlen.o)
                              /home/lc/work/s32g/s32g399a/s32g399a-atf/build/s32g399ardb3/release/bl2/fdt_fixup.o (strlen)
/home/lc/work/s32g/s32g399a/s32g399a-atf/build/s32g399ardb3/release/lib/libc.a(strncmp.o)
                              /home/lc/work/s32g/s32g399a/s32g399a-atf/build/s32g399ardb3/release/bl2/fdt_wrappers.o (strncmp)
/home/lc/work/s32g/s32g399a/s32g399a-atf/build/s32g399ardb3/release/lib/libc.a(strnlen.o)
                              /home/lc/work/s32g/s32g399a/s32g399a-atf/build/s32g399ardb3/release/bl2/clk.o (strnlen)
/home/lc/work/s32g/s32g399a/s32g399a-atf/build/s32g399ardb3/release/lib/libc.a(strrchr.o)
                              /home/lc/work/s32g/s32g399a/s32g399a-atf/build/s32g399ardb3/release/lib/libfdt.a(fdt_ro.o) (strrchr)

Discarded input sections

 .text          0x0000000000000000        0x0 /home/lc/work/s32g/s32g399a/s32g399a-atf/build/s32g399ardb3/release/bl2/build_message.o
 .data          0x0000000000000000        0x0 /home/lc/work/s32g/s32g399a/s32g399a-atf/build/s32g399ardb3/release/bl2/build_message.o
 .bss           0x0000000000000000        0x0 /home/lc/work/s32g/s32g399a/s32g399a-atf/build/s32g399ardb3/release/bl2/build_message.o
 .rodata.version
[...]
Memory Configuration

Name             Origin             Length             Attributes
RAM              0x0000000034302000 0x00000000000fcfff xrw
*default*        0x0000000000000000 0xffffffffffffffff

Linker script and memory map

                0x0000000034302000                RAM_REGION_START = ORIGIN (RAM)
                0x00000000000fcfff                RAM_REGION_LENGTH = LENGTH (RAM)
                0x0000000034302000                . = 0x34302000
                0x0000000000000001                ASSERT ((. == ALIGN (0x1000)), BL2_BASE address is not aligned on a page boundary.)

.ro             0x0000000034302000    0x17000
                0x0000000034302000                __RO_START__ = .
                0x0000000034302000                __TEXT_RESIDENT_START__ = .
 *bl2_el3_entrypoint.o(SORT_BY_ALIGNMENT(.text*))
 .text.asm.bl2_entrypoint
                0x0000000034302000       0xd0 /home/lc/work/s32g/s32g399a/s32g399a-atf/build/s32g399ardb3/release/bl2/bl2_el3_entrypoint.o
                0x0000000034302000                bl2_entrypoint
 *(SORT_BY_ALIGNMENT(.text.asm.*))
 .text.asm.platform_mem_init
                0x00000000343020d0       0x28 /home/lc/work/s32g/s32g399a/s32g399a-atf/build/s32g399ardb3/release/bl2/s32_lowlevel_bl2.o
                0x00000000343020d0                platform_mem_init
 .text.asm.bl2_run_next_image
                0x00000000343020f8       0x38 /home/lc/work/s32g/s32g399a/s32g399a-atf/build/s32g399ardb3/release/bl2/bl2_run_next_image.o
                0x00000000343020f8                bl2_run_next_image
 .text.asm.asm_print_str
                0x0000000034302130       0x18 /home/lc/work/s32g/s32g399a/s32g399a-atf/build/s32g399ardb3/release/bl2/debug.o
                0x0000000034302130                asm_print_str
 .text.asm.asm_print_hex
                0x0000000034302148       0x30 /home/lc/work/s32g/s32g399a/s32g399a-atf/build/s32g399ardb3/release/bl2/debug.o
                0x0000000034302148                asm_print_hex
                0x000000003430214c                asm_print_hex_bits
 .text.asm.asm_print_newline
                0x0000000034302178        0x8 /home/lc/work/s32g/s32g399a/s32g399a-atf/build/s32g399ardb3/release/bl2/debug.o
                0x0000000034302178                asm_print_newline
 .text.asm.el3_panic
                0x0000000034302180       0x30 /home/lc/work/s32g/s32g399a/s32g399a-atf/build/s32g399ardb3/release/bl2/debug.o
                0x0000000034302180                el3_panic
 .text.asm.get_ldiv_mult
                0x00000000343021b0       0x20 /home/lc/work/s32g/s32g399a/s32g399a-atf/build/s32g399ardb3/release/bl2/linflex_console.o
 .text.asm.linflex_set_brg
                0x00000000343021d0       0x34 /home/lc/work/s32g/s32g399a/s32g399a-atf/build/s32g399ardb3/release/bl2/linflex_console.o
 .text.asm.console_linflex_core_init
                0x0000000034302204       0x54 /home/lc/work/s32g/s32g399a/s32g399a-atf/build/s32g399ardb3/release/bl2/linflex_console.o
                0x0000000034302204                console_linflex_core_init
 .text.asm.console_linflex_register
                0x0000000034302258       0x38 /home/lc/work/s32g/s32g399a/s32g399a-atf/build/s32g399ardb3/release/bl2/linflex_console.o
                0x0000000034302258                console_linflex_register
 .text.asm.console_linflex_core_flush
                0x0000000034302290       0x28 /home/lc/work/s32g/s32g399a/s32g399a-atf/build/s32g399ardb3/release/bl2/linflex_console.o
                0x0000000034302290                console_linflex_core_flush
 .text.asm.console_linflex_core_putc
                0x00000000343022b8       0x74 /home/lc/work/s32g/s32g399a/s32g399a-atf/build/s32g399ardb3/release/bl2/linflex_console.o
                0x00000000343022b8                console_linflex_core_putc
 .text.asm.console_linflex_putc
                0x000000003430232c       0x14 /home/lc/work/s32g/s32g399a/s32g399a-atf/build/s32g399ardb3/release/bl2/linflex_console.o
                0x000000003430232c                console_linflex_putc
 .text.asm.console_linflex_flush
                0x0000000034302340        0xc /home/lc/work/s32g/s32g399a/s32g399a-atf/build/s32g399ardb3/release/bl2/linflex_console.o
                0x0000000034302340                console_linflex_flush
 .text.asm.flush_dcache_range
                0x000000003430234c       0x38 /home/lc/work/s32g/s32g399a/s32g399a-atf/build/s32g399ardb3/release/bl2/cache_helpers.o
                0x000000003430234c                flush_dcache_range
 .text.asm.clean_dcache_range
                0x0000000034302384       0x38 /home/lc/work/s32g/s32g399a/s32g399a-atf/build/s32g399ardb3/release/bl2/cache_helpers.o
                0x0000000034302384                clean_dcache_range
 .text.asm.inv_dcache_range
                0x00000000343023bc       0x38 /home/lc/work/s32g/s32g399a/s32g399a-atf/build/s32g399ardb3/release/bl2/cache_helpers.o
                0x00000000343023bc                inv_dcache_range
 .text.asm.zeromem
                0x00000000343023f4        0x8 /home/lc/work/s32g/s32g399a/s32g399a-atf/build/s32g399ardb3/release/bl2/misc_helpers.o
                0x00000000343023f4                zeromem
 .text.asm.zeromem_dczva
                0x00000000343023fc       0xe8 /home/lc/work/s32g/s32g399a/s32g399a-atf/build/s32g399ardb3/release/bl2/misc_helpers.o
                0x00000000343023fc                zero_normalmem
 .text.asm.disable_mmu_el3
                0x00000000343024e4       0x1c /home/lc/work/s32g/s32g399a/s32g399a-atf/build/s32g399ardb3/release/bl2/misc_helpers.o
                0x00000000343024e4                disable_mmu_el3
 .text.asm.disable_mmu_icache_el3
                0x0000000034302500        0x8 /home/lc/work/s32g/s32g399a/s32g399a-atf/build/s32g399ardb3/release/bl2/misc_helpers.o
                0x0000000034302500                disable_mmu_icache_el3
 .text.asm.check_erratum_cortex_a53_819472
                0x0000000034302508        0x8 /home/lc/work/s32g/s32g399a/s32g399a-atf/build/s32g399ardb3/release/bl2/cortex_a53.o
 .text.asm.check_erratum_cortex_a53_824069
                0x0000000034302510        0x8 /home/lc/work/s32g/s32g399a/s32g399a-atf/build/s32g399ardb3/release/bl2/cortex_a53.o
 .text.asm.check_erratum_cortex_a53_826319
                0x0000000034302518        0x8 /home/lc/work/s32g/s32g399a/s32g399a-atf/build/s32g399ardb3/release/bl2/cortex_a53.o
 .text.asm.check_erratum_cortex_a53_827319
                0x0000000034302520        0x8 /home/lc/work/s32g/s32g399a/s32g399a-atf/build/s32g399ardb3/release/bl2/cortex_a53.o
 .text.asm.check_erratum_cortex_a53_835769
                0x0000000034302528       0x24 /home/lc/work/s32g/s32g399a/s32g399a-atf/build/s32g399ardb3/release/bl2/cortex_a53.o
 .text.asm.erratum_cortex_a53_836870_wa
                0x000000003430254c       0x20 /home/lc/work/s32g/s32g399a/s32g399a-atf/build/s32g399ardb3/release/bl2/cortex_a53.o
 .text.asm.check_erratum_cortex_a53_836870
                0x000000003430256c        0x8 /home/lc/work/s32g/s32g399a/s32g399a-atf/build/s32g399ardb3/release/bl2/cortex_a53.o
 .text.asm.check_erratum_cortex_a53_843419
                0x0000000034302574       0x24 /home/lc/work/s32g/s32g399a/s32g399a-atf/build/s32g399ardb3/release/bl2/cortex_a53.o
 .text.asm.erratum_cortex_a53_855873_wa
                0x0000000034302598       0x20 /home/lc/work/s32g/s32g399a/s32g399a-atf/build/s32g399ardb3/release/bl2/cortex_a53.o
 .text.asm.check_erratum_cortex_a53_855873
                0x00000000343025b8        0x8 /home/lc/work/s32g/s32g399a/s32g399a-atf/build/s32g399ardb3/release/bl2/cortex_a53.o
 .text.asm.check_erratum_cortex_a53_1530924
                0x00000000343025c0        0x8 /home/lc/work/s32g/s32g399a/s32g399a-atf/build/s32g399ardb3/release/bl2/cortex_a53.o
 .text.asm.check_erratum_cortex_a53_50481
                0x00000000343025c8        0x8 /home/lc/work/s32g/s32g399a/s32g399a-atf/build/s32g399ardb3/release/bl2/cortex_a53.o
 .text.asm.check_erratum_cortex_a53_50543
                0x00000000343025d0        0x8 /home/lc/work/s32g/s32g399a/s32g399a-atf/build/s32g399ardb3/release/bl2/cortex_a53.o
 .text.asm.cortex_a53_reset_func
                0x00000000343025d8       0x58 /home/lc/work/s32g/s32g399a/s32g399a-atf/build/s32g399ardb3/release/bl2/cortex_a53.o
 .text.asm.reset_handler
                0x0000000034302630       0x20 /home/lc/work/s32g/s32g399a/s32g399a-atf/build/s32g399ardb3/release/bl2/cpu_helpers.o
                0x0000000034302630                reset_handler
 .text.asm.get_cpu_ops_ptr
                0x0000000034302650       0x40 /home/lc/work/s32g/s32g399a/s32g399a-atf/build/s32g399ardb3/release/bl2/cpu_helpers.o
                0x0000000034302650                get_cpu_ops_ptr
 .text.asm.cpu_get_rev_var
                0x0000000034302690       0x10 /home/lc/work/s32g/s32g399a/s32g399a-atf/build/s32g399ardb3/release/bl2/cpu_helpers.o
                0x0000000034302690                cpu_get_rev_var
 .text.asm.cpu_rev_var_ls
                0x00000000343026a0       0x14 /home/lc/work/s32g/s32g399a/s32g399a-atf/build/s32g399ardb3/release/bl2/cpu_helpers.o
                0x00000000343026a0                cpu_rev_var_ls
 .text.asm.cpu_rev_var_hs
                0x00000000343026b4       0x14 /home/lc/work/s32g/s32g399a/s32g399a-atf/build/s32g399ardb3/release/bl2/cpu_helpers.o
                0x00000000343026b4                cpu_rev_var_hs
 .text.asm.enable_mmu_direct_el3
                0x00000000343026c8       0x58 /home/lc/work/s32g/s32g399a/s32g399a-atf/build/s32g399ardb3/release/bl2/enable_mmu.o
                0x00000000343026c8                enable_mmu_direct_el3
 .text.asm.plat_report_exception
                0x0000000034302720        0x4 /home/lc/work/s32g/s32g399a/s32g399a-atf/build/s32g399ardb3/release/bl2/platform_helpers.o
                0x0000000034302720                plat_report_exception
 .text.asm.plat_set_my_stack
                0x0000000034302724       0x10 /home/lc/work/s32g/s32g399a/s32g399a-atf/build/s32g399ardb3/release/bl2/platform_up_stack.o
                0x0000000034302724                plat_set_my_stack
 .text.asm.plat_crash_console_init
                0x0000000034302734       0x1c /home/lc/work/s32g/s32g399a/s32g399a-atf/build/s32g399ardb3/release/bl2/s32_linflexuart_crash.o
                0x0000000034302734                plat_crash_console_init
 .text.asm.plat_crash_console_putc
                0x0000000034302750       0x10 /home/lc/work/s32g/s32g399a/s32g399a-atf/build/s32g399ardb3/release/bl2/s32_linflexuart_crash.o
                0x0000000034302750                plat_crash_console_putc
 .text.asm.plat_crash_console_flush
                0x0000000034302760       0x10 /home/lc/work/s32g/s32g399a/s32g399a-atf/build/s32g399ardb3/release/bl2/s32_linflexuart_crash.o
                0x0000000034302760                plat_crash_console_flush
 .text.asm.plat_reset_handler
                0x0000000034302770       0x14 /home/lc/work/s32g/s32g399a/s32g399a-atf/build/s32g399ardb3/release/bl2/s32_lowlevel_bl2.o
                0x0000000034302770                plat_reset_handler
 .text.asm.plat_secondary_cold_boot_setup
                0x0000000034302784        0x4 /home/lc/work/s32g/s32g399a/s32g399a-atf/build/s32g399ardb3/release/bl2/s32_lowlevel_bl2.o
                0x0000000034302784                plat_secondary_cold_boot_setup
 .text.asm.plat_panic_handler
                0x0000000034302788        0x8 /home/lc/work/s32g/s32g399a/s32g399a-atf/build/s32g399ardb3/release/bl2/s32_lowlevel_common.o
                0x0000000034302788                plat_panic_handler
 .text.asm.s32_ncore_isol_cluster0
                0x0000000034302790       0x1c /home/lc/work/s32g/s32g399a/s32g399a-atf/build/s32g399ardb3/release/bl2/s32_lowlevel_common.o
                0x0000000034302790                s32_ncore_isol_cluster0
 .text.asm.plat_is_my_cpu_primary
                0x00000000343027ac       0x18 /home/lc/work/s32g/s32g399a/s32g399a-atf/build/s32g399ardb3/release/bl2/s32_lowlevel_common.o
                0x00000000343027ac                plat_is_my_cpu_primary
 .text.asm.plat_my_core_pos
                0x00000000343027c4       0x14 /home/lc/work/s32g/s32g399a/s32g399a-atf/build/s32g399ardb3/release/bl2/s32_lowlevel_common.o
                0x00000000343027c4                plat_my_core_pos
 .text.asm.s32_core_pos_by_mpidr
                0x00000000343027d8       0x14 /home/lc/work/s32g/s32g399a/s32g399a-atf/build/s32g399ardb3/release/bl2/s32_lowlevel_common.o
                0x00000000343027d8                s32_core_pos_by_mpidr
 .text.asm.reset_registers_for_lockstep
                0x00000000343027ec      0x130 /home/lc/work/s32g/s32g399a/s32g399a-atf/build/s32g399ardb3/release/bl2/s32_lowlevel_common.o
                0x00000000343027ec                reset_registers_for_lockstep
 .text.asm._s32_sram_clr
                0x000000003430291c       0x60 /home/lc/work/s32g/s32g399a/s32g399a-atf/build/s32g399ardb3/release/bl2/s32_sramc_asm.o
                0x000000003430291c                _s32_sram_clr
                0x000000003430297c                __TEXT_RESIDENT_END__ = .
 *(SORT_BY_ALIGNMENT(.text*))
 *fill*         0x000000003430297c        0x4 
 .text.bl2_arch_setup
                0x0000000034302980        0xc /home/lc/work/s32g/s32g399a/s32g399a-atf/build/s32g399ardb3/release/bl2/bl2_arch_setup.o
                0x0000000034302980                bl2_arch_setup
 *fill*         0x000000003430298c        0x4 
 .text.bl2_load_images
                0x0000000034302990      0x108 /home/lc/work/s32g/s32g399a/s32g399a-atf/build/s32g399ardb3/release/bl2/bl2_image_load_v2.o
                0x0000000034302990                bl2_load_images
 *fill*         0x0000000034302a98        0x8 
 .text.bl2_el3_setup
                0x0000000034302aa0       0x14 /home/lc/work/s32g/s32g399a/s32g399a-atf/build/s32g399ardb3/release/bl2/bl2_main.o
                0x0000000034302aa0                bl2_el3_setup
 *fill*         0x0000000034302ab4        0xc 
 .text.bl2_main
                0x0000000034302ac0       0x6c /home/lc/work/s32g/s32g399a/s32g399a-atf/build/s32g399ardb3/release/bl2/bl2_main.o
                0x0000000034302ac0                bl2_main
 *fill*         0x0000000034302b2c        0x4 
 .text.load_auth_image
                0x0000000034302b30      0x120 /home/lc/work/s32g/s32g399a/s32g399a-atf/build/s32g399ardb3/release/bl2/bl_common.o
                0x0000000034302b30                load_auth_image
 .text.print_entry_point_info
                0x0000000034302c50        0x4 /home/lc/work/s32g/s32g399a/s32g399a-atf/build/s32g399ardb3/release/bl2/bl_common.o
                0x0000000034302c50                print_entry_point_info
 *fill*         0x0000000034302c54        0xc 
 .text.flush_bl_params_desc
                0x0000000034302c60       0x38 /home/lc/work/s32g/s32g399a/s32g399a-atf/build/s32g399ardb3/release/bl2/desc_image_load.o
                0x0000000034302c60                flush_bl_params_desc
 *fill*         0x0000000034302c98        0x8 
 .text.get_bl_mem_params_node
                0x0000000034302ca0       0x54 /home/lc/work/s32g/s32g399a/s32g399a-atf/build/s32g399ardb3/release/bl2/desc_image_load.o
                0x0000000034302ca0                get_bl_mem_params_node
 *fill*         0x0000000034302cf4        0xc 
 .text.get_bl_load_info_from_mem_params_desc
                0x0000000034302d00       0x90 /home/lc/work/s32g/s32g399a/s32g399a-atf/build/s32g399ardb3/release/bl2/desc_image_load.o
                0x0000000034302d00                get_bl_load_info_from_mem_params_desc
 .text.get_next_bl_params_from_mem_params_desc
                0x0000000034302d90      0x120 /home/lc/work/s32g/s32g399a/s32g399a-atf/build/s32g399ardb3/release/bl2/desc_image_load.o
                0x0000000034302d90                get_next_bl_params_from_mem_params_desc
 .text.fdt_add_reserved_memory
                0x0000000034302eb0      0x1a8 /home/lc/work/s32g/s32g399a/s32g399a-atf/build/s32g399ardb3/release/bl2/fdt_fixup.o
                0x0000000034302eb0                fdt_add_reserved_memory
 *fill*         0x0000000034303058        0x8 
 .text.fdt_get_reg_props_by_index
                0x0000000034303060      0x11c /home/lc/work/s32g/s32g399a/s32g399a-atf/build/s32g399ardb3/release/bl2/fdt_wrappers.o
                0x0000000034303060                fdt_get_reg_props_by_index
 *fill*         0x000000003430317c        0x4 
 .text.tf_crc32
                0x0000000034303180       0x28 /home/lc/work/s32g/s32g399a/s32g399a-atf/build/s32g399ardb3/release/bl2/tf_crc32.o
                0x0000000034303180                tf_crc32
 *fill*         0x00000000343031a8        0x8 
 .text.tf_log   0x00000000343031b0       0xa0 /home/lc/work/s32g/s32g399a/s32g399a-atf/build/s32g399ardb3/release/bl2/tf_log.o
                0x00000000343031b0                tf_log
 .text.console_register
                0x0000000034303250       0x3c /home/lc/work/s32g/s32g399a/s32g399a-atf/build/s32g399ardb3/release/bl2/multi_console.o
                0x0000000034303250                console_register
 *fill*         0x000000003430328c        0x4 
 .text.console_set_scope
                0x0000000034303290       0x18 /home/lc/work/s32g/s32g399a/s32g399a-atf/build/s32g399ardb3/release/bl2/multi_console.o
                0x0000000034303290                console_set_scope
 *fill*         0x00000000343032a8        0x8 
 .text.console_putc
                0x00000000343032b0       0xb8 /home/lc/work/s32g/s32g399a/s32g399a-atf/build/s32g399ardb3/release/bl2/multi_console.o
                0x00000000343032b0                console_putc
 *fill*         0x0000000034303368        0x8 
 .text.putchar  0x0000000034303370       0x28 /home/lc/work/s32g/s32g399a/s32g399a-atf/build/s32g399ardb3/release/bl2/multi_console.o
                0x0000000034303370                putchar
 *fill*         0x0000000034303398        0x8 
 .text.console_flush
                0x00000000343033a0       0x54 /home/lc/work/s32g/s32g399a/s32g399a-atf/build/s32g399ardb3/release/bl2/multi_console.o
                0x00000000343033a0                console_flush
 *fill*         0x00000000343033f4        0xc 
 .text.udelay   0x0000000034303400       0x6c /home/lc/work/s32g/s32g399a/s32g399a-atf/build/s32g399ardb3/release/bl2/delay_timer.o
                0x0000000034303400                udelay
 *fill*         0x000000003430346c        0x4 
 .text.mdelay   0x0000000034303470        0xc /home/lc/work/s32g/s32g399a/s32g399a-atf/build/s32g399ardb3/release/bl2/delay_timer.o
                0x0000000034303470                mdelay
 *fill*         0x000000003430347c        0x4 
 .text.timer_init
                0x0000000034303480        0xc /home/lc/work/s32g/s32g399a/s32g399a-atf/build/s32g399ardb3/release/bl2/delay_timer.o
                0x0000000034303480                timer_init
 *fill*         0x000000003430348c        0x4 
 .text.get_timer_value
                0x0000000034303490        0xc /home/lc/work/s32g/s32g399a/s32g399a-atf/build/s32g399ardb3/release/bl2/generic_delay_timer.o
 *fill*         0x000000003430349c        0x4 
 .text.generic_delay_timer_init
                0x00000000343034a0       0x94 /home/lc/work/s32g/s32g399a/s32g399a-atf/build/s32g399ardb3/release/bl2/generic_delay_timer.o
                0x00000000343034a0                generic_delay_timer_init
 *fill*         0x0000000034303534        0xc 
 .text.device_type_block
                0x0000000034303540        0x8 /home/lc/work/s32g/s32g399a/s32g399a-atf/build/s32g399ardb3/release/bl2/io_block.o
                0x0000000034303540                device_type_block
 *fill*         0x0000000034303548        0x8 
 .text.block_open
                0x0000000034303550       0x20 /home/lc/work/s32g/s32g399a/s32g399a-atf/build/s32g399ardb3/release/bl2/io_block.o
 .text.block_seek
                0x0000000034303570       0x38 /home/lc/work/s32g/s32g399a/s32g399a-atf/build/s32g399ardb3/release/bl2/io_block.o
 *fill*         0x00000000343035a8        0x8 
 .text.block_close
                0x00000000343035b0       0x10 /home/lc/work/s32g/s32g399a/s32g399a-atf/build/s32g399ardb3/release/bl2/io_block.o
 .text.block_dev_open
                0x00000000343035c0       0x7c /home/lc/work/s32g/s32g399a/s32g399a-atf/build/s32g399ardb3/release/bl2/io_block.o
 *fill*         0x000000003430363c        0x4 
 .text.block_dev_close
                0x0000000034303640       0x6c /home/lc/work/s32g/s32g399a/s32g399a-atf/build/s32g399ardb3/release/bl2/io_block.o
 *fill*         0x00000000343036ac        0x4 
 .text.block_write
                0x00000000343036b0      0x184 /home/lc/work/s32g/s32g399a/s32g399a-atf/build/s32g399ardb3/release/bl2/io_block.o
 *fill*         0x0000000034303834        0xc 
 .text.block_read
                0x0000000034303840      0x14c /home/lc/work/s32g/s32g399a/s32g399a-atf/build/s32g399ardb3/release/bl2/io_block.o
 *fill*         0x000000003430398c        0x4 
 .text.register_io_dev_block
                0x0000000034303990       0x38 /home/lc/work/s32g/s32g399a/s32g399a-atf/build/s32g399ardb3/release/bl2/io_block.o
                0x0000000034303990                register_io_dev_block
 *fill*         0x00000000343039c8        0x8 
 .text.device_type_fip
                0x00000000343039d0        0x8 /home/lc/work/s32g/s32g399a/s32g399a-atf/build/s32g399ardb3/release/bl2/io_fip.o
 *fill*         0x00000000343039d8        0x8 
 .text.fip_dev_open
                0x00000000343039e0       0x7c /home/lc/work/s32g/s32g399a/s32g399a-atf/build/s32g399ardb3/release/bl2/io_fip.o
 *fill*         0x0000000034303a5c        0x4 
 .text.fip_file_len
                0x0000000034303a60       0x18 /home/lc/work/s32g/s32g399a/s32g399a-atf/build/s32g399ardb3/release/bl2/io_fip.o
 *fill*         0x0000000034303a78        0x8 
 .text.fip_file_close
                0x0000000034303a80       0x54 /home/lc/work/s32g/s32g399a/s32g399a-atf/build/s32g399ardb3/release/bl2/io_fip.o
 *fill*         0x0000000034303ad4        0xc 
 .text.fip_dev_init
                0x0000000034303ae0       0xb4 /home/lc/work/s32g/s32g399a/s32g399a-atf/build/s32g399ardb3/release/bl2/io_fip.o
 *fill*         0x0000000034303b94        0xc 
 .text.fip_file_read
                0x0000000034303ba0       0xc0 /home/lc/work/s32g/s32g399a/s32g399a-atf/build/s32g399ardb3/release/bl2/io_fip.o
 .text.fip_file_open
                0x0000000034303c60      0x104 /home/lc/work/s32g/s32g399a/s32g399a-atf/build/s32g399ardb3/release/bl2/io_fip.o
 *fill*         0x0000000034303d64        0xc 
 .text.fip_dev_close
                0x0000000034303d70       0x5c /home/lc/work/s32g/s32g399a/s32g399a-atf/build/s32g399ardb3/release/bl2/io_fip.o
 *fill*         0x0000000034303dcc        0x4 
 .text.register_io_dev_fip
                0x0000000034303dd0       0x38 /home/lc/work/s32g/s32g399a/s32g399a-atf/build/s32g399ardb3/release/bl2/io_fip.o
                0x0000000034303dd0                register_io_dev_fip
 *fill*         0x0000000034303e08        0x8 
 .text.device_type_memmap
                0x0000000034303e10        0x8 /home/lc/work/s32g/s32g399a/s32g399a-atf/build/s32g399ardb3/release/bl2/io_memmap.o
 *fill*         0x0000000034303e18        0x8 
 .text.memmap_dev_open
                0x0000000034303e20       0x14 /home/lc/work/s32g/s32g399a/s32g399a-atf/build/s32g399ardb3/release/bl2/io_memmap.o
 *fill*         0x0000000034303e34        0xc 
 .text.memmap_dev_close
                0x0000000034303e40        0x8 /home/lc/work/s32g/s32g399a/s32g399a-atf/build/s32g399ardb3/release/bl2/io_memmap.o
 *fill*         0x0000000034303e48        0x8 
 .text.memmap_block_open
                0x0000000034303e50       0x34 /home/lc/work/s32g/s32g399a/s32g399a-atf/build/s32g399ardb3/release/bl2/io_memmap.o
 *fill*         0x0000000034303e84        0xc 
 .text.memmap_block_seek
                0x0000000034303e90       0x20 /home/lc/work/s32g/s32g399a/s32g399a-atf/build/s32g399ardb3/release/bl2/io_memmap.o
 .text.memmap_block_len
                0x0000000034303eb0       0x18 /home/lc/work/s32g/s32g399a/s32g399a-atf/build/s32g399ardb3/release/bl2/io_memmap.o
 *fill*         0x0000000034303ec8        0x8 
 .text.memmap_block_close
                0x0000000034303ed0       0x2c /home/lc/work/s32g/s32g399a/s32g399a-atf/build/s32g399ardb3/release/bl2/io_memmap.o
 *fill*         0x0000000034303efc        0x4 
 .text.memmap_block_write
                0x0000000034303f00       0x48 /home/lc/work/s32g/s32g399a/s32g399a-atf/build/s32g399ardb3/release/bl2/io_memmap.o
 *fill*         0x0000000034303f48        0x8 
 .text.memmap_block_read
                0x0000000034303f50       0x4c /home/lc/work/s32g/s32g399a/s32g399a-atf/build/s32g399ardb3/release/bl2/io_memmap.o
 *fill*         0x0000000034303f9c        0x4 
 .text.register_io_dev_memmap
                0x0000000034303fa0       0x38 /home/lc/work/s32g/s32g399a/s32g399a-atf/build/s32g399ardb3/release/bl2/io_memmap.o
                0x0000000034303fa0                register_io_dev_memmap
 *fill*         0x0000000034303fd8        0x8 
 .text.io_register_device
                0x0000000034303fe0       0x28 /home/lc/work/s32g/s32g399a/s32g399a-atf/build/s32g399ardb3/release/bl2/io_storage.o
                0x0000000034303fe0                io_register_device
 *fill*         0x0000000034304008        0x8 
 .text.io_dev_open
                0x0000000034304010       0x18 /home/lc/work/s32g/s32g399a/s32g399a-atf/build/s32g399ardb3/release/bl2/io_storage.o
                0x0000000034304010                io_dev_open
 *fill*         0x0000000034304028        0x8 
 .text.io_dev_init
                0x0000000034304030       0x1c /home/lc/work/s32g/s32g399a/s32g399a-atf/build/s32g399ardb3/release/bl2/io_storage.o
                0x0000000034304030                io_dev_init
 *fill*         0x000000003430404c        0x4 
 .text.io_dev_close
                0x0000000034304050       0x1c /home/lc/work/s32g/s32g399a/s32g399a-atf/build/s32g399ardb3/release/bl2/io_storage.o
                0x0000000034304050                io_dev_close
 *fill*         0x000000003430406c        0x4 
 .text.io_open  0x0000000034304070      0x124 /home/lc/work/s32g/s32g399a/s32g399a-atf/build/s32g399ardb3/release/bl2/io_storage.o
                0x0000000034304070                io_open
 *fill*         0x0000000034304194        0xc 
 .text.io_seek  0x00000000343041a0       0x20 /home/lc/work/s32g/s32g399a/s32g399a-atf/build/s32g399ardb3/release/bl2/io_storage.o
                0x00000000343041a0                io_seek
 .text.io_size  0x00000000343041c0       0x20 /home/lc/work/s32g/s32g399a/s32g399a-atf/build/s32g399ardb3/release/bl2/io_storage.o
                0x00000000343041c0                io_size
 .text.io_read  0x00000000343041e0       0x20 /home/lc/work/s32g/s32g399a/s32g399a-atf/build/s32g399ardb3/release/bl2/io_storage.o
                0x00000000343041e0                io_read
 .text.io_close
                0x0000000034304200       0x88 /home/lc/work/s32g/s32g399a/s32g399a-atf/build/s32g399ardb3/release/bl2/io_storage.o
                0x0000000034304200                io_close
 *fill*         0x0000000034304288        0x8 
 .text.mmc_send_cmd
                0x0000000034304290       0x74 /home/lc/work/s32g/s32g399a/s32g399a-atf/build/s32g399ardb3/release/bl2/mmc.o
 *fill*         0x0000000034304304        0xc 
 .text.mmc_device_state
                0x0000000034304310       0x94 /home/lc/work/s32g/s32g399a/s32g399a-atf/build/s32g399ardb3/release/bl2/mmc.o
 *fill*         0x00000000343043a4        0xc 
 .text.sd_switch.constprop.0
                0x00000000343043b0       0x9c /home/lc/work/s32g/s32g399a/s32g399a-atf/build/s32g399ardb3/release/bl2/mmc.o
 *fill*         0x000000003430444c        0x4 
 .text.mmc_set_ios
                0x0000000034304450      0x248 /home/lc/work/s32g/s32g399a/s32g399a-atf/build/s32g399ardb3/release/bl2/mmc.o
 *fill*         0x0000000034304698        0x8 
 .text.mmc_read_blocks
                0x00000000343046a0      0x140 /home/lc/work/s32g/s32g399a/s32g399a-atf/build/s32g399ardb3/release/bl2/mmc.o
                0x00000000343046a0                mmc_read_blocks
 .text.mmc_init
                0x00000000343047e0      0x584 /home/lc/work/s32g/s32g399a/s32g399a-atf/build/s32g399ardb3/release/bl2/mmc.o
                0x00000000343047e0                mmc_init
 *fill*         0x0000000034304d64        0xc 
 .text.get_clk_driver_by_name
                0x0000000034304d70       0xc8 /home/lc/work/s32g/s32g399a/s32g399a-atf/build/s32g399ardb3/release/bl2/clk.o
                0x0000000034304d70                get_clk_driver_by_name
 *fill*         0x0000000034304e38        0x8 
 .text.init_fake_plat_driver
                0x0000000034304e40       0x7c /home/lc/work/s32g/s32g399a/s32g399a-atf/build/s32g399ardb3/release/bl2/clk.o
                0x0000000034304e40                init_fake_plat_driver
 *fill*         0x0000000034304ebc        0x4 
 .text.s32_set_ddr_clock_state.constprop.0
                0x0000000034304ec0       0xa8 /home/lc/work/s32g/s32g399a/s32g399a-atf/build/s32g399ardb3/release/bl2/early_clocks.o
 *fill*         0x0000000034304f68        0x8 
 .text.s32_a53_clock_setup
                0x0000000034304f70      0x16c /home/lc/work/s32g/s32g399a/s32g399a-atf/build/s32g399ardb3/release/bl2/early_clocks.o
                0x0000000034304f70                s32_a53_clock_setup
 *fill*         0x00000000343050dc        0x4 
 .text.s32_reset_ddr_periph
                0x00000000343050e0       0x54 /home/lc/work/s32g/s32g399a/s32g399a-atf/build/s32g399ardb3/release/bl2/early_clocks.o
                0x00000000343050e0                s32_reset_ddr_periph
 *fill*         0x0000000034305134        0xc 
 .text.s32_a53_clock_early_setup
                0x0000000034305140       0x80 /home/lc/work/s32g/s32g399a/s32g399a-atf/build/s32g399ardb3/release/bl2/early_clocks.o
                0x0000000034305140                s32_a53_clock_early_setup
 .text.s32_periph_clock_init
                0x00000000343051c0      0x20c /home/lc/work/s32g/s32g399a/s32g399a-atf/build/s32g399ardb3/release/bl2/early_clocks.o
                0x00000000343051c0                s32_periph_clock_init
 *fill*         0x00000000343053cc        0x4 
 .text.get_clk_parent
                0x00000000343053d0       0x18 /home/lc/work/s32g/s32g399a/s32g399a-atf/build/s32g399ardb3/release/bl2/enable_clk.o
 *fill*         0x00000000343053e8        0x8 
 .text.get_part_link_parent
                0x00000000343053f0        0x8 /home/lc/work/s32g/s32g399a/s32g399a-atf/build/s32g399ardb3/release/bl2/enable_clk.o
 *fill*         0x00000000343053f8        0x8 
 .text.get_part_block_parent
                0x0000000034305400        0x8 /home/lc/work/s32g/s32g399a/s32g399a-atf/build/s32g399ardb3/release/bl2/enable_clk.o
 *fill*         0x0000000034305408        0x8 
 .text.get_part_block_link_parent
                0x0000000034305410        0x8 /home/lc/work/s32g/s32g399a/s32g399a-atf/build/s32g399ardb3/release/bl2/enable_clk.o
 *fill*         0x0000000034305418        0x8 
 .text.no_parent
                0x0000000034305420        0x8 /home/lc/work/s32g/s32g399a/s32g399a-atf/build/s32g399ardb3/release/bl2/enable_clk.o
 *fill*         0x0000000034305428        0x8 
 .text.get_fixed_div_parent
                0x0000000034305430        0x8 /home/lc/work/s32g/s32g399a/s32g399a-atf/build/s32g399ardb3/release/bl2/enable_clk.o
 *fill*         0x0000000034305438        0x8 
 .text.get_pll_div_parent
                0x0000000034305440        0x8 /home/lc/work/s32g/s32g399a/s32g399a-atf/build/s32g399ardb3/release/bl2/enable_clk.o
 *fill*         0x0000000034305448        0x8 
 .text.no_enable
                0x0000000034305450        0x8 /home/lc/work/s32g/s32g399a/s32g399a-atf/build/s32g399ardb3/release/bl2/enable_clk.o
 *fill*         0x0000000034305458        0x8 
 .text.get_cgm_div_parent
                0x0000000034305460       0x34 /home/lc/work/s32g/s32g399a/s32g399a-atf/build/s32g399ardb3/release/bl2/enable_clk.o
 *fill*         0x0000000034305494        0xc 
 .text.get_dfs_div_parent
                0x00000000343054a0       0x34 /home/lc/work/s32g/s32g399a/s32g399a-atf/build/s32g399ardb3/release/bl2/enable_clk.o
 *fill*         0x00000000343054d4        0xc 
 .text.get_dfs_parent
                0x00000000343054e0       0x34 /home/lc/work/s32g/s32g399a/s32g399a-atf/build/s32g399ardb3/release/bl2/enable_clk.o
 *fill*         0x0000000034305514        0xc 
 .text.get_pll_parent
                0x0000000034305520       0x34 /home/lc/work/s32g/s32g399a/s32g399a-atf/build/s32g399ardb3/release/bl2/enable_clk.o
 *fill*         0x0000000034305554        0xc 
 .text.cgm_mux_clk_config
                0x0000000034305560      0x100 /home/lc/work/s32g/s32g399a/s32g399a-atf/build/s32g399ardb3/release/bl2/enable_clk.o
 .text.enable_part
                0x0000000034305660       0x24 /home/lc/work/s32g/s32g399a/s32g399a-atf/build/s32g399ardb3/release/bl2/enable_clk.o
 *fill*         0x0000000034305684        0xc 
 .text.enable_dfs
                0x0000000034305690       0x5c /home/lc/work/s32g/s32g399a/s32g399a-atf/build/s32g399ardb3/release/bl2/enable_clk.o
 *fill*         0x00000000343056ec        0x4 
 .text.exec_cb_with_refcount.part.0
                0x00000000343056f0       0xa8 /home/lc/work/s32g/s32g399a/s32g399a-atf/build/s32g399ardb3/release/bl2/enable_clk.o
 *fill*         0x0000000034305798        0x8 
 .text.get_mux_parent
                0x00000000343057a0       0x48 /home/lc/work/s32g/s32g399a/s32g399a-atf/build/s32g399ardb3/release/bl2/enable_clk.o
 *fill*         0x00000000343057e8        0x8 
 .text.enable_part_block
                0x00000000343057f0      0x108 /home/lc/work/s32g/s32g399a/s32g399a-atf/build/s32g399ardb3/release/bl2/enable_clk.o
 *fill*         0x00000000343058f8        0x8 
 .text.enable_osc
                0x0000000034305900       0x9c /home/lc/work/s32g/s32g399a/s32g399a-atf/build/s32g399ardb3/release/bl2/enable_clk.o
 *fill*         0x000000003430599c        0x4 
 .text.enable_cgm_div
                0x00000000343059a0      0x438 /home/lc/work/s32g/s32g399a/s32g399a-atf/build/s32g399ardb3/release/bl2/enable_clk.o
 *fill*         0x0000000034305dd8        0x8 
 .text.enable_dfs_div
                0x0000000034305de0      0x804 /home/lc/work/s32g/s32g399a/s32g399a-atf/build/s32g399ardb3/release/bl2/enable_clk.o
 *fill*         0x00000000343065e4        0xc 
 .text.s32gen1_platclk2mux
                0x00000000343065f0        0xc /home/lc/work/s32g/s32g399a/s32g399a-atf/build/s32g399ardb3/release/bl2/enable_clk.o
                0x00000000343065f0                s32gen1_platclk2mux
 *fill*         0x00000000343065fc        0x4 
 .text.s32gen1_cgm_mux_to_safe
                0x0000000034306600       0x54 /home/lc/work/s32g/s32g399a/s32g399a-atf/build/s32g399ardb3/release/bl2/enable_clk.o
                0x0000000034306600                s32gen1_cgm_mux_to_safe
 *fill*         0x0000000034306654        0xc 
 .text.s32gen1_enable_cgm_mux
                0x0000000034306660      0x1cc /home/lc/work/s32g/s32g399a/s32g399a-atf/build/s32g399ardb3/release/bl2/enable_clk.o
                0x0000000034306660                s32gen1_enable_cgm_mux
 *fill*         0x000000003430682c        0x4 
 .text.enable_pll_div
                0x0000000034306830      0x41c /home/lc/work/s32g/s32g399a/s32g399a-atf/build/s32g399ardb3/release/bl2/enable_clk.o
 *fill*         0x0000000034306c4c        0x4 
 .text.enable_mux
                0x0000000034306c50       0xd0 /home/lc/work/s32g/s32g399a/s32g399a-atf/build/s32g399ardb3/release/bl2/enable_clk.o
 .text.get_pll_mfi_mfn
                0x0000000034306d20      0x410 /home/lc/work/s32g/s32g399a/s32g399a-atf/build/s32g399ardb3/release/bl2/enable_clk.o
                0x0000000034306d20                get_pll_mfi_mfn
 .text.enable_pll
                0x0000000034307130      0x724 /home/lc/work/s32g/s32g399a/s32g399a-atf/build/s32g399ardb3/release/bl2/enable_clk.o
 *fill*         0x0000000034307854        0xc 
 .text.pllclk2clk
                0x0000000034307860       0x34 /home/lc/work/s32g/s32g399a/s32g399a-atf/build/s32g399ardb3/release/bl2/enable_clk.o
                0x0000000034307860                pllclk2clk
 *fill*         0x0000000034307894        0xc 
 .text.get_module_parent
                0x00000000343078a0       0x64 /home/lc/work/s32g/s32g399a/s32g399a-atf/build/s32g399ardb3/release/bl2/enable_clk.o
                0x00000000343078a0                get_module_parent
 *fill*         0x0000000034307904        0xc 
 .text.enable_module
                0x0000000034307910      0x198 /home/lc/work/s32g/s32g399a/s32g399a-atf/build/s32g399ardb3/release/bl2/enable_clk.o
 *fill*         0x0000000034307aa8        0x8 
 .text.enable_part_block_link
                0x0000000034307ab0       0xa4 /home/lc/work/s32g/s32g399a/s32g399a-atf/build/s32g399ardb3/release/bl2/enable_clk.o
 *fill*         0x0000000034307b54        0xc 
 .text.enable_part_link
                0x0000000034307b60       0xa4 /home/lc/work/s32g/s32g399a/s32g399a-atf/build/s32g399ardb3/release/bl2/enable_clk.o
 *fill*         0x0000000034307c04        0xc 
 .text.s32gen1_enable
                0x0000000034307c10      0x148 /home/lc/work/s32g/s32g399a/s32g399a-atf/build/s32g399ardb3/release/bl2/enable_clk.o
                0x0000000034307c10                s32gen1_enable
 *fill*         0x0000000034307d58        0x8 
 .text.compute_dfs_div_freq
                0x0000000034307d60      0x270 /home/lc/work/s32g/s32g399a/s32g399a-atf/build/s32g399ardb3/release/bl2/get_rate.o
 .text.get_module_rate
                0x0000000034307fd0      0xb44 /home/lc/work/s32g/s32g399a/s32g399a-atf/build/s32g399ardb3/release/bl2/get_rate.o
                0x0000000034307fd0                get_module_rate
 *fill*         0x0000000034308b14        0xc 
 .text.mmap_clk_regions
                0x0000000034308b20      0x1c8 /home/lc/work/s32g/s32g399a/s32g399a-atf/build/s32g399ardb3/release/bl2/plat_clk.o
                0x0000000034308b20                mmap_clk_regions
 *fill*         0x0000000034308ce8        0x8 
 .text.get_base_addr
                0x0000000034308cf0       0xe4 /home/lc/work/s32g/s32g399a/s32g399a-atf/build/s32g399ardb3/release/bl2/plat_clk.o
                0x0000000034308cf0                get_base_addr
 *fill*         0x0000000034308dd4        0xc 
 .text.s32g_get_plat_cc_clock
                0x0000000034308de0       0x34 /home/lc/work/s32g/s32g399a/s32g399a-atf/build/s32g399ardb3/release/bl2/s32g3_clk.o
                0x0000000034308de0                s32g_get_plat_cc_clock
 *fill*         0x0000000034308e14        0xc 
 .text.s32g_get_plat_clock
                0x0000000034308e20       0x34 /home/lc/work/s32g/s32g399a/s32g399a-atf/build/s32g399ardb3/release/bl2/s32g3_clk.o
                0x0000000034308e20                s32g_get_plat_clock
 *fill*         0x0000000034308e54        0xc 
 .text.get_plat_cc_clock
                0x0000000034308e60       0x48 /home/lc/work/s32g/s32g399a/s32g399a-atf/build/s32g399ardb3/release/bl2/s32g_clk.o
                0x0000000034308e60                get_plat_cc_clock
 *fill*         0x0000000034308ea8        0x8 
 .text.get_plat_clock
                0x0000000034308eb0       0x44 /home/lc/work/s32g/s32g399a/s32g399a-atf/build/s32g399ardb3/release/bl2/s32g_clk.o
                0x0000000034308eb0                get_plat_clock
 *fill*         0x0000000034308ef4        0xc 
 .text.get_clock
                0x0000000034308f00       0x74 /home/lc/work/s32g/s32g399a/s32g399a-atf/build/s32g399ardb3/release/bl2/s32gen1_clk.o
                0x0000000034308f00                get_clock
 *fill*         0x0000000034308f74        0xc 
 .text.s32gen1_get_early_clks_freqs
                0x0000000034308f80       0xbc /home/lc/work/s32g/s32g399a/s32g399a-atf/build/s32g399ardb3/release/bl2/s32gen1_clk.o
                0x0000000034308f80                s32gen1_get_early_clks_freqs
 *fill*         0x000000003430903c        0x4 
 .text.set_module_rate
                0x0000000034309040      0x5a0 /home/lc/work/s32g/s32g399a/s32g399a-atf/build/s32g399ardb3/release/bl2/set_par_rate.o
 .text.s32gen1_set_rate
                0x00000000343095e0       0x74 /home/lc/work/s32g/s32g399a/s32g399a-atf/build/s32g399ardb3/release/bl2/set_par_rate.o
                0x00000000343095e0                s32gen1_set_rate
 *fill*         0x0000000034309654        0xc 
 .text.s32gen1_set_parent
                0x0000000034309660      0x188 /home/lc/work/s32g/s32g399a/s32g399a-atf/build/s32g399ardb3/release/bl2/set_par_rate.o
                0x0000000034309660                s32gen1_set_parent
 *fill*         0x00000000343097e8        0x8 
 .text.s32gen1_exclude_ecc
                0x00000000343097f0      0x1c0 /home/lc/work/s32g/s32g399a/s32g399a-atf/build/s32g399ardb3/release/bl2/ddr_density.o
                0x00000000343097f0                s32gen1_exclude_ecc
 .text.ddr_init
                0x00000000343099b0      0x360 /home/lc/work/s32g/s32g399a/s32g399a-atf/build/s32g399ardb3/release/bl2/ddr_init.o
                0x00000000343099b0                ddr_init
 .text.load_register_cfg_16
                0x0000000034309d10       0x24 /home/lc/work/s32g/s32g399a/s32g399a-atf/build/s32g399ardb3/release/bl2/ddr_init.o
                0x0000000034309d10                load_register_cfg_16
 *fill*         0x0000000034309d34        0xc 
 .text.load_register_cfg
                0x0000000034309d40       0x24 /home/lc/work/s32g/s32g399a/s32g399a-atf/build/s32g399ardb3/release/bl2/ddr_init.o
                0x0000000034309d40                load_register_cfg
 *fill*         0x0000000034309d64        0xc 
 .text.load_dq_cfg
                0x0000000034309d70       0x24 /home/lc/work/s32g/s32g399a/s32g399a-atf/build/s32g399ardb3/release/bl2/ddr_init.o
                0x0000000034309d70                load_dq_cfg
 *fill*         0x0000000034309d94        0xc 
 .text.set_optimal_pll
                0x0000000034309da0       0x6c /home/lc/work/s32g/s32g399a/s32g399a-atf/build/s32g399ardb3/release/bl2/ddr_init.o
                0x0000000034309da0                set_optimal_pll
 *fill*         0x0000000034309e0c        0x4 
 .text.store_csr
                0x0000000034309e10       0x7c /home/lc/work/s32g/s32g399a/s32g399a-atf/build/s32g399ardb3/release/bl2/ddr_lp.o
                0x0000000034309e10                store_csr
 *fill*         0x0000000034309e8c        0x4 
 .text.store_ddrc_regs
                0x0000000034309e90       0x50 /home/lc/work/s32g/s32g399a/s32g399a-atf/build/s32g399ardb3/release/bl2/ddr_lp.o
                0x0000000034309e90                store_ddrc_regs
 .text.ddrss_to_normal_mode
                0x0000000034309ee0      0x190 /home/lc/work/s32g/s32g399a/s32g399a-atf/build/s32g399ardb3/release/bl2/ddr_lp.o
                0x0000000034309ee0                ddrss_to_normal_mode
 .text.set_axi_parity
                0x000000003430a070      0x100 /home/lc/work/s32g/s32g399a/s32g399a-atf/build/s32g399ardb3/release/bl2/ddr_utils.o
                0x000000003430a070                set_axi_parity
 .text.post_train_setup
                0x000000003430a170      0x4d4 /home/lc/work/s32g/s32g399a/s32g399a-atf/build/s32g399ardb3/release/bl2/ddr_utils.o
                0x000000003430a170                post_train_setup
 *fill*         0x000000003430a644        0xc 
 .text.wait_firmware_execution
                0x000000003430a650       0xb0 /home/lc/work/s32g/s32g399a/s32g399a-atf/build/s32g399ardb3/release/bl2/ddr_utils.o
                0x000000003430a650                wait_firmware_execution
 .text.read_cdds
                0x000000003430a700      0x4f0 /home/lc/work/s32g/s32g399a/s32g399a-atf/build/s32g399ardb3/release/bl2/ddr_utils.o
                0x000000003430a700                read_cdds
 .text.read_vref_ca
                0x000000003430abf0       0x98 /home/lc/work/s32g/s32g399a/s32g399a-atf/build/s32g399ardb3/release/bl2/ddr_utils.o
                0x000000003430abf0                read_vref_ca
 *fill*         0x000000003430ac88        0x8 
 .text.read_vref_dq
                0x000000003430ac90       0x98 /home/lc/work/s32g/s32g399a/s32g399a-atf/build/s32g399ardb3/release/bl2/ddr_utils.o
                0x000000003430ac90                read_vref_dq
 *fill*         0x000000003430ad28        0x8 
 .text.compute_tphy_wrdata_delay
                0x000000003430ad30      0x110 /home/lc/work/s32g/s32g399a/s32g399a-atf/build/s32g399ardb3/release/bl2/ddr_utils.o
                0x000000003430ad30                compute_tphy_wrdata_delay
 .text.init_image_sizes
                0x000000003430ae40       0x78 /home/lc/work/s32g/s32g399a/s32g399a-atf/build/s32g399ardb3/release/bl2/ddrss_cfg.o
                0x000000003430ae40                init_image_sizes
 *fill*         0x000000003430aeb8        0x8 
 .text.s32_i2c_stop.isra.0
                0x000000003430aec0       0x80 /home/lc/work/s32g/s32g399a/s32g399a-atf/build/s32g399ardb3/release/bl2/s32_i2c.o
 .text.s32_i2c_write_byte
                0x000000003430af40       0x94 /home/lc/work/s32g/s32g399a/s32g399a-atf/build/s32g399ardb3/release/bl2/s32_i2c.o
 *fill*         0x000000003430afd4        0xc 
 .text.s32_i2c_start.part.0
                0x000000003430afe0      0x180 /home/lc/work/s32g/s32g399a/s32g399a-atf/build/s32g399ardb3/release/bl2/s32_i2c.o
 .text.s32_i2c_read
                0x000000003430b160      0x230 /home/lc/work/s32g/s32g399a/s32g399a-atf/build/s32g399ardb3/release/bl2/s32_i2c.o
                0x000000003430b160                s32_i2c_read
 .text.s32_i2c_write
                0x000000003430b390       0xec /home/lc/work/s32g/s32g399a/s32g399a-atf/build/s32g399ardb3/release/bl2/s32_i2c.o
                0x000000003430b390                s32_i2c_write
 *fill*         0x000000003430b47c        0x4 
 .text.s32_i2c_init
                0x000000003430b480      0x11c /home/lc/work/s32g/s32g399a/s32g399a-atf/build/s32g399ardb3/release/bl2/s32_i2c.o
                0x000000003430b480                s32_i2c_init
 *fill*         0x000000003430b59c        0x4 
 .text.s32_i2c_get_setup_from_fdt
                0x000000003430b5a0       0xa4 /home/lc/work/s32g/s32g399a/s32g399a-atf/build/s32g399ardb3/release/bl2/s32_i2c.o
                0x000000003430b5a0                s32_i2c_get_setup_from_fdt
 *fill*         0x000000003430b644        0xc 
 .text.alloc_mem_pool_elem
                0x000000003430b650       0x34 /home/lc/work/s32g/s32g399a/s32g399a-atf/build/s32g399ardb3/release/bl2/memory_pool.o
                0x000000003430b650                alloc_mem_pool_elem
 *fill*         0x000000003430b684        0xc 
 .text.s32_mmc_send_cmd
                0x000000003430b690      0x29c /home/lc/work/s32g/s32g399a/s32g399a-atf/build/s32g399ardb3/release/bl2/s32_mmc.o
 *fill*         0x000000003430b92c        0x4 
 .text.s32_mmc_write
                0x000000003430b930        0x8 /home/lc/work/s32g/s32g399a/s32g399a-atf/build/s32g399ardb3/release/bl2/s32_mmc.o
 *fill*         0x000000003430b938        0x8 
 .text.s32_mmc_read
                0x000000003430b940       0x20 /home/lc/work/s32g/s32g399a/s32g399a-atf/build/s32g399ardb3/release/bl2/s32_mmc.o
 .text.s32_mmc_prepare
                0x000000003430b960       0x40 /home/lc/work/s32g/s32g399a/s32g399a-atf/build/s32g399ardb3/release/bl2/s32_mmc.o
 .text.s32_mmc_set_clk
                0x000000003430b9a0       0xec /home/lc/work/s32g/s32g399a/s32g399a-atf/build/s32g399ardb3/release/bl2/s32_mmc.o
 *fill*         0x000000003430ba8c        0x4 
 .text.s32_mmc_set_ios
                0x000000003430ba90       0x78 /home/lc/work/s32g/s32g399a/s32g399a-atf/build/s32g399ardb3/release/bl2/s32_mmc.o
 *fill*         0x000000003430bb08        0x8 
 .text.s32_mmc_init
                0x000000003430bb10       0xd4 /home/lc/work/s32g/s32g399a/s32g399a-atf/build/s32g399ardb3/release/bl2/s32_mmc.o
 *fill*         0x000000003430bbe4        0xc 
 .text.s32_mmc_register
                0x000000003430bbf0      0x118 /home/lc/work/s32g/s32g399a/s32g399a-atf/build/s32g399ardb3/release/bl2/s32_mmc.o
                0x000000003430bbf0                s32_mmc_register
 *fill*         0x000000003430bd08        0x8 
 .text.s32gen1_ocotp_init
                0x000000003430bd10       0x90 /home/lc/work/s32g/s32g399a/s32g399a-atf/build/s32g399ardb3/release/bl2/ocotp.o
                0x000000003430bd10                s32gen1_ocotp_init
 .text.vr5510_read
                0x000000003430bda0       0xf0 /home/lc/work/s32g/s32g399a/s32g399a-atf/build/s32g399ardb3/release/bl2/vr5510.o
                0x000000003430bda0                vr5510_read
 .text.vr5510_write
                0x000000003430be90       0xcc /home/lc/work/s32g/s32g399a/s32g399a-atf/build/s32g399ardb3/release/bl2/vr5510.o
                0x000000003430be90                vr5510_write
 *fill*         0x000000003430bf5c        0x4 
 .text.vr5510_get_inst
                0x000000003430bf60       0xac /home/lc/work/s32g/s32g399a/s32g399a-atf/build/s32g399ardb3/release/bl2/vr5510.o
                0x000000003430bf60                vr5510_get_inst
 *fill*         0x000000003430c00c        0x4 
 .text.vr5510_register_instance
                0x000000003430c010      0x150 /home/lc/work/s32g/s32g399a/s32g399a-atf/build/s32g399ardb3/release/bl2/vr5510.o
                0x000000003430c010                vr5510_register_instance
 .text.s32gen1_assert_rgm
                0x000000003430c160      0x1b4 /home/lc/work/s32g/s32g399a/s32g399a-atf/build/s32g399ardb3/release/bl2/s32gen1_rst.o
                0x000000003430c160                s32gen1_assert_rgm
 *fill*         0x000000003430c314        0xc 
 .text.s32gen1_reset_periph
                0x000000003430c320      0x1b8 /home/lc/work/s32g/s32g399a/s32g399a-atf/build/s32g399ardb3/release/bl2/s32gen1_rst.o
                0x000000003430c320                s32gen1_reset_periph
 *fill*         0x000000003430c4d8        0x8 
 .text.s32gen1_reset_partition
                0x000000003430c4e0       0x24 /home/lc/work/s32g/s32g399a/s32g399a-atf/build/s32g399ardb3/release/bl2/s32gen1_rst.o
                0x000000003430c4e0                s32gen1_reset_partition
 *fill*         0x000000003430c504        0xc 
 .text.s32g_reset_rtc
                0x000000003430c510       0xa8 /home/lc/work/s32g/s32g399a/s32g399a-atf/build/s32g399ardb3/release/bl2/s32g_rtc.o
                0x000000003430c510                s32g_reset_rtc
 *fill*         0x000000003430c5b8        0x8 
 .text.parse_gpt_entry
                0x000000003430c5c0       0xd4 /home/lc/work/s32g/s32g399a/s32g399a-atf/build/s32g399ardb3/release/bl2/gpt.o
                0x000000003430c5c0                parse_gpt_entry
 *fill*         0x000000003430c694        0xc 
 .text.load_gpt_header.part.0
                0x000000003430c6a0       0xe4 /home/lc/work/s32g/s32g399a/s32g399a-atf/build/s32g399ardb3/release/bl2/partition.o
 *fill*         0x000000003430c784        0xc 
 .text.load_partition_gpt.part.0
                0x000000003430c790       0xc4 /home/lc/work/s32g/s32g399a/s32g399a-atf/build/s32g399ardb3/release/bl2/partition.o
 *fill*         0x000000003430c854        0xc 
 .text.load_partition_table
                0x000000003430c860      0x35c /home/lc/work/s32g/s32g399a/s32g399a-atf/build/s32g399ardb3/release/bl2/partition.o
                0x000000003430c860                load_partition_table
 *fill*         0x000000003430cbbc        0x4 
 .text.get_partition_entry_list
                0x000000003430cbc0        0xc /home/lc/work/s32g/s32g399a/s32g399a-atf/build/s32g399ardb3/release/bl2/partition.o
                0x000000003430cbc0                get_partition_entry_list
 *fill*         0x000000003430cbcc        0x4 
 .text.parse_optee_image.isra.0
                0x000000003430cbd0       0x74 /home/lc/work/s32g/s32g399a/s32g399a-atf/build/s32g399ardb3/release/bl2/optee_utils.o
 *fill*         0x000000003430cc44        0xc 
 .text.parse_optee_header
                0x000000003430cc50      0x128 /home/lc/work/s32g/s32g399a/s32g399a-atf/build/s32g399ardb3/release/bl2/optee_utils.o
                0x000000003430cc50                parse_optee_header
 *fill*         0x000000003430cd78        0x8 
 .text.crc8poly
                0x000000003430cd80       0x68 /home/lc/work/s32g/s32g399a/s32g399a-atf/build/s32g399ardb3/release/bl2/crc8.o
                0x000000003430cd80                crc8poly
 *fill*         0x000000003430cde8        0x8 
 .text.xlat_arch_get_pas
                0x000000003430cdf0       0x14 /home/lc/work/s32g/s32g399a/s32g399a-atf/build/s32g399ardb3/release/bl2/xlat_tables_arch.o
                0x000000003430cdf0                xlat_arch_get_pas
 *fill*         0x000000003430ce04        0xc 
 .text.is_dcache_enabled
                0x000000003430ce10        0xc /home/lc/work/s32g/s32g399a/s32g399a-atf/build/s32g399ardb3/release/bl2/xlat_tables_arch.o
                0x000000003430ce10                is_dcache_enabled
 *fill*         0x000000003430ce1c        0x4 
 .text.xlat_arch_regime_get_xn_desc
                0x000000003430ce20       0x14 /home/lc/work/s32g/s32g399a/s32g399a-atf/build/s32g399ardb3/release/bl2/xlat_tables_arch.o
                0x000000003430ce20                xlat_arch_regime_get_xn_desc
 *fill*         0x000000003430ce34        0xc 
 .text.xlat_arch_tlbi_va
                0x000000003430ce40       0x30 /home/lc/work/s32g/s32g399a/s32g399a-atf/build/s32g399ardb3/release/bl2/xlat_tables_arch.o
                0x000000003430ce40                xlat_arch_tlbi_va
 .text.xlat_arch_current_el
                0x000000003430ce70        0xc /home/lc/work/s32g/s32g399a/s32g399a-atf/build/s32g399ardb3/release/bl2/xlat_tables_arch.o
                0x000000003430ce70                xlat_arch_current_el
 *fill*         0x000000003430ce7c        0x4 
 .text.setup_mmu_cfg
                0x000000003430ce80       0xa0 /home/lc/work/s32g/s32g399a/s32g399a-atf/build/s32g399ardb3/release/bl2/xlat_tables_arch.o
                0x000000003430ce80                setup_mmu_cfg
 .text.mmap_add_region
                0x000000003430cf20       0x3c /home/lc/work/s32g/s32g399a/s32g399a-atf/build/s32g399ardb3/release/bl2/xlat_tables_context.o
                0x000000003430cf20                mmap_add_region
 *fill*         0x000000003430cf5c        0x4 
 .text.mmap_add
                0x000000003430cf60       0x10 /home/lc/work/s32g/s32g399a/s32g399a-atf/build/s32g399ardb3/release/bl2/xlat_tables_context.o
                0x000000003430cf60                mmap_add
 .text.mmap_add_dynamic_region
                0x000000003430cf70       0x3c /home/lc/work/s32g/s32g399a/s32g399a-atf/build/s32g399ardb3/release/bl2/xlat_tables_context.o
                0x000000003430cf70                mmap_add_dynamic_region
 *fill*         0x000000003430cfac        0x4 
 .text.init_xlat_tables
                0x000000003430cfb0       0x38 /home/lc/work/s32g/s32g399a/s32g399a-atf/build/s32g399ardb3/release/bl2/xlat_tables_context.o
                0x000000003430cfb0                init_xlat_tables
 *fill*         0x000000003430cfe8        0x8 
 .text.enable_mmu_el3
                0x000000003430cff0       0x48 /home/lc/work/s32g/s32g399a/s32g399a-atf/build/s32g399ardb3/release/bl2/xlat_tables_context.o
                0x000000003430cff0                enable_mmu_el3
 *fill*         0x000000003430d038        0x8 
 .text.mmap_add_region_check
                0x000000003430d040      0x144 /home/lc/work/s32g/s32g399a/s32g399a-atf/build/s32g399ardb3/release/bl2/xlat_tables_core.o
 *fill*         0x000000003430d184        0xc 
 .text.xlat_tables_unmap_region
                0x000000003430d190      0x294 /home/lc/work/s32g/s32g399a/s32g399a-atf/build/s32g399ardb3/release/bl2/xlat_tables_core.o
 *fill*         0x000000003430d424        0xc 
 .text.xlat_desc
                0x000000003430d430      0x108 /home/lc/work/s32g/s32g399a/s32g399a-atf/build/s32g399ardb3/release/bl2/xlat_tables_core.o
                0x000000003430d430                xlat_desc
 *fill*         0x000000003430d538        0x8 
 .text.xlat_tables_map_region
                0x000000003430d540      0x308 /home/lc/work/s32g/s32g399a/s32g399a-atf/build/s32g399ardb3/release/bl2/xlat_tables_core.o
 *fill*         0x000000003430d848        0x8 
 .text.mmap_add_region_ctx
                0x000000003430d850      0x178 /home/lc/work/s32g/s32g399a/s32g399a-atf/build/s32g399ardb3/release/bl2/xlat_tables_core.o
                0x000000003430d850                mmap_add_region_ctx
 *fill*         0x000000003430d9c8        0x8 
 .text.mmap_add_ctx
                0x000000003430d9d0       0x44 /home/lc/work/s32g/s32g399a/s32g399a-atf/build/s32g399ardb3/release/bl2/xlat_tables_core.o
                0x000000003430d9d0                mmap_add_ctx
 *fill*         0x000000003430da14        0xc 
 .text.mmap_add_dynamic_region_ctx
                0x000000003430da20      0x290 /home/lc/work/s32g/s32g399a/s32g399a-atf/build/s32g399ardb3/release/bl2/xlat_tables_core.o
                0x000000003430da20                mmap_add_dynamic_region_ctx
 .text.init_xlat_tables_ctx
                0x000000003430dcb0      0x134 /home/lc/work/s32g/s32g399a/s32g399a-atf/build/s32g399ardb3/release/bl2/xlat_tables_core.o
                0x000000003430dcb0                init_xlat_tables_ctx
 *fill*         0x000000003430dde4        0xc 
 .text.xlat_mmap_print
                0x000000003430ddf0        0x4 /home/lc/work/s32g/s32g399a/s32g399a-atf/build/s32g399ardb3/release/bl2/xlat_tables_utils.o
                0x000000003430ddf0                xlat_mmap_print
 *fill*         0x000000003430ddf4        0xc 
 .text.xlat_tables_print
                0x000000003430de00        0x4 /home/lc/work/s32g/s32g399a/s32g399a-atf/build/s32g399ardb3/release/bl2/xlat_tables_utils.o
                0x000000003430de00                xlat_tables_print
 *fill*         0x000000003430de04        0xc 
 .text.bl2_el3_plat_prepare_exit
                0x000000003430de10        0x4 /home/lc/work/s32g/s32g399a/s32g399a-atf/build/s32g399ardb3/release/bl2/plat_bl_common.o
                0x000000003430de10                bl2_el3_plat_prepare_exit
 *fill*         0x000000003430de14        0xc 
 .text.plat_error_handler
                0x000000003430de20        0x8 /home/lc/work/s32g/s32g399a/s32g399a-atf/build/s32g399ardb3/release/bl2/plat_bl_common.o
                0x000000003430de20                plat_error_handler
 *fill*         0x000000003430de28        0x8 
 .text.bl2_plat_preload_setup
                0x000000003430de30        0x4 /home/lc/work/s32g/s32g399a/s32g399a-atf/build/s32g399ardb3/release/bl2/plat_bl_common.o
                0x000000003430de30                bl2_plat_preload_setup
 *fill*         0x000000003430de34        0xc 
 .text.plat_try_next_boot_source
                0x000000003430de40        0x8 /home/lc/work/s32g/s32g399a/s32g399a-atf/build/s32g399ardb3/release/bl2/plat_bl_common.o
                0x000000003430de40                plat_try_next_boot_source
 *fill*         0x000000003430de48        0x8 
 .text.plat_log_get_prefix
                0x000000003430de50       0x3c /home/lc/work/s32g/s32g399a/s32g399a-atf/build/s32g399ardb3/release/bl2/plat_log_common.o
                0x000000003430de50                plat_log_get_prefix
 *fill*         0x000000003430de8c        0x4 
 .text.bl2_copy_bl31_dtb
                0x000000003430de90       0x74 /home/lc/work/s32g/s32g399a/s32g399a-atf/build/s32g399ardb3/release/bl2/s32_bl2_common.o
                0x000000003430de90                bl2_copy_bl31_dtb
 *fill*         0x000000003430df04        0xc 
 .text.add_bl31_img_to_mem_params_descs
                0x000000003430df10       0xa8 /home/lc/work/s32g/s32g399a/s32g399a-atf/build/s32g399ardb3/release/bl2/s32_bl2_el3.o
                0x000000003430df10                add_bl31_img_to_mem_params_descs
 *fill*         0x000000003430dfb8        0x8 
 .text.add_bl32_img_to_mem_params_descs
                0x000000003430dfc0        0x8 /home/lc/work/s32g/s32g399a/s32g399a-atf/build/s32g399ardb3/release/bl2/s32_bl2_el3.o
                0x000000003430dfc0                add_bl32_img_to_mem_params_descs
 *fill*         0x000000003430dfc8        0x8 
 .text.add_bl32_extra1_img_to_mem_params_descs
                0x000000003430dfd0        0x8 /home/lc/work/s32g/s32g399a/s32g399a-atf/build/s32g399ardb3/release/bl2/s32_bl2_el3.o
                0x000000003430dfd0                add_bl32_extra1_img_to_mem_params_descs
 *fill*         0x000000003430dfd8        0x8 
 .text.add_bl33_img_to_mem_params_descs
                0x000000003430dfe0       0xb4 /home/lc/work/s32g/s32g399a/s32g399a-atf/build/s32g399ardb3/release/bl2/s32_bl2_el3.o
                0x000000003430dfe0                add_bl33_img_to_mem_params_descs
 *fill*         0x000000003430e094        0xc 
 .text.s32_el3_mmu_ddr_fixup
                0x000000003430e0a0       0x90 /home/lc/work/s32g/s32g399a/s32g399a-atf/build/s32g399ardb3/release/bl2/s32_bl2_el3.o
                0x000000003430e0a0                s32_el3_mmu_ddr_fixup
 .text.s32_el3_mmu_fixup
                0x000000003430e130      0x210 /home/lc/work/s32g/s32g399a/s32g399a-atf/build/s32g399ardb3/release/bl2/s32_bl2_el3.o
                0x000000003430e130                s32_el3_mmu_fixup
 .text.plat_get_bl_image_load_info
                0x000000003430e340        0x4 /home/lc/work/s32g/s32g399a/s32g399a-atf/build/s32g399ardb3/release/bl2/s32_bl2_el3.o
                0x000000003430e340                plat_get_bl_image_load_info
 *fill*         0x000000003430e344        0xc 
 .text.plat_get_next_bl_params
                0x000000003430e350        0x4 /home/lc/work/s32g/s32g399a/s32g399a-atf/build/s32g399ardb3/release/bl2/s32_bl2_el3.o
                0x000000003430e350                plat_get_next_bl_params
 *fill*         0x000000003430e354        0xc 
 .text.plat_flush_next_bl_params
                0x000000003430e360        0x4 /home/lc/work/s32g/s32g399a/s32g399a-atf/build/s32g399ardb3/release/bl2/s32_bl2_el3.o
                0x000000003430e360                plat_flush_next_bl_params
 *fill*         0x000000003430e364        0xc 
 .text.apply_bl2_fixups
                0x000000003430e370      0x300 /home/lc/work/s32g/s32g399a/s32g399a-atf/build/s32g399ardb3/release/bl2/s32_bl2_el3.o
                0x000000003430e370                apply_bl2_fixups
 .text.bl2_platform_setup
                0x000000003430e670        0x4 /home/lc/work/s32g/s32g399a/s32g399a-atf/build/s32g399ardb3/release/bl2/s32_bl2_el3.o
                0x000000003430e670                bl2_platform_setup
 *fill*         0x000000003430e674        0xc 
 .text.bl2_plat_handle_pre_image_load
                0x000000003430e680       0x60 /home/lc/work/s32g/s32g399a/s32g399a-atf/build/s32g399ardb3/release/bl2/s32_bl2_el3.o
                0x000000003430e680                bl2_plat_handle_pre_image_load
 .text.bl2_plat_handle_post_image_load
                0x000000003430e6e0       0x50 /home/lc/work/s32g/s32g399a/s32g399a-atf/build/s32g399ardb3/release/bl2/s32_bl2_el3.o
                0x000000003430e6e0                bl2_plat_handle_post_image_load
 .text.clear_swt_faults
                0x000000003430e730       0x2c /home/lc/work/s32g/s32g399a/s32g399a-atf/build/s32g399ardb3/release/bl2/s32_bl2_el3.o
                0x000000003430e730                clear_swt_faults
 *fill*         0x000000003430e75c        0x4 
 .text.get_reset_cause_str
                0x000000003430e760       0x24 /home/lc/work/s32g/s32g399a/s32g399a-atf/build/s32g399ardb3/release/bl2/s32_bl2_el3.o
                0x000000003430e760                get_reset_cause_str
 *fill*         0x000000003430e784        0xc 
 .text.is_lockstep_enabled
                0x000000003430e790       0x14 /home/lc/work/s32g/s32g399a/s32g399a-atf/build/s32g399ardb3/release/bl2/s32_bl_common.o
                0x000000003430e790                is_lockstep_enabled
 *fill*         0x000000003430e7a4        0xc 
 .text.deassert_ddr_reset
                0x000000003430e7b0       0x1c /home/lc/work/s32g/s32g399a/s32g399a-atf/build/s32g399ardb3/release/bl2/s32_bl_common.o
                0x000000003430e7b0                deassert_ddr_reset
 *fill*         0x000000003430e7cc        0x4 
 .text.s32_early_plat_init
                0x000000003430e7d0       0x40 /home/lc/work/s32g/s32g399a/s32g399a-atf/build/s32g399ardb3/release/bl2/s32_bl_common.o
                0x000000003430e7d0                s32_early_plat_init
 .text.s32_early_plat_setup
                0x000000003430e810       0x3c /home/lc/work/s32g/s32g399a/s32g399a-atf/build/s32g399ardb3/release/bl2/s32_bl_common.o
                0x000000003430e810                s32_early_plat_setup
 *fill*         0x000000003430e84c        0x4 
 .text.plat_get_syscnt_freq2
                0x000000003430e850        0xc /home/lc/work/s32g/s32g399a/s32g399a-atf/build/s32g399ardb3/release/bl2/s32_bl_common.o
                0x000000003430e850                plat_get_syscnt_freq2
 *fill*         0x000000003430e85c        0x4 
 .text.s32_add_i2c_module
                0x000000003430e860      0x100 /home/lc/work/s32g/s32g399a/s32g399a-atf/build/s32g399ardb3/release/bl2/s32_bl_common.o
                0x000000003430e860                s32_add_i2c_module
 .text.get_sdhc_clk_freq
                0x000000003430e960        0xc /home/lc/work/s32g/s32g399a/s32g399a-atf/build/s32g399ardb3/release/bl2/s32_bl_common.o
                0x000000003430e960                get_sdhc_clk_freq
 *fill*         0x000000003430e96c        0x4 
 .text.dt_open_and_check
                0x000000003430e970       0x44 /home/lc/work/s32g/s32g399a/s32g399a-atf/build/s32g399ardb3/release/bl2/s32_dt.o
                0x000000003430e970                dt_open_and_check
 *fill*         0x000000003430e9b4        0xc 
 .text.fdt_get_address
                0x000000003430e9c0       0x48 /home/lc/work/s32g/s32g399a/s32g399a-atf/build/s32g399ardb3/release/bl2/s32_dt.o
                0x000000003430e9c0                fdt_get_address
 *fill*         0x000000003430ea08        0x8 
 .text.fdt_get_status
                0x000000003430ea10       0x68 /home/lc/work/s32g/s32g399a/s32g399a-atf/build/s32g399ardb3/release/bl2/s32_dt.o
                0x000000003430ea10                fdt_get_status
 *fill*         0x000000003430ea78        0x8 
 .text.dt_fill_device_info
                0x000000003430ea80       0x98 /home/lc/work/s32g/s32g399a/s32g399a-atf/build/s32g399ardb3/release/bl2/s32_dt.o
                0x000000003430ea80                dt_fill_device_info
 *fill*         0x000000003430eb18        0x8 
 .text.console_s32_register
                0x000000003430eb20       0x54 /home/lc/work/s32g/s32g399a/s32g399a-atf/build/s32g399ardb3/release/bl2/s32_linflexuart.o
                0x000000003430eb20                console_s32_register
 *fill*         0x000000003430eb74        0xc 
 .text.mc_me_part_pupd_update_and_wait
                0x000000003430eb80       0x5c /home/lc/work/s32g/s32g399a/s32g399a-atf/build/s32g399ardb3/release/bl2/s32_mc_me.o
                0x000000003430eb80                mc_me_part_pupd_update_and_wait
 *fill*         0x000000003430ebdc        0x4 
 .text.s32_is_interconnect_disabled
                0x000000003430ebe0       0x18 /home/lc/work/s32g/s32g399a/s32g399a-atf/build/s32g399ardb3/release/bl2/s32_mc_me.o
                0x000000003430ebe0                s32_is_interconnect_disabled
 *fill*         0x000000003430ebf8        0x8 
 .text.s32_enable_interconnect
                0x000000003430ec00       0x48 /home/lc/work/s32g/s32g399a/s32g399a-atf/build/s32g399ardb3/release/bl2/s32_mc_me.o
                0x000000003430ec00                s32_enable_interconnect
 *fill*         0x000000003430ec48        0x8 
 .text.mc_me_enable_partition
                0x000000003430ec50      0x188 /home/lc/work/s32g/s32g399a/s32g399a-atf/build/s32g399ardb3/release/bl2/s32_mc_me.o
                0x000000003430ec50                mc_me_enable_partition
 *fill*         0x000000003430edd8        0x8 
 .text.mc_me_disable_partition
                0x000000003430ede0      0x180 /home/lc/work/s32g/s32g399a/s32g399a-atf/build/s32g399ardb3/release/bl2/s32_mc_me.o
                0x000000003430ede0                mc_me_disable_partition
 .text.s32_mc_rgm_read
                0x000000003430ef60       0x28 /home/lc/work/s32g/s32g399a/s32g399a-atf/build/s32g399ardb3/release/bl2/s32_mc_rgm.o
                0x000000003430ef60                s32_mc_rgm_read
 *fill*         0x000000003430ef88        0x8 
 .text.s32_mc_rgm_periph_reset
                0x000000003430ef90       0x98 /home/lc/work/s32g/s32g399a/s32g399a-atf/build/s32g399ardb3/release/bl2/s32_mc_rgm.o
                0x000000003430ef90                s32_mc_rgm_periph_reset
 *fill*         0x000000003430f028        0x8 
 .text.set_caiu
                0x000000003430f030       0xe4 /home/lc/work/s32g/s32g399a/s32g399a-atf/build/s32g399ardb3/release/bl2/s32_ncore.o
 *fill*         0x000000003430f114        0xc 
 .text.ncore_caiu_online
                0x000000003430f120        0x8 /home/lc/work/s32g/s32g399a/s32g399a-atf/build/s32g399ardb3/release/bl2/s32_ncore.o
                0x000000003430f120                ncore_caiu_online
 *fill*         0x000000003430f128        0x8 
 .text.ncore_init
                0x000000003430f130       0x94 /home/lc/work/s32g/s32g399a/s32g399a-atf/build/s32g399ardb3/release/bl2/s32_ncore.o
                0x000000003430f130                ncore_init
 *fill*         0x000000003430f1c4        0xc 
 .text.get_siul2_midr2_freq
                0x000000003430f1d0       0x98 /home/lc/work/s32g/s32g399a/s32g399a-atf/build/s32g399ardb3/release/bl2/s32_pinctrl.o
                0x000000003430f1d0                get_siul2_midr2_freq
 *fill*         0x000000003430f268        0x8 
 .text.s32_get_pin_addr
                0x000000003430f270       0x9c /home/lc/work/s32g/s32g399a/s32g399a-atf/build/s32g399ardb3/release/bl2/s32_pinctrl.o
                0x000000003430f270                s32_get_pin_addr
 *fill*         0x000000003430f30c        0x4 
 .text.s32_configure_peripheral_pinctrl
                0x000000003430f310      0x1b4 /home/lc/work/s32g/s32g399a/s32g399a-atf/build/s32g399ardb3/release/bl2/s32_pinctrl.o
                0x000000003430f310                s32_configure_peripheral_pinctrl
 *fill*         0x000000003430f4c4        0xc 
 .text.s32_plat_config_uart_pinctrl
                0x000000003430f4d0       0x4c /home/lc/work/s32g/s32g399a/s32g399a-atf/build/s32g399ardb3/release/bl2/s32_pinctrl.o
                0x000000003430f4d0                s32_plat_config_uart_pinctrl
 *fill*         0x000000003430f51c        0x4 
 .text.s32_plat_config_sdhc_pinctrl
                0x000000003430f520       0x50 /home/lc/work/s32g/s32g399a/s32g399a-atf/build/s32g399ardb3/release/bl2/s32_pinctrl.o
                0x000000003430f520                s32_plat_config_sdhc_pinctrl
 .text.plat_scmi_rstd_set_state
                0x000000003430f570       0x7c /home/lc/work/s32g/s32g399a/s32g399a-atf/build/s32g399ardb3/release/bl2/s32_scmi_rst.o
                0x000000003430f570                plat_scmi_rstd_set_state
 *fill*         0x000000003430f5ec        0x4 
 .text.s32_ssram_clear
                0x000000003430f5f0       0xbc /home/lc/work/s32g/s32g399a/s32g399a-atf/build/s32g399ardb3/release/bl2/s32_sramc.o
                0x000000003430f5f0                s32_ssram_clear
 *fill*         0x000000003430f6ac        0x4 
 .text.s32_sram_clear
                0x000000003430f6b0      0x1fc /home/lc/work/s32g/s32g399a/s32g399a-atf/build/s32g399ardb3/release/bl2/s32_sramc.o
                0x000000003430f6b0                s32_sram_clear
 *fill*         0x000000003430f8ac        0x4 
 .text.check_fip
                0x000000003430f8b0       0x78 /home/lc/work/s32g/s32g399a/s32g399a-atf/build/s32g399ardb3/release/bl2/s32_storage.o
 *fill*         0x000000003430f928        0x8 
 .text.check_dev
                0x000000003430f930       0x78 /home/lc/work/s32g/s32g399a/s32g399a-atf/build/s32g399ardb3/release/bl2/s32_storage.o
 *fill*         0x000000003430f9a8        0x8 
 .text.plat_get_image_source
                0x000000003430f9b0       0x68 /home/lc/work/s32g/s32g399a/s32g399a-atf/build/s32g399ardb3/release/bl2/s32_storage.o
                0x000000003430f9b0                plat_get_image_source
 *fill*         0x000000003430fa18        0x8 
 .text.s32_io_setup
                0x000000003430fa20      0x370 /home/lc/work/s32g/s32g399a/s32g399a-atf/build/s32g399ardb3/release/bl2/s32_storage.o
                0x000000003430fa20                s32_io_setup
 .text.platform_adjust_noc_settings
                0x000000003430fd90      0x150 /home/lc/work/s32g/s32g399a/s32g399a-atf/build/s32g399ardb3/release/bl2/s32g3_flexnoc.o
                0x000000003430fd90                platform_adjust_noc_settings
 .text.a53_to_sramc_offset
                0x000000003430fee0       0x34 /home/lc/work/s32g/s32g399a/s32g399a-atf/build/s32g399ardb3/release/bl2/s32g3_sramc.o
 *fill*         0x000000003430ff14        0xc 
 .text.s32_get_sramc
                0x000000003430ff20       0x18 /home/lc/work/s32g/s32g399a/s32g399a-atf/build/s32g399ardb3/release/bl2/s32g3_sramc.o
                0x000000003430ff20                s32_get_sramc
 *fill*         0x000000003430ff38        0x8 
 .text.pmic_setup
                0x000000003430ff40       0x60 /home/lc/work/s32g/s32g399a/s32g399a-atf/build/s32g399ardb3/release/bl2/s32g3_vr5510.o
                0x000000003430ff40                pmic_setup
 .text.bl2_el3_early_platform_setup
                0x000000003430ffa0      0x27c /home/lc/work/s32g/s32g399a/s32g399a-atf/build/s32g399ardb3/release/bl2/s32g_bl2_el3.o
                0x000000003430ffa0                bl2_el3_early_platform_setup
 *fill*         0x000000003431021c        0x4 
 .text.bl2_el3_plat_arch_setup
                0x0000000034310220       0xc0 /home/lc/work/s32g/s32g399a/s32g399a-atf/build/s32g399ardb3/release/bl2/s32g_bl2_el3.o
                0x0000000034310220                bl2_el3_plat_arch_setup
 .text.s32g_reinit_i2c
                0x00000000343102e0       0x5c /home/lc/work/s32g/s32g399a/s32g399a-atf/build/s32g399ardb3/release/bl2/s32g_bl_common.o
                0x00000000343102e0                s32g_reinit_i2c
 *fill*         0x000000003431033c        0x4 
 .text.dt_init_pmic
                0x0000000034310340      0x134 /home/lc/work/s32g/s32g399a/s32g399a-atf/build/s32g399ardb3/release/bl2/s32g_bl_common.o
                0x0000000034310340                dt_init_pmic
 *fill*         0x0000000034310474        0xc 
 .text.dt_init_ocotp
                0x0000000034310480       0x58 /home/lc/work/s32g/s32g399a/s32g399a-atf/build/s32g399ardb3/release/bl2/s32g_bl_common.o
                0x0000000034310480                dt_init_ocotp
 *fill*         0x00000000343104d8        0x8 
 .text.i2c_config_pinctrl
                0x00000000343104e0       0x88 /home/lc/work/s32g/s32g399a/s32g399a-atf/build/s32g399ardb3/release/bl2/s32g_pinctrl.o
                0x00000000343104e0                i2c_config_pinctrl
 *fill*         0x0000000034310568        0x8 
 .text.s32_config_linflex_pinctrl
                0x0000000034310570       0x1c /home/lc/work/s32g/s32g399a/s32g399a-atf/build/s32g399ardb3/release/bl2/s32g_pinctrl.o
                0x0000000034310570                s32_config_linflex_pinctrl
 *fill*         0x000000003431058c        0x4 
 .text.watchdog_refresh
                0x0000000034310590       0xc0 /home/lc/work/s32g/s32g399a/s32g399a-atf/build/s32g399ardb3/release/bl2/s32g_vr5510.o
 .text.pmic_disable_wdg
                0x0000000034310650      0x188 /home/lc/work/s32g/s32g399a/s32g399a-atf/build/s32g399ardb3/release/bl2/s32g_vr5510.o
                0x0000000034310650                pmic_disable_wdg
 *fill*         0x00000000343107d8        0x8 
 .text.fdt_ro_probe_
                0x00000000343107e0      0x10c /home/lc/work/s32g/s32g399a/s32g399a-atf/build/s32g399ardb3/release/lib/libfdt.a(fdt.o)
                0x00000000343107e0                fdt_ro_probe_
 *fill*         0x00000000343108ec        0x4 
 .text.fdt_check_header
                0x00000000343108f0      0x208 /home/lc/work/s32g/s32g399a/s32g399a-atf/build/s32g399ardb3/release/lib/libfdt.a(fdt.o)
                0x00000000343108f0                fdt_check_header
 *fill*         0x0000000034310af8        0x8 
 .text.fdt_offset_ptr
                0x0000000034310b00       0xd4 /home/lc/work/s32g/s32g399a/s32g399a-atf/build/s32g399ardb3/release/lib/libfdt.a(fdt.o)
                0x0000000034310b00                fdt_offset_ptr
 *fill*         0x0000000034310bd4        0xc 
 .text.fdt_next_tag
                0x0000000034310be0      0x158 /home/lc/work/s32g/s32g399a/s32g399a-atf/build/s32g399ardb3/release/lib/libfdt.a(fdt.o)
                0x0000000034310be0                fdt_next_tag
 *fill*         0x0000000034310d38        0x8 
 .text.fdt_check_node_offset_
                0x0000000034310d40       0x40 /home/lc/work/s32g/s32g399a/s32g399a-atf/build/s32g399ardb3/release/lib/libfdt.a(fdt.o)
                0x0000000034310d40                fdt_check_node_offset_
 .text.fdt_check_prop_offset_
                0x0000000034310d80       0x40 /home/lc/work/s32g/s32g399a/s32g399a-atf/build/s32g399ardb3/release/lib/libfdt.a(fdt.o)
                0x0000000034310d80                fdt_check_prop_offset_
 .text.fdt_next_node
                0x0000000034310dc0       0xf8 /home/lc/work/s32g/s32g399a/s32g399a-atf/build/s32g399ardb3/release/lib/libfdt.a(fdt.o)
                0x0000000034310dc0                fdt_next_node
 *fill*         0x0000000034310eb8        0x8 
 .text.fdt_first_subnode
                0x0000000034310ec0       0x34 /home/lc/work/s32g/s32g399a/s32g399a-atf/build/s32g399ardb3/release/lib/libfdt.a(fdt.o)
                0x0000000034310ec0                fdt_first_subnode
 *fill*         0x0000000034310ef4        0xc 
 .text.fdt_next_subnode
                0x0000000034310f00       0x54 /home/lc/work/s32g/s32g399a/s32g399a-atf/build/s32g399ardb3/release/lib/libfdt.a(fdt.o)
                0x0000000034310f00                fdt_next_subnode
 *fill*         0x0000000034310f54        0xc 
 .text.fdt_find_string_
                0x0000000034310f60       0x84 /home/lc/work/s32g/s32g399a/s32g399a-atf/build/s32g399ardb3/release/lib/libfdt.a(fdt.o)
                0x0000000034310f60                fdt_find_string_
 *fill*         0x0000000034310fe4        0xc 
 .text.fdt_address_cells
                0x0000000034310ff0       0x70 /home/lc/work/s32g/s32g399a/s32g399a-atf/build/s32g399ardb3/release/lib/libfdt.a(fdt_addresses.o)
                0x0000000034310ff0                fdt_address_cells
 .text.fdt_size_cells
                0x0000000034311060       0x64 /home/lc/work/s32g/s32g399a/s32g399a-atf/build/s32g399ardb3/release/lib/libfdt.a(fdt_addresses.o)
                0x0000000034311060                fdt_size_cells
 *fill*         0x00000000343110c4        0xc 
 .text.fdt_get_property_by_offset_
                0x00000000343110d0       0x7c /home/lc/work/s32g/s32g399a/s32g399a-atf/build/s32g399ardb3/release/lib/libfdt.a(fdt_ro.o)
 *fill*         0x000000003431114c        0x4 
 .text.fdt_get_string
                0x0000000034311150      0x190 /home/lc/work/s32g/s32g399a/s32g399a-atf/build/s32g399ardb3/release/lib/libfdt.a(fdt_ro.o)
                0x0000000034311150                fdt_get_string
 .text.fdt_get_property_namelen_
                0x00000000343112e0      0x194 /home/lc/work/s32g/s32g399a/s32g399a-atf/build/s32g399ardb3/release/lib/libfdt.a(fdt_ro.o)
 *fill*         0x0000000034311474        0xc 
 .text.fdt_get_name
                0x0000000034311480       0xe8 /home/lc/work/s32g/s32g399a/s32g399a-atf/build/s32g399ardb3/release/lib/libfdt.a(fdt_ro.o)
                0x0000000034311480                fdt_get_name
 *fill*         0x0000000034311568        0x8 
 .text.fdt_subnode_offset_namelen
                0x0000000034311570      0x114 /home/lc/work/s32g/s32g399a/s32g399a-atf/build/s32g399ardb3/release/lib/libfdt.a(fdt_ro.o)
                0x0000000034311570                fdt_subnode_offset_namelen
 *fill*         0x0000000034311684        0xc 
 .text.fdt_get_property
                0x0000000034311690       0x98 /home/lc/work/s32g/s32g399a/s32g399a-atf/build/s32g399ardb3/release/lib/libfdt.a(fdt_ro.o)
                0x0000000034311690                fdt_get_property
 *fill*         0x0000000034311728        0x8 
 .text.fdt_getprop_namelen
                0x0000000034311730       0x80 /home/lc/work/s32g/s32g399a/s32g399a-atf/build/s32g399ardb3/release/lib/libfdt.a(fdt_ro.o)
                0x0000000034311730                fdt_getprop_namelen
 .text.fdt_path_offset_namelen
                0x00000000343117b0      0x158 /home/lc/work/s32g/s32g399a/s32g399a-atf/build/s32g399ardb3/release/lib/libfdt.a(fdt_ro.o)
                0x00000000343117b0                fdt_path_offset_namelen
 *fill*         0x0000000034311908        0x8 
 .text.fdt_path_offset
                0x0000000034311910       0x34 /home/lc/work/s32g/s32g399a/s32g399a-atf/build/s32g399ardb3/release/lib/libfdt.a(fdt_ro.o)
                0x0000000034311910                fdt_path_offset
 *fill*         0x0000000034311944        0xc 
 .text.fdt_getprop
                0x0000000034311950       0x4c /home/lc/work/s32g/s32g399a/s32g399a-atf/build/s32g399ardb3/release/lib/libfdt.a(fdt_ro.o)
                0x0000000034311950                fdt_getprop
 *fill*         0x000000003431199c        0x4 
 .text.fdt_supernode_atdepth_offset
                0x00000000343119a0       0xd0 /home/lc/work/s32g/s32g399a/s32g399a-atf/build/s32g399ardb3/release/lib/libfdt.a(fdt_ro.o)
                0x00000000343119a0                fdt_supernode_atdepth_offset
 .text.fdt_parent_offset
                0x0000000034311a70       0x60 /home/lc/work/s32g/s32g399a/s32g399a-atf/build/s32g399ardb3/release/lib/libfdt.a(fdt_ro.o)
                0x0000000034311a70                fdt_parent_offset
 .text.fdt_node_offset_by_prop_value
                0x0000000034311ad0       0xc4 /home/lc/work/s32g/s32g399a/s32g399a-atf/build/s32g399ardb3/release/lib/libfdt.a(fdt_ro.o)
                0x0000000034311ad0                fdt_node_offset_by_prop_value
 *fill*         0x0000000034311b94        0xc 
 .text.fdt_stringlist_contains
                0x0000000034311ba0       0xb4 /home/lc/work/s32g/s32g399a/s32g399a-atf/build/s32g399ardb3/release/lib/libfdt.a(fdt_ro.o)
                0x0000000034311ba0                fdt_stringlist_contains
 *fill*         0x0000000034311c54        0xc 
 .text.fdt_node_check_compatible
                0x0000000034311c60       0x80 /home/lc/work/s32g/s32g399a/s32g399a-atf/build/s32g399ardb3/release/lib/libfdt.a(fdt_ro.o)
                0x0000000034311c60                fdt_node_check_compatible
 .text.fdt_node_offset_by_compatible
                0x0000000034311ce0       0xbc /home/lc/work/s32g/s32g399a/s32g399a-atf/build/s32g399ardb3/release/lib/libfdt.a(fdt_ro.o)
                0x0000000034311ce0                fdt_node_offset_by_compatible
 *fill*         0x0000000034311d9c        0x4 
 .text.fdt_blocks_misordered_
                0x0000000034311da0       0xe4 /home/lc/work/s32g/s32g399a/s32g399a-atf/build/s32g399ardb3/release/lib/libfdt.a(fdt_rw.o)
 *fill*         0x0000000034311e84        0xc 
 .text.fdt_rw_probe_
                0x0000000034311e90       0x9c /home/lc/work/s32g/s32g399a/s32g399a-atf/build/s32g399ardb3/release/lib/libfdt.a(fdt_rw.o)
 *fill*         0x0000000034311f2c        0x4 
 .text.fdt_splice_
                0x0000000034311f30       0xe0 /home/lc/work/s32g/s32g399a/s32g399a-atf/build/s32g399ardb3/release/lib/libfdt.a(fdt_rw.o)
 .text.fdt_splice_struct_
                0x0000000034312010       0x90 /home/lc/work/s32g/s32g399a/s32g399a-atf/build/s32g399ardb3/release/lib/libfdt.a(fdt_rw.o)
 .text.fdt_add_property_
                0x00000000343120a0      0x25c /home/lc/work/s32g/s32g399a/s32g399a-atf/build/s32g399ardb3/release/lib/libfdt.a(fdt_rw.o)
 *fill*         0x00000000343122fc        0x4 
 .text.fdt_setprop_placeholder
                0x0000000034312300      0x124 /home/lc/work/s32g/s32g399a/s32g399a-atf/build/s32g399ardb3/release/lib/libfdt.a(fdt_rw.o)
                0x0000000034312300                fdt_setprop_placeholder
 *fill*         0x0000000034312424        0xc 
 .text.fdt_setprop
                0x0000000034312430       0x68 /home/lc/work/s32g/s32g399a/s32g399a-atf/build/s32g399ardb3/release/lib/libfdt.a(fdt_rw.o)
                0x0000000034312430                fdt_setprop
 *fill*         0x0000000034312498        0x8 
 .text.fdt_appendprop
                0x00000000343124a0      0x114 /home/lc/work/s32g/s32g399a/s32g399a-atf/build/s32g399ardb3/release/lib/libfdt.a(fdt_rw.o)
                0x00000000343124a0                fdt_appendprop
 *fill*         0x00000000343125b4        0xc 
 .text.fdt_delprop
                0x00000000343125c0       0x90 /home/lc/work/s32g/s32g399a/s32g399a-atf/build/s32g399ardb3/release/lib/libfdt.a(fdt_rw.o)
                0x00000000343125c0                fdt_delprop
 .text.fdt_add_subnode_namelen
                0x0000000034312650      0x14c /home/lc/work/s32g/s32g399a/s32g399a-atf/build/s32g399ardb3/release/lib/libfdt.a(fdt_rw.o)
                0x0000000034312650                fdt_add_subnode_namelen
 *fill*         0x000000003431279c        0x4 
 .text.fdt_add_subnode
                0x00000000343127a0       0x44 /home/lc/work/s32g/s32g399a/s32g399a-atf/build/s32g399ardb3/release/lib/libfdt.a(fdt_rw.o)
                0x00000000343127a0                fdt_add_subnode
 *fill*         0x00000000343127e4        0xc 
 .text.fdt_strerror
                0x00000000343127f0       0x5c /home/lc/work/s32g/s32g399a/s32g399a-atf/build/s32g399ardb3/release/lib/libfdt.a(fdt_strerror.o)
                0x00000000343127f0                fdt_strerror
 *fill*         0x000000003431284c        0x4 
 .text.memchr   0x0000000034312850       0x34 /home/lc/work/s32g/s32g399a/s32g399a-atf/build/s32g399ardb3/release/lib/libc.a(memchr.o)
                0x0000000034312850                memchr
 *fill*         0x0000000034312884        0xc 
 .text.memcmp   0x0000000034312890       0x38 /home/lc/work/s32g/s32g399a/s32g399a-atf/build/s32g399ardb3/release/lib/libc.a(memcmp.o)
                0x0000000034312890                memcmp
 *fill*         0x00000000343128c8        0x8 
 .text.memcpy   0x00000000343128d0       0x20 /home/lc/work/s32g/s32g399a/s32g399a-atf/build/s32g399ardb3/release/lib/libc.a(memcpy.o)
                0x00000000343128d0                memcpy
 .text.memmove  0x00000000343128f0       0x50 /home/lc/work/s32g/s32g399a/s32g399a-atf/build/s32g399ardb3/release/lib/libc.a(memmove.o)
                0x00000000343128f0                memmove
 .text.memset   0x0000000034312940       0x94 /home/lc/work/s32g/s32g399a/s32g399a-atf/build/s32g399ardb3/release/lib/libc.a(memset.o)
                0x0000000034312940                memset
 *fill*         0x00000000343129d4        0xc 
 .text.unsigned_num_print.part.0
                0x00000000343129e0       0xfc /home/lc/work/s32g/s32g399a/s32g399a-atf/build/s32g399ardb3/release/lib/libc.a(printf.o)
 *fill*         0x0000000034312adc        0x4 
 .text.vprintf  0x0000000034312ae0      0x564 /home/lc/work/s32g/s32g399a/s32g399a-atf/build/s32g399ardb3/release/lib/libc.a(printf.o)
                0x0000000034312ae0                vprintf
 *fill*         0x0000000034313044        0xc 
 .text.unsigned_num_print
                0x0000000034313050      0x138 /home/lc/work/s32g/s32g399a/s32g399a-atf/build/s32g399ardb3/release/lib/libc.a(snprintf.o)
 *fill*         0x0000000034313188        0x8 
 .text.vsnprintf
                0x0000000034313190      0x600 /home/lc/work/s32g/s32g399a/s32g399a-atf/build/s32g399ardb3/release/lib/libc.a(snprintf.o)
                0x0000000034313190                vsnprintf
 .text.snprintf
                0x0000000034313790       0x4c /home/lc/work/s32g/s32g399a/s32g399a-atf/build/s32g399ardb3/release/lib/libc.a(snprintf.o)
                0x0000000034313790                snprintf
 *fill*         0x00000000343137dc        0x4 
 .text.strlcpy  0x00000000343137e0       0x64 /home/lc/work/s32g/s32g399a/s32g399a-atf/build/s32g399ardb3/release/lib/libc.a(strlcpy.o)
                0x00000000343137e0                strlcpy
 *fill*         0x0000000034313844        0xc 
 .text.strlen   0x0000000034313850       0x28 /home/lc/work/s32g/s32g399a/s32g399a-atf/build/s32g399ardb3/release/lib/libc.a(strlen.o)
                0x0000000034313850                strlen
 *fill*         0x0000000034313878        0x8 
 .text.strncmp  0x0000000034313880       0x3c /home/lc/work/s32g/s32g399a/s32g399a-atf/build/s32g399ardb3/release/lib/libc.a(strncmp.o)
                0x0000000034313880                strncmp
 *fill*         0x00000000343138bc        0x4 
 .text.strnlen  0x00000000343138c0       0x30 /home/lc/work/s32g/s32g399a/s32g399a-atf/build/s32g399ardb3/release/lib/libc.a(strnlen.o)
                0x00000000343138c0                strnlen
 .text.strrchr  0x00000000343138f0       0x28 /home/lc/work/s32g/s32g399a/s32g399a-atf/build/s32g399ardb3/release/lib/libc.a(strrchr.o)
                0x00000000343138f0                strrchr
 *(SORT_BY_ALIGNMENT(.rodata*))
 .rodata.build_message
                0x0000000034313918       0x1e /home/lc/work/s32g/s32g399a/s32g399a-atf/build/s32g399ardb3/release/bl2/build_message.o
                0x0000000034313918                build_message
 *fill*         0x0000000034313936        0x2 
 .rodata.version_string
                0x0000000034313938       0x1f /home/lc/work/s32g/s32g399a/s32g399a-atf/build/s32g399ardb3/release/bl2/build_message.o
                0x0000000034313938                version_string
 *fill*         0x0000000034313957        0x1 
 .rodata.fip_mem_offset
                0x0000000034313958        0x8 /home/lc/work/s32g/s32g399a/s32g399a-atf/build/s32g399ardb3/release/bl2/boot_info.o
                0x0000000034313958                fip_mem_offset
 .rodata.bl2_load_images.str1.8
                0x0000000034313960       0x88 /home/lc/work/s32g/s32g399a/s32g399a-atf/build/s32g399ardb3/release/bl2/bl2_image_load_v2.o
 .rodata.bl2_main.str1.8
                0x00000000343139e8       0x24 /home/lc/work/s32g/s32g399a/s32g399a-atf/build/s32g399ardb3/release/bl2/bl2_main.o
 *fill*         0x0000000034313a0c        0x4 
 .rodata.fdt_add_reserved_memory.str1.8
                0x0000000034313a10       0x5c /home/lc/work/s32g/s32g399a/s32g399a-atf/build/s32g399ardb3/release/bl2/fdt_fixup.o
 .rodata.fdt_get_reg_props_by_index.str1.8
                0x0000000034313a6c        0x4 /home/lc/work/s32g/s32g399a/s32g399a-atf/build/s32g399ardb3/release/bl2/fdt_wrappers.o
 *fill*         0x0000000034313a6c        0x4 
 .rodata.block_dev_connector
                0x0000000034313a70        0x8 /home/lc/work/s32g/s32g399a/s32g399a-atf/build/s32g399ardb3/release/bl2/io_block.o
 .rodata.block_dev_funcs
                0x0000000034313a78       0x48 /home/lc/work/s32g/s32g399a/s32g399a-atf/build/s32g399ardb3/release/bl2/io_block.o
 .rodata.fip_dev_connector
                0x0000000034313ac0        0x8 /home/lc/work/s32g/s32g399a/s32g399a-atf/build/s32g399ardb3/release/bl2/io_fip.o
 .rodata.fip_dev_funcs
                0x0000000034313ac8       0x48 /home/lc/work/s32g/s32g399a/s32g399a-atf/build/s32g399ardb3/release/bl2/io_fip.o
 .rodata.uuid_null.0
                0x0000000034313b10       0x10 /home/lc/work/s32g/s32g399a/s32g399a-atf/build/s32g399ardb3/release/bl2/io_fip.o
 .rodata.memmap_dev_connector
                0x0000000034313b20        0x8 /home/lc/work/s32g/s32g399a/s32g399a-atf/build/s32g399ardb3/release/bl2/io_memmap.o
 .rodata.memmap_dev_funcs
                0x0000000034313b28       0x48 /home/lc/work/s32g/s32g399a/s32g399a-atf/build/s32g399ardb3/release/bl2/io_memmap.o
 .rodata.mmc_device_state.str1.8
                0x0000000034313b70       0x20 /home/lc/work/s32g/s32g399a/s32g399a-atf/build/s32g399ardb3/release/bl2/mmc.o
 .rodata.mmc_set_ios.str1.8
                0x0000000034313b90       0x2a /home/lc/work/s32g/s32g399a/s32g399a-atf/build/s32g399ardb3/release/bl2/mmc.o
 *fill*         0x0000000034313bba        0x6 
 .rodata.mmc_init.str1.8
                0x0000000034313bc0       0x41 /home/lc/work/s32g/s32g399a/s32g399a-atf/build/s32g399ardb3/release/bl2/mmc.o
 *fill*         0x0000000034313c01        0x7 
 .rodata.sd_tran_speed_base
                0x0000000034313c08       0x10 /home/lc/work/s32g/s32g399a/s32g399a-atf/build/s32g399ardb3/release/bl2/mmc.o
 .rodata.tran_speed_base
                0x0000000034313c18       0x10 /home/lc/work/s32g/s32g399a/s32g399a-atf/build/s32g399ardb3/release/bl2/mmc.o
 .rodata.s32_reset_ddr_periph.str1.8
                0x0000000034313c28       0x24 /home/lc/work/s32g/s32g399a/s32g399a-atf/build/s32g399ardb3/release/bl2/early_clocks.o
 *fill*         0x0000000034313c4c        0x4 
 .rodata.s32_a53_clock_early_setup.str1.8
                0x0000000034313c50        0xa /home/lc/work/s32g/s32g399a/s32g399a-atf/build/s32g399ardb3/release/bl2/early_clocks.o
 *fill*         0x0000000034313c5a        0x6 
 .rodata.get_cgm_div_parent.str1.8
                0x0000000034313c60       0x2a /home/lc/work/s32g/s32g399a/s32g399a-atf/build/s32g399ardb3/release/bl2/enable_clk.o
 *fill*         0x0000000034313c8a        0x6 
 .rodata.get_dfs_div_parent.str1.8
                0x0000000034313c90       0x2a /home/lc/work/s32g/s32g399a/s32g399a-atf/build/s32g399ardb3/release/bl2/enable_clk.o
 *fill*         0x0000000034313cba        0x6 
 .rodata.get_dfs_parent.str1.8
                0x0000000034313cc0       0x22 /home/lc/work/s32g/s32g399a/s32g399a-atf/build/s32g399ardb3/release/bl2/enable_clk.o
 *fill*         0x0000000034313ce2        0x6 
 .rodata.get_pll_parent.str1.8
                0x0000000034313ce8       0x22 /home/lc/work/s32g/s32g399a/s32g399a-atf/build/s32g399ardb3/release/bl2/enable_clk.o
 *fill*         0x0000000034313d0a        0x6 
 .rodata.cgm_mux_clk_config.str1.8
                0x0000000034313d10       0x77 /home/lc/work/s32g/s32g399a/s32g399a-atf/build/s32g399ardb3/release/bl2/enable_clk.o
 *fill*         0x0000000034313d87        0x1 
 .rodata.exec_cb_with_refcount.part.0.str1.8
                0x0000000034313d88       0x3a /home/lc/work/s32g/s32g399a/s32g399a-atf/build/s32g399ardb3/release/bl2/enable_clk.o
 *fill*         0x0000000034313dc2        0x6 
 .rodata.get_mux_parent.str1.8
                0x0000000034313dc8       0x21 /home/lc/work/s32g/s32g399a/s32g399a-atf/build/s32g399ardb3/release/bl2/enable_clk.o
 *fill*         0x0000000034313de9        0x7 
 .rodata.enable_part_block.str1.8