Archive member included to satisfy reference by file (symbol)

/home/lc/work/s32g/s32g399a/s32g399a-atf/build/s32g399ardb3/release/lib/libfdt.a(fdt.o)
                              /home/lc/work/s32g/s32g399a/s32g399a-atf/build/s32g399ardb3/release/bl31/s32_dt.o (fdt_check_header)
/home/lc/work/s32g/s32g399a/s32g399a-atf/build/s32g399ardb3/release/lib/libfdt.a(fdt_addresses.o)
                              /home/lc/work/s32g/s32g399a/s32g399a-atf/build/s32g399ardb3/release/bl31/fdt_wrappers.o (fdt_address_cells)
/home/lc/work/s32g/s32g399a/s32g399a-atf/build/s32g399ardb3/release/lib/libfdt.a(fdt_ro.o)
                              /home/lc/work/s32g/s32g399a/s32g399a-atf/build/s32g399ardb3/release/bl31/fdt_wrappers.o (fdt_get_name)
/home/lc/work/s32g/s32g399a/s32g399a-atf/build/s32g399ardb3/release/lib/libfdt.a(fdt_rw.o)
                              /home/lc/work/s32g/s32g399a/s32g399a-atf/build/s32g399ardb3/release/lib/libfdt.a(fdt_addresses.o) (fdt_appendprop)
/home/lc/work/s32g/s32g399a/s32g399a-atf/build/s32g399ardb3/release/lib/libfdt.a(fdt_strerror.o)
                              /home/lc/work/s32g/s32g399a/s32g399a-atf/build/s32g399ardb3/release/bl31/fdt_wrappers.o (fdt_strerror)
/home/lc/work/s32g/s32g399a/s32g399a-atf/build/s32g399ardb3/release/lib/libfdt.a(fdt_wip.o)
                              /home/lc/work/s32g/s32g399a/s32g399a-atf/build/s32g399ardb3/release/bl31/fdt_wrappers.o (fdt_setprop_inplace_namelen_partial)
/home/lc/work/s32g/s32g399a/s32g399a-atf/build/s32g399ardb3/release/lib/libc.a(memchr.o)
                              /home/lc/work/s32g/s32g399a/s32g399a-atf/build/s32g399ardb3/release/lib/libfdt.a(fdt_ro.o) (memchr)
/home/lc/work/s32g/s32g399a/s32g399a-atf/build/s32g399ardb3/release/lib/libc.a(memcmp.o)
                              /home/lc/work/s32g/s32g399a/s32g399a-atf/build/s32g399ardb3/release/bl31/clk.o (memcmp)
/home/lc/work/s32g/s32g399a/s32g399a-atf/build/s32g399ardb3/release/lib/libc.a(memcpy.o)
                              /home/lc/work/s32g/s32g399a/s32g399a-atf/build/s32g399ardb3/release/bl31/fdt_wrappers.o (memcpy)
/home/lc/work/s32g/s32g399a/s32g399a-atf/build/s32g399ardb3/release/lib/libc.a(memmove.o)
                              /home/lc/work/s32g/s32g399a/s32g399a-atf/build/s32g399ardb3/release/bl31/xlat_tables_core.o (memmove)
/home/lc/work/s32g/s32g399a/s32g399a-atf/build/s32g399ardb3/release/lib/libc.a(memset.o)
                              /home/lc/work/s32g/s32g399a/s32g399a-atf/build/s32g399ardb3/release/bl31/runtime_svc.o (memset)
/home/lc/work/s32g/s32g399a/s32g399a-atf/build/s32g399ardb3/release/lib/libc.a(printf.o)
                              /home/lc/work/s32g/s32g399a/s32g399a-atf/build/s32g399ardb3/release/bl31/tf_log.o (vprintf)
/home/lc/work/s32g/s32g399a/s32g399a-atf/build/s32g399ardb3/release/lib/libc.a(strchr.o)
                              /home/lc/work/s32g/s32g399a/s32g399a-atf/build/s32g399ardb3/release/bl31/fdt_wrappers.o (strchr)
/home/lc/work/s32g/s32g399a/s32g399a-atf/build/s32g399ardb3/release/lib/libc.a(strlcpy.o)
                              /home/lc/work/s32g/s32g399a/s32g399a-atf/build/s32g399ardb3/release/bl31/fdt_wrappers.o (strlcpy)
/home/lc/work/s32g/s32g399a/s32g399a-atf/build/s32g399ardb3/release/lib/libc.a(strlen.o)
                              /home/lc/work/s32g/s32g399a/s32g399a-atf/build/s32g399ardb3/release/bl31/fdt_wrappers.o (strlen)
/home/lc/work/s32g/s32g399a/s32g399a-atf/build/s32g399ardb3/release/lib/libc.a(strncmp.o)
                              /home/lc/work/s32g/s32g399a/s32g399a-atf/build/s32g399ardb3/release/bl31/fdt_wrappers.o (strncmp)
/home/lc/work/s32g/s32g399a/s32g399a-atf/build/s32g399ardb3/release/lib/libc.a(strnlen.o)
                              /home/lc/work/s32g/s32g399a/s32g399a-atf/build/s32g399ardb3/release/bl31/clk.o (strnlen)
/home/lc/work/s32g/s32g399a/s32g399a-atf/build/s32g399ardb3/release/lib/libc.a(strrchr.o)
                              /home/lc/work/s32g/s32g399a/s32g399a-atf/build/s32g399ardb3/release/lib/libfdt.a(fdt_ro.o) (strrchr)

Discarded input sections

 .text          0x0000000000000000        0x0 /home/lc/work/s32g/s32g399a/s32g399a-atf/build/s32g399ardb3/release/bl31/build_message.o
 .data          0x0000000000000000        0x0 /home/lc/work/s32g/s32g399a/s32g399a-atf/build/s32g399ardb3/release/bl31/build_message.o
 .bss           0x0000000000000000        0x0 /home/lc/work/s32g/s32g399a/s32g399a-atf/build/s32g399ardb3/release/bl31/build_message.o
 .rodata.version
                0x0000000000000000        0x7 /home/lc/work/s32g/s32g399a/s32g399a-atf/build/s32g399ardb3/release/bl31/build_message.o
 .text          0x0000000000000000        0x0 /home/lc/work/s32g/s32g399a/s32g399a-atf/build/s32g399ardb3/release/bl31/boot_info.o
 .data          0x0000000000000000        0x0 /home/lc/work/s32g/s32g399a/s32g399a-atf/build/s32g399ardb3/release/bl31/boot_info.o
[...]
Memory Configuration

Name             Origin             Length             Attributes
RAM              0x00000000ff600000 0x00000000001fffff xrw
*default*        0x0000000000000000 0xffffffffffffffff

Linker script and memory map

                0x00000000ff600000                RAM_REGION_START = ORIGIN (RAM)
                0x00000000001fffff                RAM_REGION_LENGTH = LENGTH (RAM)
                0x00000000ff600000                . = 0xff600000
                0x0000000000000001                ASSERT ((. == ALIGN (0x1000)), BL31_BASE address is not aligned on a page boundary.)
                0x00000000ff600000                __BL31_START__ = .

.ro             0x00000000ff600000    0x1d000
                0x00000000ff600000                __RO_START__ = .
 *bl31_entrypoint.o(SORT_BY_ALIGNMENT(.text*))
 .text.asm.bl31_entrypoint
                0x00000000ff600000       0xe0 /home/lc/work/s32g/s32g399a/s32g399a-atf/build/s32g399ardb3/release/bl31/bl31_entrypoint.o
                0x00000000ff600000                bl31_entrypoint
 .text.asm.bl31_warm_entrypoint
                0x00000000ff6000e0       0x74 /home/lc/work/s32g/s32g399a/s32g399a-atf/build/s32g399ardb3/release/bl31/bl31_entrypoint.o
                0x00000000ff6000e0                bl31_warm_entrypoint
 *(SORT_BY_ALIGNMENT(.text*))
 *fill*         0x00000000ff600154        0xc 
 .text.cm_get_context
                0x00000000ff600160       0x14 /home/lc/work/s32g/s32g399a/s32g399a-atf/build/s32g399ardb3/release/bl31/bl31_context_mgmt.o
                0x00000000ff600160                cm_get_context
 *fill*         0x00000000ff600174        0xc 
 .text.cm_get_context_by_index
                0x00000000ff600180       0x2c /home/lc/work/s32g/s32g399a/s32g399a-atf/build/s32g399ardb3/release/bl31/bl31_context_mgmt.o
                0x00000000ff600180                cm_get_context_by_index
 *fill*         0x00000000ff6001ac        0x4 
 .text.cm_set_context_by_index
                0x00000000ff6001b0       0x30 /home/lc/work/s32g/s32g399a/s32g399a-atf/build/s32g399ardb3/release/bl31/bl31_context_mgmt.o
                0x00000000ff6001b0                cm_set_context_by_index
 .text.get_arm_std_svc_args
                0x00000000ff6001e0        0xc /home/lc/work/s32g/s32g399a/s32g399a-atf/build/s32g399ardb3/release/bl31/bl31_main.o
                0x00000000ff6001e0                get_arm_std_svc_args
 *fill*         0x00000000ff6001ec        0x4 
 .text.bl31_setup
                0x00000000ff6001f0       0x14 /home/lc/work/s32g/s32g399a/s32g399a-atf/build/s32g399ardb3/release/bl31/bl31_main.o
                0x00000000ff6001f0                bl31_setup
 *fill*         0x00000000ff600204        0xc 
 .text.bl31_prepare_next_image_entry
                0x00000000ff600210       0x74 /home/lc/work/s32g/s32g399a/s32g399a-atf/build/s32g399ardb3/release/bl31/bl31_main.o
                0x00000000ff600210                bl31_prepare_next_image_entry
 *fill*         0x00000000ff600284        0xc 
 .text.bl31_main
                0x00000000ff600290       0x74 /home/lc/work/s32g/s32g399a/s32g399a-atf/build/s32g399ardb3/release/bl31/bl31_main.o
                0x00000000ff600290                bl31_main
 *fill*         0x00000000ff600304        0xc 
 .text.handle_sysreg_trap
                0x00000000ff600310        0x8 /home/lc/work/s32g/s32g399a/s32g399a-atf/build/s32g399ardb3/release/bl31/bl31_traps.o
                0x00000000ff600310                handle_sysreg_trap
 *fill*         0x00000000ff600318        0x8 
 .text.get_scr_el3_from_routing_model
                0x00000000ff600320       0x28 /home/lc/work/s32g/s32g399a/s32g399a-atf/build/s32g399ardb3/release/bl31/interrupt_mgmt.o
                0x00000000ff600320                get_scr_el3_from_routing_model
 *fill*         0x00000000ff600348        0x8 
 .text.get_interrupt_type_handler
                0x00000000ff600350       0x40 /home/lc/work/s32g/s32g399a/s32g399a-atf/build/s32g399ardb3/release/bl31/interrupt_mgmt.o
                0x00000000ff600350                get_interrupt_type_handler
 .text.print_entry_point_info
                0x00000000ff600390        0x4 /home/lc/work/s32g/s32g399a/s32g399a-atf/build/s32g399ardb3/release/bl31/bl_common.o
                0x00000000ff600390                print_entry_point_info
 *fill*         0x00000000ff600394        0xc 
 .text.fdt_get_reg_props_by_index
                0x00000000ff6003a0      0x11c /home/lc/work/s32g/s32g399a/s32g399a-atf/build/s32g399ardb3/release/bl31/fdt_wrappers.o
                0x00000000ff6003a0                fdt_get_reg_props_by_index
 *fill*         0x00000000ff6004bc        0x4 
 .text.runtime_svc_init
                0x00000000ff6004c0      0x158 /home/lc/work/s32g/s32g399a/s32g399a-atf/build/s32g399ardb3/release/bl31/runtime_svc.o
                0x00000000ff6004c0                runtime_svc_init
 *fill*         0x00000000ff600618        0x8 
 .text.tf_log   0x00000000ff600620       0xa0 /home/lc/work/s32g/s32g399a/s32g399a-atf/build/s32g399ardb3/release/bl31/tf_log.o
                0x00000000ff600620                tf_log
 .text.arm_gicv3_distif_pre_save
                0x00000000ff6006c0       0x2c /home/lc/work/s32g/s32g399a/s32g399a-atf/build/s32g399ardb3/release/bl31/arm_gicv3_common.o
                0x00000000ff6006c0                arm_gicv3_distif_pre_save
 *fill*         0x00000000ff6006ec        0x4 
 .text.arm_gicv3_distif_post_restore
                0x00000000ff6006f0       0x34 /home/lc/work/s32g/s32g399a/s32g399a-atf/build/s32g399ardb3/release/bl31/arm_gicv3_common.o
                0x00000000ff6006f0                arm_gicv3_distif_post_restore
 *fill*         0x00000000ff600724        0xc 
 .text.gicv3_distif_pre_save
                0x00000000ff600730        0x4 /home/lc/work/s32g/s32g399a/s32g399a-atf/build/s32g399ardb3/release/bl31/gic-x00.o
                0x00000000ff600730                gicv3_distif_pre_save
 *fill*         0x00000000ff600734        0xc 
 .text.gicv3_distif_post_restore
                0x00000000ff600740        0x4 /home/lc/work/s32g/s32g399a/s32g399a-atf/build/s32g399ardb3/release/bl31/gic-x00.o
                0x00000000ff600740                gicv3_distif_post_restore
 *fill*         0x00000000ff600744        0xc 
 .text.gicv3_rdistif_on
                0x00000000ff600750        0x4 /home/lc/work/s32g/s32g399a/s32g399a-atf/build/s32g399ardb3/release/bl31/gic-x00.o
                0x00000000ff600750                gicv3_rdistif_on
 *fill*         0x00000000ff600754        0xc 
 .text.gicv3_check_erratas_applies
                0x00000000ff600760       0x1c /home/lc/work/s32g/s32g399a/s32g399a-atf/build/s32g399ardb3/release/bl31/gic-x00.o
                0x00000000ff600760                gicv3_check_erratas_applies
 *fill*         0x00000000ff60077c        0x4 
 .text.gicd_set_icfgr
                0x00000000ff600780       0x30 /home/lc/work/s32g/s32g399a/s32g399a-atf/build/s32g399ardb3/release/bl31/gicdv3_helpers.o
                0x00000000ff600780                gicd_set_icfgr
 .text.gicd_set_igroupr
                0x00000000ff6007b0       0x20 /home/lc/work/s32g/s32g399a/s32g399a-atf/build/s32g399ardb3/release/bl31/gicdv3_helpers.o
                0x00000000ff6007b0                gicd_set_igroupr
 .text.gicd_clr_igroupr
                0x00000000ff6007d0       0x20 /home/lc/work/s32g/s32g399a/s32g399a-atf/build/s32g399ardb3/release/bl31/gicdv3_helpers.o
                0x00000000ff6007d0                gicd_clr_igroupr
 .text.gicd_set_igrpmodr
                0x00000000ff6007f0       0x20 /home/lc/work/s32g/s32g399a/s32g399a-atf/build/s32g399ardb3/release/bl31/gicdv3_helpers.o
                0x00000000ff6007f0                gicd_set_igrpmodr
 .text.gicd_clr_igrpmodr
                0x00000000ff600810       0x20 /home/lc/work/s32g/s32g399a/s32g399a-atf/build/s32g399ardb3/release/bl31/gicdv3_helpers.o
                0x00000000ff600810                gicd_clr_igrpmodr
 .text.gicd_set_icenabler
                0x00000000ff600830       0x18 /home/lc/work/s32g/s32g399a/s32g399a-atf/build/s32g399ardb3/release/bl31/gicdv3_helpers.o
                0x00000000ff600830                gicd_set_icenabler
 *fill*         0x00000000ff600848        0x8 
 .text.gicd_set_icpendr
                0x00000000ff600850       0x18 /home/lc/work/s32g/s32g399a/s32g399a-atf/build/s32g399ardb3/release/bl31/gicdv3_helpers.o
                0x00000000ff600850                gicd_set_icpendr
 *fill*         0x00000000ff600868        0x8 
 .text.gicd_set_isenabler
                0x00000000ff600870       0x18 /home/lc/work/s32g/s32g399a/s32g399a-atf/build/s32g399ardb3/release/bl31/gicdv3_helpers.o
                0x00000000ff600870                gicd_set_isenabler
 *fill*         0x00000000ff600888        0x8 
 .text.gicd_set_ipriorityr
                0x00000000ff600890       0x10 /home/lc/work/s32g/s32g399a/s32g399a-atf/build/s32g399ardb3/release/bl31/gicdv3_helpers.o
                0x00000000ff600890                gicd_set_ipriorityr
 .text.gicd_read_icfgr
                0x00000000ff6008a0       0x10 /home/lc/work/s32g/s32g399a/s32g399a-atf/build/s32g399ardb3/release/bl31/gicdv3_helpers.o
                0x00000000ff6008a0                gicd_read_icfgr
 .text.gicd_write_icfgr
                0x00000000ff6008b0       0x10 /home/lc/work/s32g/s32g399a/s32g399a-atf/build/s32g399ardb3/release/bl31/gicdv3_helpers.o
                0x00000000ff6008b0                gicd_write_icfgr
 .text.gicd_read_igroupr
                0x00000000ff6008c0       0x10 /home/lc/work/s32g/s32g399a/s32g399a-atf/build/s32g399ardb3/release/bl31/gicdv3_helpers.o
                0x00000000ff6008c0                gicd_read_igroupr
 .text.gicd_write_igroupr
                0x00000000ff6008d0       0x10 /home/lc/work/s32g/s32g399a/s32g399a-atf/build/s32g399ardb3/release/bl31/gicdv3_helpers.o
                0x00000000ff6008d0                gicd_write_igroupr
 .text.gicd_read_igrpmodr
                0x00000000ff6008e0       0x10 /home/lc/work/s32g/s32g399a/s32g399a-atf/build/s32g399ardb3/release/bl31/gicdv3_helpers.o
                0x00000000ff6008e0                gicd_read_igrpmodr
 .text.gicd_write_igrpmodr
                0x00000000ff6008f0       0x10 /home/lc/work/s32g/s32g399a/s32g399a-atf/build/s32g399ardb3/release/bl31/gicdv3_helpers.o
                0x00000000ff6008f0                gicd_write_igrpmodr
 .text.gicd_read_ipriorityr
                0x00000000ff600900       0x10 /home/lc/work/s32g/s32g399a/s32g399a-atf/build/s32g399ardb3/release/bl31/gicdv3_helpers.o
                0x00000000ff600900                gicd_read_ipriorityr
 .text.gicd_write_ipriorityr
                0x00000000ff600910       0x10 /home/lc/work/s32g/s32g399a/s32g399a-atf/build/s32g399ardb3/release/bl31/gicdv3_helpers.o
                0x00000000ff600910                gicd_write_ipriorityr
 .text.gicd_read_isactiver
                0x00000000ff600920       0x10 /home/lc/work/s32g/s32g399a/s32g399a-atf/build/s32g399ardb3/release/bl31/gicdv3_helpers.o
                0x00000000ff600920                gicd_read_isactiver
 .text.gicd_write_isactiver
                0x00000000ff600930       0x10 /home/lc/work/s32g/s32g399a/s32g399a-atf/build/s32g399ardb3/release/bl31/gicdv3_helpers.o
                0x00000000ff600930                gicd_write_isactiver
 .text.gicd_read_isenabler
                0x00000000ff600940       0x10 /home/lc/work/s32g/s32g399a/s32g399a-atf/build/s32g399ardb3/release/bl31/gicdv3_helpers.o
                0x00000000ff600940                gicd_read_isenabler
 .text.gicd_write_isenabler
                0x00000000ff600950       0x10 /home/lc/work/s32g/s32g399a/s32g399a-atf/build/s32g399ardb3/release/bl31/gicdv3_helpers.o
                0x00000000ff600950                gicd_write_isenabler
 .text.gicd_read_ispendr
                0x00000000ff600960       0x10 /home/lc/work/s32g/s32g399a/s32g399a-atf/build/s32g399ardb3/release/bl31/gicdv3_helpers.o
                0x00000000ff600960                gicd_read_ispendr
 .text.gicd_write_ispendr
                0x00000000ff600970       0x10 /home/lc/work/s32g/s32g399a/s32g399a-atf/build/s32g399ardb3/release/bl31/gicdv3_helpers.o
                0x00000000ff600970                gicd_write_ispendr
 .text.gicd_read_nsacr
                0x00000000ff600980       0x10 /home/lc/work/s32g/s32g399a/s32g399a-atf/build/s32g399ardb3/release/bl31/gicdv3_helpers.o
                0x00000000ff600980                gicd_read_nsacr
 .text.gicd_write_nsacr
                0x00000000ff600990       0x10 /home/lc/work/s32g/s32g399a/s32g399a-atf/build/s32g399ardb3/release/bl31/gicdv3_helpers.o
                0x00000000ff600990                gicd_write_nsacr
 .text.gicr_write_ipriorityr
                0x00000000ff6009a0       0x14 /home/lc/work/s32g/s32g399a/s32g399a-atf/build/s32g399ardb3/release/bl31/gicrv3_helpers.o
                0x00000000ff6009a0                gicr_write_ipriorityr
 *fill*         0x00000000ff6009b4        0xc 
 .text.gicr_set_ipriorityr
                0x00000000ff6009c0       0x14 /home/lc/work/s32g/s32g399a/s32g399a-atf/build/s32g399ardb3/release/bl31/gicrv3_helpers.o
                0x00000000ff6009c0                gicr_set_ipriorityr
 *fill*         0x00000000ff6009d4        0xc 
 .text.gicr_set_igroupr
                0x00000000ff6009e0       0x24 /home/lc/work/s32g/s32g399a/s32g399a-atf/build/s32g399ardb3/release/bl31/gicrv3_helpers.o
                0x00000000ff6009e0                gicr_set_igroupr
 *fill*         0x00000000ff600a04        0xc 
 .text.gicr_clr_igroupr
                0x00000000ff600a10       0x24 /home/lc/work/s32g/s32g399a/s32g399a-atf/build/s32g399ardb3/release/bl31/gicrv3_helpers.o
                0x00000000ff600a10                gicr_clr_igroupr
 *fill*         0x00000000ff600a34        0xc 
 .text.gicr_set_igrpmodr
                0x00000000ff600a40       0x24 /home/lc/work/s32g/s32g399a/s32g399a-atf/build/s32g399ardb3/release/bl31/gicrv3_helpers.o
                0x00000000ff600a40                gicr_set_igrpmodr
 *fill*         0x00000000ff600a64        0xc 
 .text.gicr_clr_igrpmodr
                0x00000000ff600a70       0x24 /home/lc/work/s32g/s32g399a/s32g399a-atf/build/s32g399ardb3/release/bl31/gicrv3_helpers.o
                0x00000000ff600a70                gicr_clr_igrpmodr
 *fill*         0x00000000ff600a94        0xc 
 .text.gicr_set_isenabler
                0x00000000ff600aa0       0x1c /home/lc/work/s32g/s32g399a/s32g399a-atf/build/s32g399ardb3/release/bl31/gicrv3_helpers.o
                0x00000000ff600aa0                gicr_set_isenabler
 *fill*         0x00000000ff600abc        0x4 
 .text.gicr_set_icenabler
                0x00000000ff600ac0       0x1c /home/lc/work/s32g/s32g399a/s32g399a-atf/build/s32g399ardb3/release/bl31/gicrv3_helpers.o
                0x00000000ff600ac0                gicr_set_icenabler
 *fill*         0x00000000ff600adc        0x4 
 .text.gicr_set_icpendr
                0x00000000ff600ae0       0x1c /home/lc/work/s32g/s32g399a/s32g399a-atf/build/s32g399ardb3/release/bl31/gicrv3_helpers.o
                0x00000000ff600ae0                gicr_set_icpendr
 *fill*         0x00000000ff600afc        0x4 
 .text.gicr_set_icfgr
                0x00000000ff600b00       0x34 /home/lc/work/s32g/s32g399a/s32g399a-atf/build/s32g399ardb3/release/bl31/gicrv3_helpers.o
                0x00000000ff600b00                gicr_set_icfgr
 *fill*         0x00000000ff600b34        0xc 
 .text.gicv3_get_multichip_base
                0x00000000ff600b40        0x8 /home/lc/work/s32g/s32g399a/s32g399a-atf/build/s32g399ardb3/release/bl31/gicv3_helpers.o
                0x00000000ff600b40                gicv3_get_multichip_base
 *fill*         0x00000000ff600b48        0x8 
 .text.gicv3_rdistif_mark_core_awake
                0x00000000ff600b50       0x1c /home/lc/work/s32g/s32g399a/s32g399a-atf/build/s32g399ardb3/release/bl31/gicv3_helpers.o
                0x00000000ff600b50                gicv3_rdistif_mark_core_awake
 *fill*         0x00000000ff600b6c        0x4 
 .text.gicv3_rdistif_mark_core_asleep
                0x00000000ff600b70       0x1c /home/lc/work/s32g/s32g399a/s32g399a-atf/build/s32g399ardb3/release/bl31/gicv3_helpers.o
                0x00000000ff600b70                gicv3_rdistif_mark_core_asleep
 *fill*         0x00000000ff600b8c        0x4 
 .text.gicv3_rdistif_base_addrs_probe
                0x00000000ff600b90       0x6c /home/lc/work/s32g/s32g399a/s32g399a-atf/build/s32g399ardb3/release/bl31/gicv3_helpers.o
                0x00000000ff600b90                gicv3_rdistif_base_addrs_probe
 *fill*         0x00000000ff600bfc        0x4 
 .text.gicv3_get_spi_limit
                0x00000000ff600c00       0x1c /home/lc/work/s32g/s32g399a/s32g399a-atf/build/s32g399ardb3/release/bl31/gicv3_helpers.o
                0x00000000ff600c00                gicv3_get_spi_limit
 *fill*         0x00000000ff600c1c        0x4 
 .text.gicv3_spis_config_defaults
                0x00000000ff600c20       0xa4 /home/lc/work/s32g/s32g399a/s32g399a-atf/build/s32g399ardb3/release/bl31/gicv3_helpers.o
                0x00000000ff600c20                gicv3_spis_config_defaults
 *fill*         0x00000000ff600cc4        0xc 
 .text.gicv3_secure_spis_config_props
                0x00000000ff600cd0      0x110 /home/lc/work/s32g/s32g399a/s32g399a-atf/build/s32g399ardb3/release/bl31/gicv3_helpers.o
                0x00000000ff600cd0                gicv3_secure_spis_config_props
 .text.gicv3_ppi_sgi_config_defaults
                0x00000000ff600de0       0x74 /home/lc/work/s32g/s32g399a/s32g399a-atf/build/s32g399ardb3/release/bl31/gicv3_helpers.o
                0x00000000ff600de0                gicv3_ppi_sgi_config_defaults
 *fill*         0x00000000ff600e54        0xc 
 .text.gicv3_secure_ppi_sgi_config_props
                0x00000000ff600e60      0x108 /home/lc/work/s32g/s32g399a/s32g399a-atf/build/s32g399ardb3/release/bl31/gicv3_helpers.o
                0x00000000ff600e60                gicv3_secure_ppi_sgi_config_props
 *fill*         0x00000000ff600f68        0x8 
 .text.gicv3_get_component_prodid_rev
                0x00000000ff600f70       0x18 /home/lc/work/s32g/s32g399a/s32g399a-atf/build/s32g399ardb3/release/bl31/gicv3_helpers.o
                0x00000000ff600f70                gicv3_get_component_prodid_rev
 *fill*         0x00000000ff600f88        0x8 
 .text.gicv3_driver_init
                0x00000000ff600f90       0x78 /home/lc/work/s32g/s32g399a/s32g399a-atf/build/s32g399ardb3/release/bl31/gicv3_main.o
                0x00000000ff600f90                gicv3_driver_init
 *fill*         0x00000000ff601008        0x8 
 .text.gicv3_distif_init
                0x00000000ff601010       0x8c /home/lc/work/s32g/s32g399a/s32g399a-atf/build/s32g399ardb3/release/bl31/gicv3_main.o
                0x00000000ff601010                gicv3_distif_init
 *fill*         0x00000000ff60109c        0x4 
 .text.gicv3_rdistif_init
                0x00000000ff6010a0       0x88 /home/lc/work/s32g/s32g399a/s32g399a-atf/build/s32g399ardb3/release/bl31/gicv3_main.o
                0x00000000ff6010a0                gicv3_rdistif_init
 *fill*         0x00000000ff601128        0x8 
 .text.gicv3_cpuif_enable
                0x00000000ff601130       0x90 /home/lc/work/s32g/s32g399a/s32g399a-atf/build/s32g399ardb3/release/bl31/gicv3_main.o
                0x00000000ff601130                gicv3_cpuif_enable
 .text.gicv3_cpuif_disable
                0x00000000ff6011c0       0x40 /home/lc/work/s32g/s32g399a/s32g399a-atf/build/s32g399ardb3/release/bl31/gicv3_main.o
                0x00000000ff6011c0                gicv3_cpuif_disable
 .text.gicv3_get_pending_interrupt_id
                0x00000000ff601200       0x24 /home/lc/work/s32g/s32g399a/s32g399a-atf/build/s32g399ardb3/release/bl31/gicv3_main.o
                0x00000000ff601200                gicv3_get_pending_interrupt_id
 *fill*         0x00000000ff601224        0xc 
 .text.gicv3_get_pending_interrupt_type
                0x00000000ff601230        0xc /home/lc/work/s32g/s32g399a/s32g399a-atf/build/s32g399ardb3/release/bl31/gicv3_main.o
                0x00000000ff601230                gicv3_get_pending_interrupt_type
 *fill*         0x00000000ff60123c        0x4 
 .text.gicv3_rdistif_save
                0x00000000ff601240       0xe8 /home/lc/work/s32g/s32g399a/s32g399a-atf/build/s32g399ardb3/release/bl31/gicv3_main.o
                0x00000000ff601240                gicv3_rdistif_save
 *fill*         0x00000000ff601328        0x8 
 .text.gicv3_rdistif_init_restore
                0x00000000ff601330      0x140 /home/lc/work/s32g/s32g399a/s32g399a-atf/build/s32g399ardb3/release/bl31/gicv3_main.o
                0x00000000ff601330                gicv3_rdistif_init_restore
 .text.gicv3_distif_save
                0x00000000ff601470      0x208 /home/lc/work/s32g/s32g399a/s32g399a-atf/build/s32g399ardb3/release/bl31/gicv3_main.o
                0x00000000ff601470                gicv3_distif_save
 *fill*         0x00000000ff601678        0x8 
 .text.gicv3_distif_init_restore
                0x00000000ff601680      0x238 /home/lc/work/s32g/s32g399a/s32g399a-atf/build/s32g399ardb3/release/bl31/gicv3_main.o
                0x00000000ff601680                gicv3_distif_init_restore
 *fill*         0x00000000ff6018b8        0x8 
 .text.gicv3_enable_interrupt
                0x00000000ff6018c0       0x74 /home/lc/work/s32g/s32g399a/s32g399a-atf/build/s32g399ardb3/release/bl31/gicv3_main.o
                0x00000000ff6018c0                gicv3_enable_interrupt
 *fill*         0x00000000ff601934        0xc 
 .text.gicv3_disable_interrupt
                0x00000000ff601940       0xb0 /home/lc/work/s32g/s32g399a/s32g399a-atf/build/s32g399ardb3/release/bl31/gicv3_main.o
                0x00000000ff601940                gicv3_disable_interrupt
 .text.gicv3_set_interrupt_group
                0x00000000ff6019f0      0x1a4 /home/lc/work/s32g/s32g399a/s32g399a-atf/build/s32g399ardb3/release/bl31/gicv3_main.o
                0x00000000ff6019f0                gicv3_set_interrupt_group
 *fill*         0x00000000ff601b94        0xc 
 .text.gicv3_raise_sgi
                0x00000000ff601ba0       0x70 /home/lc/work/s32g/s32g399a/s32g399a-atf/build/s32g399ardb3/release/bl31/gicv3_main.o
                0x00000000ff601ba0                gicv3_raise_sgi
 .text.gicv3_clear_interrupt_pending
                0x00000000ff601c10       0x80 /home/lc/work/s32g/s32g399a/s32g399a-atf/build/s32g399ardb3/release/bl31/gicv3_main.o
                0x00000000ff601c10                gicv3_clear_interrupt_pending
 .text.console_putc
                0x00000000ff601c90       0xb8 /home/lc/work/s32g/s32g399a/s32g399a-atf/build/s32g399ardb3/release/bl31/multi_console.o
                0x00000000ff601c90                console_putc
 *fill*         0x00000000ff601d48        0x8 
 .text.putchar  0x00000000ff601d50       0x28 /home/lc/work/s32g/s32g399a/s32g399a-atf/build/s32g399ardb3/release/bl31/multi_console.o
                0x00000000ff601d50                putchar
 *fill*         0x00000000ff601d78        0x8 
 .text.console_flush
                0x00000000ff601d80       0x54 /home/lc/work/s32g/s32g399a/s32g399a-atf/build/s32g399ardb3/release/bl31/multi_console.o
                0x00000000ff601d80                console_flush
 *fill*         0x00000000ff601dd4        0xc 
 .text.udelay   0x00000000ff601de0       0x6c /home/lc/work/s32g/s32g399a/s32g399a-atf/build/s32g399ardb3/release/bl31/delay_timer.o
                0x00000000ff601de0                udelay
 *fill*         0x00000000ff601e4c        0x4 
 .text.timer_init
                0x00000000ff601e50        0xc /home/lc/work/s32g/s32g399a/s32g399a-atf/build/s32g399ardb3/release/bl31/delay_timer.o
                0x00000000ff601e50                timer_init
 *fill*         0x00000000ff601e5c        0x4 
 .text.get_timer_value
                0x00000000ff601e60        0xc /home/lc/work/s32g/s32g399a/s32g399a-atf/build/s32g399ardb3/release/bl31/generic_delay_timer.o
 *fill*         0x00000000ff601e6c        0x4 
 .text.generic_delay_timer_init
                0x00000000ff601e70       0x94 /home/lc/work/s32g/s32g399a/s32g399a-atf/build/s32g399ardb3/release/bl31/generic_delay_timer.o
                0x00000000ff601e70                generic_delay_timer_init
 *fill*         0x00000000ff601f04        0xc 
 .text.allocate_clk_driver
                0x00000000ff601f10        0xc /home/lc/work/s32g/s32g399a/s32g399a-atf/build/s32g399ardb3/release/bl31/clk.o
                0x00000000ff601f10                allocate_clk_driver
 *fill*         0x00000000ff601f1c        0x4 
 .text.set_clk_driver_name
                0x00000000ff601f20       0x40 /home/lc/work/s32g/s32g399a/s32g399a-atf/build/s32g399ardb3/release/bl31/clk.o
                0x00000000ff601f20                set_clk_driver_name
 .text.get_clk_driver_by_name
                0x00000000ff601f60       0xc8 /home/lc/work/s32g/s32g399a/s32g399a-atf/build/s32g399ardb3/release/bl31/clk.o
                0x00000000ff601f60                get_clk_driver_by_name
 *fill*         0x00000000ff602028        0x8 
 .text.dt_clk_init
                0x00000000ff602030       0x7c /home/lc/work/s32g/s32g399a/s32g399a-atf/build/s32g399ardb3/release/bl31/clk.o
                0x00000000ff602030                dt_clk_init
 *fill*         0x00000000ff6020ac        0x4 
 .text.get_clk  0x00000000ff6020b0       0xa0 /home/lc/work/s32g/s32g399a/s32g399a-atf/build/s32g399ardb3/release/bl31/clk.o
                0x00000000ff6020b0                get_clk
 .text.dt_clk_apply_defaults
                0x00000000ff602150      0x2c0 /home/lc/work/s32g/s32g399a/s32g399a-atf/build/s32g399ardb3/release/bl31/clk.o
                0x00000000ff602150                dt_clk_apply_defaults
 .text.s32_a53_clock_setup
                0x00000000ff602410      0x16c /home/lc/work/s32g/s32g399a/s32g399a-atf/build/s32g399ardb3/release/bl31/early_clocks.o
                0x00000000ff602410                s32_a53_clock_setup
 *fill*         0x00000000ff60257c        0x4 
 .text.get_clk_parent
                0x00000000ff602580       0x18 /home/lc/work/s32g/s32g399a/s32g399a-atf/build/s32g399ardb3/release/bl31/enable_clk.o
 *fill*         0x00000000ff602598        0x8 
 .text.get_part_link_parent
                0x00000000ff6025a0        0x8 /home/lc/work/s32g/s32g399a/s32g399a-atf/build/s32g399ardb3/release/bl31/enable_clk.o
 *fill*         0x00000000ff6025a8        0x8 
 .text.get_part_block_parent
                0x00000000ff6025b0        0x8 /home/lc/work/s32g/s32g399a/s32g399a-atf/build/s32g399ardb3/release/bl31/enable_clk.o
 *fill*         0x00000000ff6025b8        0x8 
 .text.get_part_block_link_parent
                0x00000000ff6025c0        0x8 /home/lc/work/s32g/s32g399a/s32g399a-atf/build/s32g399ardb3/release/bl31/enable_clk.o
 *fill*         0x00000000ff6025c8        0x8 
 .text.no_parent
                0x00000000ff6025d0        0x8 /home/lc/work/s32g/s32g399a/s32g399a-atf/build/s32g399ardb3/release/bl31/enable_clk.o
 *fill*         0x00000000ff6025d8        0x8 
 .text.get_fixed_div_parent
                0x00000000ff6025e0        0x8 /home/lc/work/s32g/s32g399a/s32g399a-atf/build/s32g399ardb3/release/bl31/enable_clk.o
 *fill*         0x00000000ff6025e8        0x8 
 .text.get_pll_div_parent
                0x00000000ff6025f0        0x8 /home/lc/work/s32g/s32g399a/s32g399a-atf/build/s32g399ardb3/release/bl31/enable_clk.o
 *fill*         0x00000000ff6025f8        0x8 
 .text.no_enable
                0x00000000ff602600        0x8 /home/lc/work/s32g/s32g399a/s32g399a-atf/build/s32g399ardb3/release/bl31/enable_clk.o
 *fill*         0x00000000ff602608        0x8 
 .text.get_cgm_div_parent
                0x00000000ff602610       0x34 /home/lc/work/s32g/s32g399a/s32g399a-atf/build/s32g399ardb3/release/bl31/enable_clk.o
 *fill*         0x00000000ff602644        0xc 
 .text.get_dfs_div_parent
                0x00000000ff602650       0x34 /home/lc/work/s32g/s32g399a/s32g399a-atf/build/s32g399ardb3/release/bl31/enable_clk.o
 *fill*         0x00000000ff602684        0xc 
 .text.get_dfs_parent
                0x00000000ff602690       0x34 /home/lc/work/s32g/s32g399a/s32g399a-atf/build/s32g399ardb3/release/bl31/enable_clk.o
 *fill*         0x00000000ff6026c4        0xc 
 .text.get_pll_parent
                0x00000000ff6026d0       0x34 /home/lc/work/s32g/s32g399a/s32g399a-atf/build/s32g399ardb3/release/bl31/enable_clk.o
 *fill*         0x00000000ff602704        0xc 
 .text.cgm_mux_clk_config
                0x00000000ff602710      0x100 /home/lc/work/s32g/s32g399a/s32g399a-atf/build/s32g399ardb3/release/bl31/enable_clk.o
 .text.enable_part
                0x00000000ff602810       0x24 /home/lc/work/s32g/s32g399a/s32g399a-atf/build/s32g399ardb3/release/bl31/enable_clk.o
 *fill*         0x00000000ff602834        0xc 
 .text.enable_dfs
                0x00000000ff602840       0x5c /home/lc/work/s32g/s32g399a/s32g399a-atf/build/s32g399ardb3/release/bl31/enable_clk.o
 *fill*         0x00000000ff60289c        0x4 
 .text.exec_cb_with_refcount.part.0
                0x00000000ff6028a0       0xa8 /home/lc/work/s32g/s32g399a/s32g399a-atf/build/s32g399ardb3/release/bl31/enable_clk.o
 *fill*         0x00000000ff602948        0x8 
 .text.get_mux_parent
                0x00000000ff602950       0x48 /home/lc/work/s32g/s32g399a/s32g399a-atf/build/s32g399ardb3/release/bl31/enable_clk.o
 *fill*         0x00000000ff602998        0x8 
 .text.enable_part_block
                0x00000000ff6029a0      0x108 /home/lc/work/s32g/s32g399a/s32g399a-atf/build/s32g399ardb3/release/bl31/enable_clk.o
 *fill*         0x00000000ff602aa8        0x8 
 .text.enable_osc
                0x00000000ff602ab0       0x9c /home/lc/work/s32g/s32g399a/s32g399a-atf/build/s32g399ardb3/release/bl31/enable_clk.o
 *fill*         0x00000000ff602b4c        0x4 
 .text.enable_cgm_div
                0x00000000ff602b50      0x438 /home/lc/work/s32g/s32g399a/s32g399a-atf/build/s32g399ardb3/release/bl31/enable_clk.o
 *fill*         0x00000000ff602f88        0x8 
 .text.enable_dfs_div
                0x00000000ff602f90      0x804 /home/lc/work/s32g/s32g399a/s32g399a-atf/build/s32g399ardb3/release/bl31/enable_clk.o
 *fill*         0x00000000ff603794        0xc 
 .text.s32gen1_platclk2mux
                0x00000000ff6037a0        0xc /home/lc/work/s32g/s32g399a/s32g399a-atf/build/s32g399ardb3/release/bl31/enable_clk.o
                0x00000000ff6037a0                s32gen1_platclk2mux
 *fill*         0x00000000ff6037ac        0x4 
 .text.s32gen1_cgm_mux_to_safe
                0x00000000ff6037b0       0x54 /home/lc/work/s32g/s32g399a/s32g399a-atf/build/s32g399ardb3/release/bl31/enable_clk.o
                0x00000000ff6037b0                s32gen1_cgm_mux_to_safe
 *fill*         0x00000000ff603804        0xc 
 .text.s32gen1_enable_cgm_mux
                0x00000000ff603810      0x1cc /home/lc/work/s32g/s32g399a/s32g399a-atf/build/s32g399ardb3/release/bl31/enable_clk.o
                0x00000000ff603810                s32gen1_enable_cgm_mux
 *fill*         0x00000000ff6039dc        0x4 
 .text.enable_pll_div
                0x00000000ff6039e0      0x41c /home/lc/work/s32g/s32g399a/s32g399a-atf/build/s32g399ardb3/release/bl31/enable_clk.o
 *fill*         0x00000000ff603dfc        0x4 
 .text.enable_mux
                0x00000000ff603e00       0xd0 /home/lc/work/s32g/s32g399a/s32g399a-atf/build/s32g399ardb3/release/bl31/enable_clk.o
 .text.get_pll_mfi_mfn
                0x00000000ff603ed0      0x410 /home/lc/work/s32g/s32g399a/s32g399a-atf/build/s32g399ardb3/release/bl31/enable_clk.o
                0x00000000ff603ed0                get_pll_mfi_mfn
 .text.enable_pll
                0x00000000ff6042e0      0x724 /home/lc/work/s32g/s32g399a/s32g399a-atf/build/s32g399ardb3/release/bl31/enable_clk.o
 *fill*         0x00000000ff604a04        0xc 
 .text.pllclk2clk
                0x00000000ff604a10       0x34 /home/lc/work/s32g/s32g399a/s32g399a-atf/build/s32g399ardb3/release/bl31/enable_clk.o
                0x00000000ff604a10                pllclk2clk
 *fill*         0x00000000ff604a44        0xc 
 .text.get_module_parent
                0x00000000ff604a50       0x64 /home/lc/work/s32g/s32g399a/s32g399a-atf/build/s32g399ardb3/release/bl31/enable_clk.o
                0x00000000ff604a50                get_module_parent
 *fill*         0x00000000ff604ab4        0xc 
 .text.enable_module
                0x00000000ff604ac0      0x198 /home/lc/work/s32g/s32g399a/s32g399a-atf/build/s32g399ardb3/release/bl31/enable_clk.o
 *fill*         0x00000000ff604c58        0x8 
 .text.enable_part_block_link
                0x00000000ff604c60       0xa4 /home/lc/work/s32g/s32g399a/s32g399a-atf/build/s32g399ardb3/release/bl31/enable_clk.o
 *fill*         0x00000000ff604d04        0xc 
 .text.enable_part_link
                0x00000000ff604d10       0xa4 /home/lc/work/s32g/s32g399a/s32g399a-atf/build/s32g399ardb3/release/bl31/enable_clk.o
 *fill*         0x00000000ff604db4        0xc 
 .text.s32gen1_enable
                0x00000000ff604dc0      0x148 /home/lc/work/s32g/s32g399a/s32g399a-atf/build/s32g399ardb3/release/bl31/enable_clk.o
                0x00000000ff604dc0                s32gen1_enable
 *fill*         0x00000000ff604f08        0x8 
 .text.fixed_clk_request
                0x00000000ff604f10        0x8 /home/lc/work/s32g/s32g399a/s32g399a-atf/build/s32g399ardb3/release/bl31/fixed_clk.o
 *fill*         0x00000000ff604f18        0x8 
 .text.fixed_clk_get_rate
                0x00000000ff604f20       0x10 /home/lc/work/s32g/s32g399a/s32g399a-atf/build/s32g399ardb3/release/bl31/fixed_clk.o
 .text.dt_init_fixed_clk
                0x00000000ff604f30      0x174 /home/lc/work/s32g/s32g399a/s32g399a-atf/build/s32g399ardb3/release/bl31/fixed_clk.o
                0x00000000ff604f30                dt_init_fixed_clk
 *fill*         0x00000000ff6050a4        0xc 
 .text.compute_dfs_div_freq
                0x00000000ff6050b0      0x270 /home/lc/work/s32g/s32g399a/s32g399a-atf/build/s32g399ardb3/release/bl31/get_rate.o
 .text.get_mfi_value
                0x00000000ff605320      0x27c /home/lc/work/s32g/s32g399a/s32g399a-atf/build/s32g399ardb3/release/bl31/get_rate.o
 *fill*         0x00000000ff60559c        0x4 
 .text.populate_scaler_rates.isra.0
                0x00000000ff6055a0      0xa84 /home/lc/work/s32g/s32g399a/s32g399a-atf/build/s32g399ardb3/release/bl31/get_rate.o
 *fill*         0x00000000ff606024        0xc 
 .text.get_module_rate
                0x00000000ff606030      0xb44 /home/lc/work/s32g/s32g399a/s32g399a-atf/build/s32g399ardb3/release/bl31/get_rate.o
                0x00000000ff606030                get_module_rate
 *fill*         0x00000000ff606b74        0xc 
 .text.s32gen1_get_rate
                0x00000000ff606b80       0x68 /home/lc/work/s32g/s32g399a/s32g399a-atf/build/s32g399ardb3/release/bl31/get_rate.o
                0x00000000ff606b80                s32gen1_get_rate
 *fill*         0x00000000ff606be8        0x8 
 .text.s32gen1_get_maxrate
                0x00000000ff606bf0       0x64 /home/lc/work/s32g/s32g399a/s32g399a-atf/build/s32g399ardb3/release/bl31/get_rate.o
                0x00000000ff606bf0                s32gen1_get_maxrate
 *fill*         0x00000000ff606c54        0xc 
 .text.s32gen1_get_minrate
                0x00000000ff606c60       0x64 /home/lc/work/s32g/s32g399a/s32g399a-atf/build/s32g399ardb3/release/bl31/get_rate.o
                0x00000000ff606c60                s32gen1_get_minrate
 *fill*         0x00000000ff606cc4        0xc 
 .text.s32gen1_get_rates
                0x00000000ff606cd0      0xb88 /home/lc/work/s32g/s32g399a/s32g399a-atf/build/s32g399ardb3/release/bl31/get_rate.o
                0x00000000ff606cd0                s32gen1_get_rates
 *fill*         0x00000000ff607858        0x8 
 .text.mmap_clk_regions
                0x00000000ff607860      0x1c8 /home/lc/work/s32g/s32g399a/s32g399a-atf/build/s32g399ardb3/release/bl31/plat_clk.o
                0x00000000ff607860                mmap_clk_regions
 *fill*         0x00000000ff607a28        0x8 
 .text.s32gen1_clk_probe.constprop.0
                0x00000000ff607a30      0x2b4 /home/lc/work/s32g/s32g399a/s32g399a-atf/build/s32g399ardb3/release/bl31/plat_clk.o
 *fill*         0x00000000ff607ce4        0xc 
 .text.get_base_addr
                0x00000000ff607cf0       0xe4 /home/lc/work/s32g/s32g399a/s32g399a-atf/build/s32g399ardb3/release/bl31/plat_clk.o
                0x00000000ff607cf0                get_base_addr
 *fill*         0x00000000ff607dd4        0xc 
 .text.dt_init_plat_clk
                0x00000000ff607de0       0xdc /home/lc/work/s32g/s32g399a/s32g399a-atf/build/s32g399ardb3/release/bl31/plat_clk.o
                0x00000000ff607de0                dt_init_plat_clk
 *fill*         0x00000000ff607ebc        0x4 
 .text.s32g_get_plat_cc_clock
                0x00000000ff607ec0       0x34 /home/lc/work/s32g/s32g399a/s32g399a-atf/build/s32g399ardb3/release/bl31/s32g3_clk.o
                0x00000000ff607ec0                s32g_get_plat_cc_clock
 *fill*         0x00000000ff607ef4        0xc 
 .text.s32g_get_plat_clock
                0x00000000ff607f00       0x34 /home/lc/work/s32g/s32g399a/s32g399a-atf/build/s32g399ardb3/release/bl31/s32g3_clk.o
                0x00000000ff607f00                s32g_get_plat_clock
 *fill*         0x00000000ff607f34        0xc 
 .text.cc_compound_clk_get_pid
                0x00000000ff607f40       0x6c /home/lc/work/s32g/s32g399a/s32g399a-atf/build/s32g399ardb3/release/bl31/s32g3_clk.o
                0x00000000ff607f40                cc_compound_clk_get_pid
 *fill*         0x00000000ff607fac        0x4 
 .text.get_plat_cc_clock
                0x00000000ff607fb0       0x48 /home/lc/work/s32g/s32g399a/s32g399a-atf/build/s32g399ardb3/release/bl31/s32g_clk.o
                0x00000000ff607fb0                get_plat_cc_clock
 *fill*         0x00000000ff607ff8        0x8 
 .text.get_plat_clock
                0x00000000ff608000       0x44 /home/lc/work/s32g/s32g399a/s32g399a-atf/build/s32g399ardb3/release/bl31/s32g_clk.o
                0x00000000ff608000                get_plat_clock
 *fill*         0x00000000ff608044        0xc 
 .text.s32g_compound2clkid
                0x00000000ff608050      0x120 /home/lc/work/s32g/s32g399a/s32g399a-atf/build/s32g399ardb3/release/bl31/s32g_scmi_ids.o
 .text.plat_scmi_id2clk
                0x00000000ff608170       0x60 /home/lc/work/s32g/s32g399a/s32g399a-atf/build/s32g399ardb3/release/bl31/s32g_scmi_ids.o
                0x00000000ff608170                plat_scmi_id2clk
 .text.plat_compound_clk_get
                0x00000000ff6081d0       0x50 /home/lc/work/s32g/s32g399a/s32g399a-atf/build/s32g399ardb3/release/bl31/s32g_scmi_ids.o
                0x00000000ff6081d0                plat_compound_clk_get
 .text.plat_compound_clk_set_parents
                0x00000000ff608220      0x334 /home/lc/work/s32g/s32g399a/s32g399a-atf/build/s32g399ardb3/release/bl31/s32g_scmi_ids.o
                0x00000000ff608220                plat_compound_clk_set_parents
 *fill*         0x00000000ff608554        0xc 
 .text.plat_compound_clk_enable
                0x00000000ff608560      0x12c /home/lc/work/s32g/s32g399a/s32g399a-atf/build/s32g399ardb3/release/bl31/s32g_scmi_ids.o
                0x00000000ff608560                plat_compound_clk_enable
 *fill*         0x00000000ff60868c        0x4 
 .text.plat_compound_clk_set_rate
                0x00000000ff608690      0x118 /home/lc/work/s32g/s32g399a/s32g399a-atf/build/s32g399ardb3/release/bl31/s32g_scmi_ids.o
                0x00000000ff608690                plat_compound_clk_set_rate
 *fill*         0x00000000ff6087a8        0x8 
 .text.plat_compound_clk_get_rate
                0x00000000ff6087b0       0xa4 /home/lc/work/s32g/s32g399a/s32g399a-atf/build/s32g399ardb3/release/bl31/s32g_scmi_ids.o
                0x00000000ff6087b0                plat_compound_clk_get_rate
 *fill*         0x00000000ff608854        0xc 
 .text.plat_get_nclocks
                0x00000000ff608860        0x8 /home/lc/work/s32g/s32g399a/s32g399a-atf/build/s32g399ardb3/release/bl31/s32g_scmi_ids.o
                0x00000000ff608860                plat_get_nclocks
 *fill*         0x00000000ff608868        0x8 
 .text.plat_scmi_clk_get_name
                0x00000000ff608870       0x2c /home/lc/work/s32g/s32g399a/s32g399a-atf/build/s32g399ardb3/release/bl31/s32g_scmi_ids.o
                0x00000000ff608870                plat_scmi_clk_get_name
 *fill*         0x00000000ff60889c        0x4 
 .text.plat_scmi_clk_get_rates
                0x00000000ff6088a0       0xe0 /home/lc/work/s32g/s32g399a/s32g399a-atf/build/s32g399ardb3/release/bl31/s32g_scmi_ids.o
                0x00000000ff6088a0                plat_scmi_clk_get_rates
 .text.get_clock
                0x00000000ff608980       0x74 /home/lc/work/s32g/s32g399a/s32g399a-atf/build/s32g399ardb3/release/bl31/s32gen1_clk.o
                0x00000000ff608980                get_clock
 *fill*         0x00000000ff6089f4        0xc 
 .text.s32gen1_get_early_clks_freqs
                0x00000000ff608a00       0xbc /home/lc/work/s32g/s32g399a/s32g399a-atf/build/s32g399ardb3/release/bl31/s32gen1_clk.o
                0x00000000ff608a00                s32gen1_get_early_clks_freqs
 *fill*         0x00000000ff608abc        0x4 
 .text.s32gen1_scmi_request
                0x00000000ff608ac0       0xa8 /home/lc/work/s32g/s32g399a/s32g399a-atf/build/s32g399ardb3/release/bl31/s32gen1_scmi_clk.o
                0x00000000ff608ac0                s32gen1_scmi_request
 *fill*         0x00000000ff608b68        0x8 
 .text.s32gen1_scmi_get_rate
                0x00000000ff608b70       0x98 /home/lc/work/s32g/s32g399a/s32g399a-atf/build/s32g399ardb3/release/bl31/s32gen1_scmi_clk.o
                0x00000000ff608b70                s32gen1_scmi_get_rate
 *fill*         0x00000000ff608c08        0x8 
 .text.s32gen1_scmi_set_rate
                0x00000000ff608c10       0xa8 /home/lc/work/s32g/s32g399a/s32g399a-atf/build/s32g399ardb3/release/bl31/s32gen1_scmi_clk.o
                0x00000000ff608c10                s32gen1_scmi_set_rate
 *fill*         0x00000000ff608cb8        0x8 
 .text.s32gen1_scmi_set_parent
                0x00000000ff608cc0       0x34 /home/lc/work/s32g/s32g399a/s32g399a-atf/build/s32g399ardb3/release/bl31/s32gen1_scmi_clk.o
                0x00000000ff608cc0                s32gen1_scmi_set_parent
 *fill*         0x00000000ff608cf4        0xc 
 .text.s32gen1_scmi_enable
                0x00000000ff608d00       0xa8 /home/lc/work/s32g/s32g399a/s32g399a-atf/build/s32g399ardb3/release/bl31/s32gen1_scmi_clk.o
                0x00000000ff608d00                s32gen1_scmi_enable
 *fill*         0x00000000ff608da8        0x8 
 .text.s32gen1_scmi_nclocks
                0x00000000ff608db0        0x4 /home/lc/work/s32g/s32g399a/s32g399a-atf/build/s32g399ardb3/release/bl31/s32gen1_scmi_clk.o
                0x00000000ff608db0                s32gen1_scmi_nclocks
 *fill*         0x00000000ff608db4        0xc 
 .text.s32gen1_scmi_clk_get_name
                0x00000000ff608dc0        0x4 /home/lc/work/s32g/s32g399a/s32g399a-atf/build/s32g399ardb3/release/bl31/s32gen1_scmi_clk.o
                0x00000000ff608dc0                s32gen1_scmi_clk_get_name
 *fill*         0x00000000ff608dc4        0xc 
 .text.s32gen1_scmi_clk_get_rates
                0x00000000ff608dd0       0xac /home/lc/work/s32g/s32g399a/s32g399a-atf/build/s32g399ardb3/release/bl31/s32gen1_scmi_clk.o
                0x00000000ff608dd0                s32gen1_scmi_clk_get_rates
 *fill*         0x00000000ff608e7c        0x4 
 .text.s32gen1_scmi_clk_get_rate
                0x00000000ff608e80       0x98 /home/lc/work/s32g/s32g399a/s32g399a-atf/build/s32g399ardb3/release/bl31/s32gen1_scmi_clk.o
                0x00000000ff608e80                s32gen1_scmi_clk_get_rate
 *fill*         0x00000000ff608f18        0x8 
 .text.s32gen1_scmi_clk_set_rate
                0x00000000ff608f20       0xa8 /home/lc/work/s32g/s32g399a/s32g399a-atf/build/s32g399ardb3/release/bl31/s32gen1_scmi_clk.o
                0x00000000ff608f20                s32gen1_scmi_clk_set_rate
 *fill*         0x00000000ff608fc8        0x8 
 .text.compound2clkid
                0x00000000ff608fd0       0x74 /home/lc/work/s32g/s32g399a/s32g399a-atf/build/s32g399ardb3/release/bl31/s32gen1_scmi_ids.o
 *fill*         0x00000000ff609044        0xc 
 .text.cc_compound_clk_set_parents
                0x00000000ff609050      0x24c /home/lc/work/s32g/s32g399a/s32g399a-atf/build/s32g399ardb3/release/bl31/s32gen1_scmi_ids.o
 *fill*         0x00000000ff60929c        0x4 
 .text.cc_set_mux_parent
                0x00000000ff6092a0       0x5c /home/lc/work/s32g/s32g399a/s32g399a-atf/build/s32g399ardb3/release/bl31/s32gen1_scmi_ids.o
                0x00000000ff6092a0                cc_set_mux_parent
 *fill*         0x00000000ff6092fc        0x4 
 .text.cc_scmi_id2clk
                0x00000000ff609300       0x64 /home/lc/work/s32g/s32g399a/s32g399a-atf/build/s32g399ardb3/release/bl31/s32gen1_scmi_ids.o
                0x00000000ff609300                cc_scmi_id2clk
 *fill*         0x00000000ff609364        0xc 
 .text.cc_compound_clk_get
                0x00000000ff609370       0x44 /home/lc/work/s32g/s32g399a/s32g399a-atf/build/s32g399ardb3/release/bl31/s32gen1_scmi_ids.o
                0x00000000ff609370                cc_compound_clk_get
 *fill*         0x00000000ff6093b4        0xc 
 .text.cc_compound_clk_set_rate
                0x00000000ff6093c0       0xe4 /home/lc/work/s32g/s32g399a/s32g399a-atf/build/s32g399ardb3/release/bl31/s32gen1_scmi_ids.o
                0x00000000ff6093c0                cc_compound_clk_set_rate
 *fill*         0x00000000ff6094a4        0xc 
 .text.cc_compound_clk_enable
                0x00000000ff6094b0      0x12c /home/lc/work/s32g/s32g399a/s32g399a-atf/build/s32g399ardb3/release/bl31/s32gen1_scmi_ids.o
                0x00000000ff6094b0                cc_compound_clk_enable
 *fill*         0x00000000ff6095dc        0x4 
 .text.cc_compound_clk_get_rate
                0x00000000ff6095e0       0xb0 /home/lc/work/s32g/s32g399a/s32g399a-atf/build/s32g399ardb3/release/bl31/s32gen1_scmi_ids.o
                0x00000000ff6095e0                cc_compound_clk_get_rate
 .text.cc_get_nclocks
                0x00000000ff609690        0x4 /home/lc/work/s32g/s32g399a/s32g399a-atf/build/s32g399ardb3/release/bl31/s32gen1_scmi_ids.o
                0x00000000ff609690                cc_get_nclocks
 *fill*         0x00000000ff609694        0xc 
 .text.cc_scmi_clk_get_name
                0x00000000ff6096a0       0x28 /home/lc/work/s32g/s32g399a/s32g399a-atf/build/s32g399ardb3/release/bl31/s32gen1_scmi_ids.o
                0x00000000ff6096a0                cc_scmi_clk_get_name
 *fill*         0x00000000ff6096c8        0x8 
 .text.cc_scmi_clk_get_rates
                0x00000000ff6096d0       0xf8 /home/lc/work/s32g/s32g399a/s32g399a-atf/build/s32g399ardb3/release/bl31/s32gen1_scmi_ids.o
                0x00000000ff6096d0                cc_scmi_clk_get_rates
 *fill*         0x00000000ff6097c8        0x8 
 .text.set_module_rate
                0x00000000ff6097d0      0x5a0 /home/lc/work/s32g/s32g399a/s32g399a-atf/build/s32g399ardb3/release/bl31/set_par_rate.o
 .text.add_clk_rate
                0x00000000ff609d70       0x98 /home/lc/work/s32g/s32g399a/s32g399a-atf/build/s32g399ardb3/release/bl31/set_par_rate.o
                0x00000000ff609d70                add_clk_rate
 *fill*         0x00000000ff609e08        0x8 
 .text.s32gen1_set_rate
                0x00000000ff609e10       0x74 /home/lc/work/s32g/s32g399a/s32g399a-atf/build/s32g399ardb3/release/bl31/set_par_rate.o
                0x00000000ff609e10                s32gen1_set_rate
 *fill*         0x00000000ff609e84        0xc 
 .text.s32gen1_set_parent
                0x00000000ff609e90      0x188 /home/lc/work/s32g/s32g399a/s32g399a-atf/build/s32g399ardb3/release/bl31/set_par_rate.o
                0x00000000ff609e90                s32gen1_set_parent
 *fill*         0x00000000ff60a018        0x8 
 .text.s32_i2c_stop.isra.0
                0x00000000ff60a020       0x80 /home/lc/work/s32g/s32g399a/s32g399a-atf/build/s32g399ardb3/release/bl31/s32_i2c.o
 .text.s32_i2c_write_byte
                0x00000000ff60a0a0       0x94 /home/lc/work/s32g/s32g399a/s32g399a-atf/build/s32g399ardb3/release/bl31/s32_i2c.o
 *fill*         0x00000000ff60a134        0xc 
 .text.s32_i2c_start.part.0
                0x00000000ff60a140      0x180 /home/lc/work/s32g/s32g399a/s32g399a-atf/build/s32g399ardb3/release/bl31/s32_i2c.o
 .text.s32_i2c_read
                0x00000000ff60a2c0      0x230 /home/lc/work/s32g/s32g399a/s32g399a-atf/build/s32g399ardb3/release/bl31/s32_i2c.o
                0x00000000ff60a2c0                s32_i2c_read
 .text.s32_i2c_write
                0x00000000ff60a4f0       0xec /home/lc/work/s32g/s32g399a/s32g399a-atf/build/s32g399ardb3/release/bl31/s32_i2c.o
                0x00000000ff60a4f0                s32_i2c_write
 *fill*         0x00000000ff60a5dc        0x4 
 .text.s32_i2c_init
                0x00000000ff60a5e0      0x11c /home/lc/work/s32g/s32g399a/s32g399a-atf/build/s32g399ardb3/release/bl31/s32_i2c.o
                0x00000000ff60a5e0                s32_i2c_init
 *fill*         0x00000000ff60a6fc        0x4 
 .text.s32_i2c_get_setup_from_fdt
                0x00000000ff60a700       0xa4 /home/lc/work/s32g/s32g399a/s32g399a-atf/build/s32g399ardb3/release/bl31/s32_i2c.o
                0x00000000ff60a700                s32_i2c_get_setup_from_fdt
 *fill*         0x00000000ff60a7a4        0xc 
 .text.alloc_mem_pool_elem
                0x00000000ff60a7b0       0x34 /home/lc/work/s32g/s32g399a/s32g399a-atf/build/s32g399ardb3/release/bl31/memory_pool.o
                0x00000000ff60a7b0                alloc_mem_pool_elem
 *fill*         0x00000000ff60a7e4        0xc 
 .text.s32gen1_ocotp_init
                0x00000000ff60a7f0       0x90 /home/lc/work/s32g/s32g399a/s32g399a-atf/build/s32g399ardb3/release/bl31/ocotp.o
                0x00000000ff60a7f0                s32gen1_ocotp_init
 .text.s32gen1_scmi_get_perf_levels
                0x00000000ff60a880      0x1e4 /home/lc/work/s32g/s32g399a/s32g399a-atf/build/s32g399ardb3/release/bl31/s32gen1_scmi_perf.o
                0x00000000ff60a880                s32gen1_scmi_get_perf_levels
 *fill*         0x00000000ff60aa64        0xc 
 .text.s32gen1_scmi_get_level
                0x00000000ff60aa70       0xa0 /home/lc/work/s32g/s32g399a/s32g399a-atf/build/s32g399ardb3/release/bl31/s32gen1_scmi_perf.o
                0x00000000ff60aa70                s32gen1_scmi_get_level
 .text.s32gen1_scmi_set_level
                0x00000000ff60ab10       0xb8 /home/lc/work/s32g/s32g399a/s32g399a-atf/build/s32g399ardb3/release/bl31/s32gen1_scmi_perf.o
                0x00000000ff60ab10                s32gen1_scmi_set_level
 *fill*         0x00000000ff60abc8        0x8 
 .text.s32gen1_scmi_get_max_level
                0x00000000ff60abd0       0xc0 /home/lc/work/s32g/s32g399a/s32g399a-atf/build/s32g399ardb3/release/bl31/s32gen1_scmi_perf.o
                0x00000000ff60abd0                s32gen1_scmi_get_max_level
 .text.s32gen1_scmi_get_min_level
                0x00000000ff60ac90       0xc0 /home/lc/work/s32g/s32g399a/s32g399a-atf/build/s32g399ardb3/release/bl31/s32gen1_scmi_perf.o
                0x00000000ff60ac90                s32gen1_scmi_get_min_level
 .text.vr5510_read
                0x00000000ff60ad50       0xf0 /home/lc/work/s32g/s32g399a/s32g399a-atf/build/s32g399ardb3/release/bl31/vr5510.o
                0x00000000ff60ad50                vr5510_read
 .text.vr5510_write
                0x00000000ff60ae40       0xcc /home/lc/work/s32g/s32g399a/s32g399a-atf/build/s32g399ardb3/release/bl31/vr5510.o
                0x00000000ff60ae40                vr5510_write
 *fill*         0x00000000ff60af0c        0x4 
 .text.vr5510_get_inst
                0x00000000ff60af10       0xac /home/lc/work/s32g/s32g399a/s32g399a-atf/build/s32g399ardb3/release/bl31/vr5510.o
                0x00000000ff60af10                vr5510_get_inst
 *fill*         0x00000000ff60afbc        0x4 
 .text.vr5510_register_instance
                0x00000000ff60afc0      0x150 /home/lc/work/s32g/s32g399a/s32g399a-atf/build/s32g399ardb3/release/bl31/vr5510.o
                0x00000000ff60afc0                vr5510_register_instance
 .text.s32gen1_assert_rgm
                0x00000000ff60b110      0x1b4 /home/lc/work/s32g/s32g399a/s32g399a-atf/build/s32g399ardb3/release/bl31/s32gen1_rst.o
                0x00000000ff60b110                s32gen1_assert_rgm
 *fill*         0x00000000ff60b2c4        0xc 
 .text.s32gen1_reset_periph
                0x00000000ff60b2d0      0x1b8 /home/lc/work/s32g/s32g399a/s32g399a-atf/build/s32g399ardb3/release/bl31/s32gen1_rst.o
                0x00000000ff60b2d0                s32gen1_reset_periph
 *fill*         0x00000000ff60b488        0x8 
 .text.s32gen1_reset_partition
                0x00000000ff60b490       0x24 /home/lc/work/s32g/s32g399a/s32g399a-atf/build/s32g399ardb3/release/bl31/s32gen1_rst.o
                0x00000000ff60b490                s32gen1_reset_partition
 *fill*         0x00000000ff60b4b4        0xc 
 .text.s32gen1_wkpu_reset
                0x00000000ff60b4c0       0x24 /home/lc/work/s32g/s32g399a/s32g399a-atf/build/s32g399ardb3/release/bl31/s32g_wkpu.o
                0x00000000ff60b4c0                s32gen1_wkpu_reset
 *fill*         0x00000000ff60b4e4        0xc 
 .text.s32gen1_wkpu_enable_irqs
                0x00000000ff60b4f0       0x8c /home/lc/work/s32g/s32g399a/s32g399a-atf/build/s32g399ardb3/release/bl31/s32g_wkpu.o
                0x00000000ff60b4f0                s32gen1_wkpu_enable_irqs
 *fill*         0x00000000ff60b57c        0x4 
 .text.s32gen1_wkpu_init
                0x00000000ff60b580      0x260 /home/lc/work/s32g/s32g399a/s32g399a-atf/build/s32g399ardb3/release/bl31/s32g_wkpu.o
                0x00000000ff60b580                s32gen1_wkpu_init
 .text.discover_implementation_version
                0x00000000ff60b7e0       0x38 /home/lc/work/s32g/s32g399a/s32g399a-atf/build/s32g399ardb3/release/bl31/base.o
 *fill*         0x00000000ff60b818        0x8 
 .text.report_message_attributes
                0x00000000ff60b820       0x70 /home/lc/work/s32g/s32g399a/s32g399a-atf/build/s32g399ardb3/release/bl31/base.o
 .text.report_version
                0x00000000ff60b890       0x3c /home/lc/work/s32g/s32g399a/s32g399a-atf/build/s32g399ardb3/release/bl31/base.o
 *fill*         0x00000000ff60b8cc        0x4 
 .text.discover_list_protocols
                0x00000000ff60b8d0       0xec /home/lc/work/s32g/s32g399a/s32g399a-atf/build/s32g399ardb3/release/bl31/base.o
 *fill*         0x00000000ff60b9bc        0x4 
 .text.discover_sub_vendor
                0x00000000ff60b9c0       0x68 /home/lc/work/s32g/s32g399a/s32g399a-atf/build/s32g399ardb3/release/bl31/base.o
 *fill*         0x00000000ff60ba28        0x8 
 .text.discover_vendor
                0x00000000ff60ba30       0x68 /home/lc/work/s32g/s32g399a/s32g399a-atf/build/s32g399ardb3/release/bl31/base.o
 *fill*         0x00000000ff60ba98        0x8 
 .text.report_attributes
                0x00000000ff60baa0       0x58 /home/lc/work/s32g/s32g399a/s32g399a-atf/build/s32g399ardb3/release/bl31/base.o
 *fill*         0x00000000ff60baf8        0x8 
 .text.reset_agent_config
                0x00000000ff60bb00       0x68 /home/lc/work/s32g/s32g399a/s32g399a-atf/build/s32g399ardb3/release/bl31/base.o
 *fill*         0x00000000ff60bb68        0x8 
 .text.scmi_msg_get_base_handler
                0x00000000ff60bb70       0x2c /home/lc/work/s32g/s32g399a/s32g399a-atf/build/s32g399ardb3/release/bl31/base.o
                0x00000000ff60bb70                scmi_msg_get_base_handler
 *fill*         0x00000000ff60bb9c        0x4 
 .text.report_message_attributes
                0x00000000ff60bba0       0x70 /home/lc/work/s32g/s32g399a/s32g399a-atf/build/s32g399ardb3/release/bl31/clock.o
 .text.report_version
                0x00000000ff60bc10       0x3c /home/lc/work/s32g/s32g399a/s32g399a-atf/build/s32g399ardb3/release/bl31/clock.o
 *fill*         0x00000000ff60bc4c        0x4 
 .text.report_attributes
                0x00000000ff60bc50       0x58 /home/lc/work/s32g/s32g399a/s32g399a-atf/build/s32g399ardb3/release/bl31/clock.o
 *fill*         0x00000000ff60bca8        0x8 
 .text.scmi_clock_describe_rates
                0x00000000ff60bcb0      0x1c0 /home/lc/work/s32g/s32g399a/s32g399a-atf/build/s32g399ardb3/release/bl31/clock.o
 .text.scmi_clock_rate_get
                0x00000000ff60be70       0x9c /home/lc/work/s32g/s32g399a/s32g399a-atf/build/s32g399ardb3/release/bl31/clock.o
 *fill*         0x00000000ff60bf0c        0x4 
 .text.scmi_clock_rate_set
                0x00000000ff60bf10       0x90 /home/lc/work/s32g/s32g399a/s32g399a-atf/build/s32g399ardb3/release/bl31/clock.o
 .text.scmi_clock_attributes
                0x00000000ff60bfa0       0xcc /home/lc/work/s32g/s32g399a/s32g399a-atf/build/s32g399ardb3/release/bl31/clock.o
 *fill*         0x00000000ff60c06c        0x4 
 .text.scmi_clock_config_set
                0x00000000ff60c070       0x90 /home/lc/work/s32g/s32g399a/s32g399a-atf/build/s32g399ardb3/release/bl31/clock.o
 .text.scmi_msg_get_clock_handler
                0x00000000ff60c100       0x2c /home/lc/work/s32g/s32g399a/s32g399a-atf/build/s32g399ardb3/release/bl31/clock.o
                0x00000000ff60c100                scmi_msg_get_clock_handler
 *fill*         0x00000000ff60c12c        0x4 
 .text.scmi_msg_get_pd_handler
                0x00000000ff60c130        0x8 /home/lc/work/s32g/s32g399a/s32g399a-atf/build/s32g399ardb3/release/bl31/entry.o
                0x00000000ff60c130                scmi_msg_get_pd_handler
 *fill*         0x00000000ff60c138        0x8 
 .text.scmi_status_response
                0x00000000ff60c140       0x38 /home/lc/work/s32g/s32g399a/s32g399a-atf/build/s32g399ardb3/release/bl31/entry.o
                0x00000000ff60c140                scmi_status_response
 *fill*         0x00000000ff60c178        0x8 
 .text.scmi_write_response
                0x00000000ff60c180       0x2c /home/lc/work/s32g/s32g399a/s32g399a-atf/build/s32g399ardb3/release/bl31/entry.o
                0x00000000ff60c180                scmi_write_response
 *fill*         0x00000000ff60c1ac        0x4 
 .text.scmi_process_message
                0x00000000ff60c1b0       0xe0 /home/lc/work/s32g/s32g399a/s32g399a-atf/build/s32g399ardb3/release/bl31/entry.o
                0x00000000ff60c1b0                scmi_process_message
 .text.report_message_attributes
                0x00000000ff60c290       0x70 /home/lc/work/s32g/s32g399a/s32g399a-atf/build/s32g399ardb3/release/bl31/perf.o
 .text.report_version
                0x00000000ff60c300       0x3c /home/lc/work/s32g/s32g399a/s32g399a-atf/build/s32g399ardb3/release/bl31/perf.o
 *fill*         0x00000000ff60c33c        0x4 
 .text.plat_scmi_perf_is_power_mw
                0x00000000ff60c340        0x8 /home/lc/work/s32g/s32g399a/s32g399a-atf/build/s32g399ardb3/release/bl31/perf.o
                0x00000000ff60c340                plat_scmi_perf_is_power_mw
 *fill*         0x00000000ff60c348        0x8 
 .text.plat_scmi_perf_statistics
                0x00000000ff60c350        0x8 /home/lc/work/s32g/s32g399a/s32g399a-atf/build/s32g399ardb3/release/bl31/perf.o
                0x00000000ff60c350                plat_scmi_perf_statistics
 *fill*         0x00000000ff60c358        0x8 
 .text.report_attributes
                0x00000000ff60c360       0x98 /home/lc/work/s32g/s32g399a/s32g399a-atf/build/s32g399ardb3/release/bl31/perf.o
 *fill*         0x00000000ff60c3f8        0x8 
 .text.scmi_performance_domain_attributes
                0x00000000ff60c400       0xf8 /home/lc/work/s32g/s32g399a/s32g399a-atf/build/s32g399ardb3/release/bl31/perf.o
 *fill*         0x00000000ff60c4f8        0x8 
 .text.scmi_performance_describe_levels
                0x00000000ff60c500      0x114 /home/lc/work/s32g/s32g399a/s32g399a-atf/build/s32g399ardb3/release/bl31/perf.o
 *fill*         0x00000000ff60c614        0xc 
 .text.scmi_performance_limits_set
                0x00000000ff60c620       0xa0 /home/lc/work/s32g/s32g399a/s32g399a-atf/build/s32g399ardb3/release/bl31/perf.o
 .text.scmi_performance_limits_get
                0x00000000ff60c6c0       0xc0 /home/lc/work/s32g/s32g399a/s32g399a-atf/build/s32g399ardb3/release/bl31/perf.o
 .text.scmi_performance_level_set
                0x00000000ff60c780       0x94 /home/lc/work/s32g/s32g399a/s32g399a-atf/build/s32g399ardb3/release/bl31/perf.o
 *fill*         0x00000000ff60c814        0xc 
 .text.scmi_performance_level_get
                0x00000000ff60c820       0xb8 /home/lc/work/s32g/s32g399a/s32g399a-atf/build/s32g399ardb3/release/bl31/perf.o
 *fill*         0x00000000ff60c8d8        0x8 
 .text.scmi_msg_get_perf_handler
                0x00000000ff60c8e0       0x2c /home/lc/work/s32g/s32g399a/s32g399a-atf/build/s32g399ardb3/release/bl31/perf.o
                0x00000000ff60c8e0                scmi_msg_get_perf_handler
 *fill*         0x00000000ff60c90c        0x4 
 .text.report_message_attributes
                0x00000000ff60c910       0x70 /home/lc/work/s32g/s32g399a/s32g399a-atf/build/s32g399ardb3/release/bl31/reset_domain.o
 .text.report_version
                0x00000000ff60c980       0x3c /home/lc/work/s32g/s32g399a/s32g399a-atf/build/s32g399ardb3/release/bl31/reset_domain.o
 *fill*         0x00000000ff60c9bc        0x4 
 .text.report_attributes
                0x00000000ff60c9c0       0x58 /home/lc/work/s32g/s32g399a/s32g399a-atf/build/s32g399ardb3/release/bl31/reset_domain.o
 *fill*         0x00000000ff60ca18        0x8 
 .text.reset_domain_attributes
                0x00000000ff60ca20       0xc0 /home/lc/work/s32g/s32g399a/s32g399a-atf/build/s32g399ardb3/release/bl31/reset_domain.o
 .text.reset_request
                0x00000000ff60cae0       0xfc /home/lc/work/s32g/s32g399a/s32g399a-atf/build/s32g399ardb3/release/bl31/reset_domain.o
 *fill*         0x00000000ff60cbdc        0x4 
 .text.scmi_msg_get_rstd_handler
                0x00000000ff60cbe0       0x2c /home/lc/work/s32g/s32g399a/s32g399a-atf/build/s32g399ardb3/release/bl31/reset_domain.o
                0x00000000ff60cbe0                scmi_msg_get_rstd_handler
 *fill*         0x00000000ff60cc0c        0x4 
 .text.print_errata_status
                0x00000000ff60cc10        0x4 /home/lc/work/s32g/s32g399a/s32g399a-atf/build/s32g399ardb3/release/bl31/errata_report.o
                0x00000000ff60cc10                print_errata_status
 *fill*         0x00000000ff60cc14        0xc 
 .text.cm_init  0x00000000ff60cc20        0x4 /home/lc/work/s32g/s32g399a/s32g399a-atf/build/s32g399ardb3/release/bl31/context_mgmt.o
                0x00000000ff60cc20                cm_init
 *fill*         0x00000000ff60cc24        0xc 
 .text.cm_setup_context
                0x00000000ff60cc30      0x210 /home/lc/work/s32g/s32g399a/s32g399a-atf/build/s32g399ardb3/release/bl31/context_mgmt.o
                0x00000000ff60cc30                cm_setup_context
 .text.cm_manage_extensions_el3
                0x00000000ff60ce40       0x24 /home/lc/work/s32g/s32g399a/s32g399a-atf/build/s32g399ardb3/release/bl31/context_mgmt.o
                0x00000000ff60ce40                cm_manage_extensions_el3
 *fill*         0x00000000ff60ce64        0xc 
 .text.manage_extensions_nonsecure_per_world
                0x00000000ff60ce70       0x20 /home/lc/work/s32g/s32g399a/s32g399a-atf/build/s32g399ardb3/release/bl31/context_mgmt.o
                0x00000000ff60ce70                manage_extensions_nonsecure_per_world
 .text.cm_init_context_by_index
                0x00000000ff60ce90       0x30 /home/lc/work/s32g/s32g399a/s32g399a-atf/build/s32g399ardb3/release/bl31/context_mgmt.o
                0x00000000ff60ce90                cm_init_context_by_index
 .text.cm_init_my_context
                0x00000000ff60cec0       0x30 /home/lc/work/s32g/s32g399a/s32g399a-atf/build/s32g399ardb3/release/bl31/context_mgmt.o
                0x00000000ff60cec0                cm_init_my_context
 .text.cm_el1_sysregs_context_restore
                0x00000000ff60cef0       0xc8 /home/lc/work/s32g/s32g399a/s32g399a-atf/build/s32g399ardb3/release/bl31/context_mgmt.o
                0x00000000ff60cef0                cm_el1_sysregs_context_restore
 *fill*         0x00000000ff60cfb8        0x8 
 .text.cm_prepare_el3_exit
                0x00000000ff60cfc0       0x68 /home/lc/work/s32g/s32g399a/s32g399a-atf/build/s32g399ardb3/release/bl31/context_mgmt.o
                0x00000000ff60cfc0                cm_prepare_el3_exit
 *fill*         0x00000000ff60d028        0x8 
 .text.cm_prepare_el3_exit_ns
                0x00000000ff60d030        0x8 /home/lc/work/s32g/s32g399a/s32g399a-atf/build/s32g399ardb3/release/bl31/context_mgmt.o
                0x00000000ff60d030                cm_prepare_el3_exit_ns
 *fill*         0x00000000ff60d038        0x8 
 .text.mpam_enable
                0x00000000ff60d040       0x14 /home/lc/work/s32g/s32g399a/s32g399a-atf/build/s32g399ardb3/release/bl31/mpam.o
                0x00000000ff60d040                mpam_enable
 *fill*         0x00000000ff60d054        0xc 
 .text.pmuv3_enable
                0x00000000ff60d060        0x4 /home/lc/work/s32g/s32g399a/s32g399a-atf/build/s32g399ardb3/release/bl31/pmuv3.o
                0x00000000ff60d060                pmuv3_enable
 *fill*         0x00000000ff60d064        0xc 
 .text.pmuv3_init_el3
                0x00000000ff60d070       0x40 /home/lc/work/s32g/s32g399a/s32g399a-atf/build/s32g399ardb3/release/bl31/pmuv3.o
                0x00000000ff60d070                pmuv3_init_el3
 .text.spe_drain_buffers_hook
                0x00000000ff60d0b0       0x24 /home/lc/work/s32g/s32g399a/s32g399a-atf/build/s32g399ardb3/release/bl31/spe.o
 *fill*         0x00000000ff60d0d4        0xc 
 .text.spe_init_el3
                0x00000000ff60d0e0       0x1c /home/lc/work/s32g/s32g399a/s32g399a-atf/build/s32g399ardb3/release/bl31/spe.o
                0x00000000ff60d0e0                spe_init_el3
 *fill*         0x00000000ff60d0fc        0x4 
 .text.sve_enable_per_world
                0x00000000ff60d100       0x1c /home/lc/work/s32g/s32g399a/s32g399a-atf/build/s32g399ardb3/release/bl31/sve.o
                0x00000000ff60d100                sve_enable_per_world
 *fill*         0x00000000ff60d11c        0x4 
 .text.sve_disable_per_world
                0x00000000ff60d120       0x18 /home/lc/work/s32g/s32g399a/s32g399a-atf/build/s32g399ardb3/release/bl31/sve.o
                0x00000000ff60d120                sve_disable_per_world
 *fill*         0x00000000ff60d138        0x8 
 .text.bakery_lock_get
                0x00000000ff60d140      0x148 /home/lc/work/s32g/s32g399a/s32g399a-atf/build/s32g399ardb3/release/bl31/bakery_lock_normal.o
                0x00000000ff60d140                bakery_lock_get
 *fill*         0x00000000ff60d288        0x8 
 .text.bakery_lock_release
                0x00000000ff60d290       0x78 /home/lc/work/s32g/s32g399a/s32g399a-atf/build/s32g399ardb3/release/bl31/bakery_lock_normal.o
                0x00000000ff60d290                bakery_lock_release
 *fill*         0x00000000ff60d308        0x8 
 .text.psci_validate_power_state
                0x00000000ff60d310       0x28 /home/lc/work/s32g/s32g399a/s32g399a-atf/build/s32g399ardb3/release/bl31/psci_common.o
                0x00000000ff60d310                psci_validate_power_state
 *fill*         0x00000000ff60d338        0x8 
 .text.psci_query_sys_suspend_pwrstate
                0x00000000ff60d340       0x14 /home/lc/work/s32g/s32g399a/s32g399a-atf/build/s32g399ardb3/release/bl31/psci_common.o
                0x00000000ff60d340                psci_query_sys_suspend_pwrstate
 *fill*         0x00000000ff60d354        0xc 
 .text.psci_is_last_on_cpu
                0x00000000ff60d360       0x84 /home/lc/work/s32g/s32g399a/s32g399a-atf/build/s32g399ardb3/release/bl31/psci_common.o
                0x00000000ff60d360                psci_is_last_on_cpu
 *fill*         0x00000000ff60d3e4        0xc 
 .text.psci_init_req_local_pwr_states
                0x00000000ff60d3f0       0x50 /home/lc/work/s32g/s32g399a/s32g399a-atf/build/s32g399ardb3/release/bl31/psci_common.o
                0x00000000ff60d3f0                psci_init_req_local_pwr_states
 .text.psci_get_target_local_pwr_states
                0x00000000ff60d440       0xc4 /home/lc/work/s32g/s32g399a/s32g399a-atf/build/s32g399ardb3/release/bl31/psci_common.o
                0x00000000ff60d440                psci_get_target_local_pwr_states
 *fill*         0x00000000ff60d504        0xc 
 .text.psci_set_target_local_pwr_states
                0x00000000ff60d510       0xa0 /home/lc/work/s32g/s32g399a/s32g399a-atf/build/s32g399ardb3/release/bl31/psci_common.o
                0x00000000ff60d510                psci_set_target_local_pwr_states
 .text.psci_get_parent_pwr_domain_nodes
                0x00000000ff60d5b0       0x48 /home/lc/work/s32g/s32g399a/s32g399a-atf/build/s32g399ardb3/release/bl31/psci_common.o
                0x00000000ff60d5b0                psci_get_parent_pwr_domain_nodes
 *fill*         0x00000000ff60d5f8        0x8 
 .text.psci_set_pwr_domains_to_run
                0x00000000ff60d600       0xe4 /home/lc/work/s32g/s32g399a/s32g399a-atf/build/s32g399ardb3/release/bl31/psci_common.o
                0x00000000ff60d600                psci_set_pwr_domains_to_run
 *fill*         0x00000000ff60d6e4        0xc 
 .text.psci_do_state_coordination
                0x00000000ff60d6f0      0x158 /home/lc/work/s32g/s32g399a/s32g399a-atf/build/s32g399ardb3/release/bl31/psci_common.o
                0x00000000ff60d6f0                psci_do_state_coordination
 *fill*         0x00000000ff60d848        0x8 
 .text.psci_find_max_off_lvl
                0x00000000ff60d850       0x3c /home/lc/work/s32g/s32g399a/s32g399a-atf/build/s32g399ardb3/release/bl31/psci_common.o
                0x00000000ff60d850                psci_find_max_off_lvl
 *fill*         0x00000000ff60d88c        0x4 
 .text.psci_find_target_suspend_lvl
                0x00000000ff60d890       0x34 /home/lc/work/s32g/s32g399a/s32g399a-atf/build/s32g399ardb3/release/bl31/psci_common.o
                0x00000000ff60d890                psci_find_target_suspend_lvl
 *fill*         0x00000000ff60d8c4        0xc 
 .text.psci_acquire_pwr_domain_locks
                0x00000000ff60d8d0       0x74 /home/lc/work/s32g/s32g399a/s32g399a-atf/build/s32g399ardb3/release/bl31/psci_common.o
                0x00000000ff60d8d0                psci_acquire_pwr_domain_locks
 *fill*         0x00000000ff60d944        0xc 
 .text.psci_release_pwr_domain_locks
                0x00000000ff60d950       0x64 /home/lc/work/s32g/s32g399a/s32g399a-atf/build/s32g399ardb3/release/bl31/psci_common.o
                0x00000000ff60d950                psci_release_pwr_domain_locks
 *fill*         0x00000000ff60d9b4        0xc 
 .text.psci_validate_entry_point
                0x00000000ff60d9c0      0x10c /home/lc/work/s32g/s32g399a/s32g399a-atf/build/s32g399ardb3/release/bl31/psci_common.o
                0x00000000ff60d9c0                psci_validate_entry_point
 *fill*         0x00000000ff60dacc        0x4 
 .text.psci_warmboot_entrypoint
                0x00000000ff60dad0      0x178 /home/lc/work/s32g/s32g399a/s32g399a-atf/build/s32g399ardb3/release/bl31/psci_common.o
                0x00000000ff60dad0                psci_warmboot_entrypoint
 *fill*         0x00000000ff60dc48        0x8 
 .text.psci_register_spd_pm_hook
                0x00000000ff60dc50       0x3c /home/lc/work/s32g/s32g399a/s32g399a-atf/build/s32g399ardb3/release/bl31/psci_common.o
                0x00000000ff60dc50                psci_register_spd_pm_hook
 *fill*         0x00000000ff60dc8c        0x4 
 .text.psci_spd_migrate_info
                0x00000000ff60dc90       0x24 /home/lc/work/s32g/s32g399a/s32g399a-atf/build/s32g399ardb3/release/bl31/psci_common.o
                0x00000000ff60dc90                psci_spd_migrate_info
 *fill*         0x00000000ff60dcb4        0xc 
 .text.psci_print_power_domain_map
                0x00000000ff60dcc0        0x4 /home/lc/work/s32g/s32g399a/s32g399a-atf/build/s32g399ardb3/release/bl31/psci_common.o
                0x00000000ff60dcc0                psci_print_power_domain_map
 *fill*         0x00000000ff60dcc4        0xc 
 .text.psci_pwrdown_cpu
                0x00000000ff60dcd0        0x4 /home/lc/work/s32g/s32g399a/s32g399a-atf/build/s32g399ardb3/release/bl31/psci_common.o
                0x00000000ff60dcd0                psci_pwrdown_cpu
 *fill*         0x00000000ff60dcd4        0xc 
 .text.psci_cpu_suspend
                0x00000000ff60dce0      0x11c /home/lc/work/s32g/s32g399a/s32g399a-atf/build/s32g399ardb3/release/bl31/psci_main.o
                0x00000000ff60dce0                psci_cpu_suspend
 *fill*         0x00000000ff60ddfc        0x4 
 .text.psci_system_suspend
                0x00000000ff60de00       0x80 /home/lc/work/s32g/s32g399a/s32g399a-atf/build/s32g399ardb3/release/bl31/psci_main.o
                0x00000000ff60de00                psci_system_suspend
 .text.psci_affinity_info
                0x00000000ff60de80       0x5c /home/lc/work/s32g/s32g399a/s32g399a-atf/build/s32g399ardb3/release/bl31/psci_main.o
                0x00000000ff60de80                psci_affinity_info
 *fill*         0x00000000ff60dedc        0x4 
 .text.psci_migrate
                0x00000000ff60dee0       0x9c /home/lc/work/s32g/s32g399a/s32g399a-atf/build/s32g399ardb3/release/bl31/psci_main.o
                0x00000000ff60dee0                psci_migrate
 *fill*         0x00000000ff60df7c        0x4 
 .text.psci_features
                0x00000000ff60df80       0x6c /home/lc/work/s32g/s32g399a/s32g399a-atf/build/s32g399ardb3/release/bl31/psci_main.o
                0x00000000ff60df80                psci_features
 *fill*         0x00000000ff60dfec        0x4 
 .text.psci_smc_handler
                0x00000000ff60dff0      0x404 /home/lc/work/s32g/s32g399a/s32g399a-atf/build/s32g399ardb3/release/bl31/psci_main.o
                0x00000000ff60dff0                psci_smc_handler
 *fill*         0x00000000ff60e3f4        0xc 
 .text.psci_mem_protect
                0x00000000ff60e400       0x64 /home/lc/work/s32g/s32g399a/s32g399a-atf/build/s32g399ardb3/release/bl31/psci_mem_protect.o
                0x00000000ff60e400                psci_mem_protect
 *fill*         0x00000000ff60e464        0xc 
 .text.psci_mem_chk_range
                0x00000000ff60e470       0x4c /home/lc/work/s32g/s32g399a/s32g399a-atf/build/s32g399ardb3/release/bl31/psci_mem_protect.o
                0x00000000ff60e470                psci_mem_chk_range
 *fill*         0x00000000ff60e4bc        0x4 
 .text.psci_do_cpu_off
                0x00000000ff60e4c0      0x1f0 /home/lc/work/s32g/s32g399a/s32g399a-atf/build/s32g399ardb3/release/bl31/psci_off.o
                0x00000000ff60e4c0                psci_do_cpu_off
 .text.psci_cpu_on_start
                0x00000000ff60e6b0      0x188 /home/lc/work/s32g/s32g399a/s32g399a-atf/build/s32g399ardb3/release/bl31/psci_on.o
                0x00000000ff60e6b0                psci_cpu_on_start
 *fill*         0x00000000ff60e838        0x8 
 .text.psci_cpu_on_finish
                0x00000000ff60e840       0xf8 /home/lc/work/s32g/s32g399a/s32g399a-atf/build/s32g399ardb3/release/bl31/psci_on.o
                0x00000000ff60e840                psci_cpu_on_finish
 *fill*         0x00000000ff60e938        0x8 
 .text.psci_setup
                0x00000000ff60e940      0x3a8 /home/lc/work/s32g/s32g399a/s32g399a-atf/build/s32g399ardb3/release/bl31/psci_setup.o
                0x00000000ff60e940                psci_setup
 *fill*         0x00000000ff60ece8        0x8 
 .text.psci_arch_setup
                0x00000000ff60ecf0       0x20 /home/lc/work/s32g/s32g399a/s32g399a-atf/build/s32g399ardb3/release/bl31/psci_setup.o
                0x00000000ff60ecf0                psci_arch_setup
 .text.psci_cpu_suspend_start
                0x00000000ff60ed10      0x1f8 /home/lc/work/s32g/s32g399a/s32g399a-atf/build/s32g399ardb3/release/bl31/psci_suspend.o
                0x00000000ff60ed10                psci_cpu_suspend_start
 *fill*         0x00000000ff60ef08        0x8 
 .text.psci_cpu_suspend_finish
                0x00000000ff60ef10       0xc0 /home/lc/work/s32g/s32g399a/s32g399a-atf/build/s32g399ardb3/release/bl31/psci_suspend.o
                0x00000000ff60ef10                psci_cpu_suspend_finish
 .text.psci_system_off
                0x00000000ff60efd0       0x38 /home/lc/work/s32g/s32g399a/s32g399a-atf/build/s32g399ardb3/release/bl31/psci_system_off.o
                0x00000000ff60efd0                psci_system_off
 *fill*         0x00000000ff60f008        0x8 
 .text.psci_system_reset
                0x00000000ff60f010       0x38 /home/lc/work/s32g/s32g399a/s32g399a-atf/build/s32g399ardb3/release/bl31/psci_system_off.o
                0x00000000ff60f010                psci_system_reset
 *fill*         0x00000000ff60f048        0x8 
 .text.psci_system_reset2
                0x00000000ff60f050       0x9c /home/lc/work/s32g/s32g399a/s32g399a-atf/build/s32g399ardb3/release/bl31/psci_system_off.o
                0x00000000ff60f050                psci_system_reset2
 *fill*         0x00000000ff60f0ec        0x4 
 .text.crc8poly
                0x00000000ff60f0f0       0x68 /home/lc/work/s32g/s32g399a/s32g399a-atf/build/s32g399ardb3/release/bl31/crc8.o
                0x00000000ff60f0f0                crc8poly
 *fill*         0x00000000ff60f158        0x8 
 .text.xlat_arch_get_pas
                0x00000000ff60f160       0x14 /home/lc/work/s32g/s32g399a/s32g399a-atf/build/s32g399ardb3/release/bl31/xlat_tables_arch.o
                0x00000000ff60f160                xlat_arch_get_pas
 *fill*         0x00000000ff60f174        0xc 
 .text.is_dcache_enabled
                0x00000000ff60f180        0xc /home/lc/work/s32g/s32g399a/s32g399a-atf/build/s32g399ardb3/release/bl31/xlat_tables_arch.o
                0x00000000ff60f180                is_dcache_enabled
 *fill*         0x00000000ff60f18c        0x4 
 .text.xlat_arch_regime_get_xn_desc
                0x00000000ff60f190       0x14 /home/lc/work/s32g/s32g399a/s32g399a-atf/build/s32g399ardb3/release/bl31/xlat_tables_arch.o
                0x00000000ff60f190                xlat_arch_regime_get_xn_desc
 *fill*         0x00000000ff60f1a4        0xc 
 .text.xlat_arch_tlbi_va
                0x00000000ff60f1b0       0x30 /home/lc/work/s32g/s32g399a/s32g399a-atf/build/s32g399ardb3/release/bl31/xlat_tables_arch.o
                0x00000000ff60f1b0                xlat_arch_tlbi_va
 .text.xlat_arch_tlbi_va_sync
                0x00000000ff60f1e0        0xc /home/lc/work/s32g/s32g399a/s32g399a-atf/build/s32g399ardb3/release/bl31/xlat_tables_arch.o
                0x00000000ff60f1e0                xlat_arch_tlbi_va_sync
 *fill*         0x00000000ff60f1ec        0x4 
 .text.xlat_arch_current_el
                0x00000000ff60f1f0        0xc /home/lc/work/s32g/s32g399a/s32g399a-atf/build/s32g399ardb3/release/bl31/xlat_tables_arch.o
                0x00000000ff60f1f0                xlat_arch_current_el
 *fill*         0x00000000ff60f1fc        0x4 
 .text.setup_mmu_cfg
                0x00000000ff60f200       0xa0 /home/lc/work/s32g/s32g399a/s32g399a-atf/build/s32g399ardb3/release/bl31/xlat_tables_arch.o
                0x00000000ff60f200                setup_mmu_cfg
 .text.mmap_add_region
                0x00000000ff60f2a0       0x3c /home/lc/work/s32g/s32g399a/s32g399a-atf/build/s32g399ardb3/release/bl31/xlat_tables_context.o
                0x00000000ff60f2a0                mmap_add_region
 *fill*         0x00000000ff60f2dc        0x4 
 .text.mmap_add
                0x00000000ff60f2e0       0x10 /home/lc/work/s32g/s32g399a/s32g399a-atf/build/s32g399ardb3/release/bl31/xlat_tables_context.o
                0x00000000ff60f2e0                mmap_add
 .text.mmap_add_dynamic_region
                0x00000000ff60f2f0       0x3c /home/lc/work/s32g/s32g399a/s32g399a-atf/build/s32g399ardb3/release/bl31/xlat_tables_context.o
                0x00000000ff60f2f0                mmap_add_dynamic_region
 *fill*         0x00000000ff60f32c        0x4 
 .text.init_xlat_tables
                0x00000000ff60f330       0x38 /home/lc/work/s32g/s32g399a/s32g399a-atf/build/s32g399ardb3/release/bl31/xlat_tables_context.o
                0x00000000ff60f330                init_xlat_tables
 *fill*         0x00000000ff60f368        0x8 
 .text.xlat_change_mem_attributes
                0x00000000ff60f370       0x1c /home/lc/work/s32g/s32g399a/s32g399a-atf/build/s32g399ardb3/release/bl31/xlat_tables_context.o
                0x00000000ff60f370                xlat_change_mem_attributes
 *fill*         0x00000000ff60f38c        0x4 
 .text.enable_mmu_el3
                0x00000000ff60f390       0x48 /home/lc/work/s32g/s32g399a/s32g399a-atf/build/s32g399ardb3/release/bl31/xlat_tables_context.o
                0x00000000ff60f390                enable_mmu_el3
 *fill*         0x00000000ff60f3d8        0x8 
 .text.mmap_add_region_check
                0x00000000ff60f3e0      0x144 /home/lc/work/s32g/s32g399a/s32g399a-atf/build/s32g399ardb3/release/bl31/xlat_tables_core.o
 *fill*         0x00000000ff60f524        0xc 
 .text.xlat_tables_unmap_region
                0x00000000ff60f530      0x294 /home/lc/work/s32g/s32g399a/s32g399a-atf/build/s32g399ardb3/release/bl31/xlat_tables_core.o
 *fill*         0x00000000ff60f7c4        0xc 
 .text.xlat_desc
                0x00000000ff60f7d0      0x108 /home/lc/work/s32g/s32g399a/s32g399a-atf/build/s32g399ardb3/release/bl31/xlat_tables_core.o
                0x00000000ff60f7d0                xlat_desc
 *fill*         0x00000000ff60f8d8        0x8 
 .text.xlat_tables_map_region
                0x00000000ff60f8e0      0x308 /home/lc/work/s32g/s32g399a/s32g399a-atf/build/s32g399ardb3/release/bl31/xlat_tables_core.o
 *fill*         0x00000000ff60fbe8        0x8 
 .text.mmap_add_region_ctx
                0x00000000ff60fbf0      0x178 /home/lc/work/s32g/s32g399a/s32g399a-atf/build/s32g399ardb3/release/bl31/xlat_tables_core.o
                0x00000000ff60fbf0                mmap_add_region_ctx
 *fill*         0x00000000ff60fd68        0x8 
 .text.mmap_add_ctx
                0x00000000ff60fd70       0x44 /home/lc/work/s32g/s32g399a/s32g399a-atf/build/s32g399ardb3/release/bl31/xlat_tables_core.o
                0x00000000ff60fd70                mmap_add_ctx
 *fill*         0x00000000ff60fdb4        0xc 
 .text.mmap_add_dynamic_region_ctx
                0x00000000ff60fdc0      0x290 /home/lc/work/s32g/s32g399a/s32g399a-atf/build/s32g399ardb3/release/bl31/xlat_tables_core.o
                0x00000000ff60fdc0                mmap_add_dynamic_region_ctx
 .text.init_xlat_tables_ctx
                0x00000000ff610050      0x134 /home/lc/work/s32g/s32g399a/s32g399a-atf/build/s32g399ardb3/release/bl31/xlat_tables_core.o
                0x00000000ff610050                init_xlat_tables_ctx
 *fill*         0x00000000ff610184        0xc 
 .text.find_xlat_table_entry
                0x00000000ff610190       0xb0 /home/lc/work/s32g/s32g399a/s32g399a-atf/build/s32g399ardb3/release/bl31/xlat_tables_utils.o
 .text.xlat_get_mem_attributes_internal
                0x00000000ff610240      0x100 /home/lc/work/s32g/s32g399a/s32g399a-atf/build/s32g399ardb3/release/bl31/xlat_tables_utils.o
 .text.xlat_mmap_print
                0x00000000ff610340        0x4 /home/lc/work/s32g/s32g399a/s32g399a-atf/build/s32g399ardb3/release/bl31/xlat_tables_utils.o
                0x00000000ff610340                xlat_mmap_print
 *fill*         0x00000000ff610344        0xc 
 .text.xlat_tables_print
                0x00000000ff610350        0x4 /home/lc/work/s32g/s32g399a/s32g399a-atf/build/s32g399ardb3/release/bl31/xlat_tables_utils.o
                0x00000000ff610350                xlat_tables_print
 *fill*         0x00000000ff610354        0xc 
 .text.xlat_change_mem_attributes_ctx
                0x00000000ff610360      0x198 /home/lc/work/s32g/s32g399a/s32g399a-atf/build/s32g399ardb3/release/bl31/xlat_tables_utils.o
                0x00000000ff610360                xlat_change_mem_attributes_ctx
 *fill*         0x00000000ff6104f8        0x8 
 .text.plat_get_soc_version
                0x00000000ff610500        0x8 /home/lc/work/s32g/s32g399a/s32g399a-atf/build/s32g399ardb3/release/bl31/plat_bl_common.o
                0x00000000ff610500                plat_get_soc_version
 *fill*         0x00000000ff610508        0x8 
 .text.plat_get_soc_revision
                0x00000000ff610510        0x8 /home/lc/work/s32g/s32g399a/s32g399a-atf/build/s32g399ardb3/release/bl31/plat_bl_common.o
                0x00000000ff610510                plat_get_soc_revision
 *fill*         0x00000000ff610518        0x8 
 .text.plat_is_smccc_feature_available
                0x00000000ff610520        0x8 /home/lc/work/s32g/s32g399a/s32g399a-atf/build/s32g399ardb3/release/bl31/plat_bl_common.o
                0x00000000ff610520                plat_is_smccc_feature_available
 *fill*         0x00000000ff610528        0x8 
 .text.plat_ic_get_pending_interrupt_type
                0x00000000ff610530       0x30 /home/lc/work/s32g/s32g399a/s32g399a-atf/build/s32g399ardb3/release/bl31/plat_gicv3.o
                0x00000000ff610530                plat_ic_get_pending_interrupt_type
 .text.plat_ic_has_interrupt_type
                0x00000000ff610560        0xc /home/lc/work/s32g/s32g399a/s32g399a-atf/build/s32g399ardb3/release/bl31/plat_gicv3.o
                0x00000000ff610560                plat_ic_has_interrupt_type
 *fill*         0x00000000ff61056c        0x4 
 .text.plat_ic_raise_el3_sgi
                0x00000000ff610570        0xc /home/lc/work/s32g/s32g399a/s32g399a-atf/build/s32g399ardb3/release/bl31/plat_gicv3.o
                0x00000000ff610570                plat_ic_raise_el3_sgi
 *fill*         0x00000000ff61057c        0x4 
 .text.plat_log_get_prefix
                0x00000000ff610580       0x3c /home/lc/work/s32g/s32g399a/s32g399a-atf/build/s32g399ardb3/release/bl31/plat_log_common.o
                0x00000000ff610580                plat_log_get_prefix
 *fill*         0x00000000ff6105bc        0x4 
 .text.plat_get_target_pwr_state
                0x00000000ff6105c0       0x2c /home/lc/work/s32g/s32g399a/s32g399a-atf/build/s32g399ardb3/release/bl31/plat_psci_common.o
                0x00000000ff6105c0                plat_get_target_pwr_state
 *fill*         0x00000000ff6105ec        0x4 
 .text.plat_s32_mpidr_to_core_pos
                0x00000000ff6105f0        0x4 /home/lc/work/s32g/s32g399a/s32g399a-atf/build/s32g399ardb3/release/bl31/s32_bl31.o
 *fill*         0x00000000ff6105f4        0xc 
 .text.update_core_state
                0x00000000ff610600       0x84 /home/lc/work/s32g/s32g399a/s32g399a-atf/build/s32g399ardb3/release/bl31/s32_bl31.o
                0x00000000ff610600                update_core_state
 *fill*         0x00000000ff610684        0xc 
 .text.get_core_state
                0x00000000ff610690       0x60 /home/lc/work/s32g/s32g399a/s32g399a-atf/build/s32g399ardb3/release/bl31/s32_bl31.o
                0x00000000ff610690                get_core_state
 .text.is_core_enabled
                0x00000000ff6106f0       0x58 /home/lc/work/s32g/s32g399a/s32g399a-atf/build/s32g399ardb3/release/bl31/s32_bl31.o
                0x00000000ff6106f0                is_core_enabled
 *fill*         0x00000000ff610748        0x8 
 .text.is_last_core
                0x00000000ff610750       0x7c /home/lc/work/s32g/s32g399a/s32g399a-atf/build/s32g399ardb3/release/bl31/s32_bl31.o
                0x00000000ff610750                is_last_core
 *fill*         0x00000000ff6107cc        0x4 
 .text.is_cluster0_off
                0x00000000ff6107d0       0x84 /home/lc/work/s32g/s32g399a/s32g399a-atf/build/s32g399ardb3/release/bl31/s32_bl31.o
                0x00000000ff6107d0                is_cluster0_off
 *fill*         0x00000000ff610854        0xc 
 .text.is_cluster1_off
                0x00000000ff610860       0x84 /home/lc/work/s32g/s32g399a/s32g399a-atf/build/s32g399ardb3/release/bl31/s32_bl31.o
                0x00000000ff610860                is_cluster1_off
 *fill*         0x00000000ff6108e4        0xc 
 .text.bl31_plat_get_next_image_ep_info
                0x00000000ff6108f0       0x1c /home/lc/work/s32g/s32g399a/s32g399a-atf/build/s32g399ardb3/release/bl31/s32_bl31.o
                0x00000000ff6108f0                bl31_plat_get_next_image_ep_info
 *fill*         0x00000000ff61090c        0x4 
 .text.bl31_early_platform_setup2
                0x00000000ff610910       0x40 /home/lc/work/s32g/s32g399a/s32g399a-atf/build/s32g399ardb3/release/bl31/s32_bl31.o
                0x00000000ff610910                bl31_early_platform_setup2
 .text.s32_gic_setup
                0x00000000ff610950       0x4c /home/lc/work/s32g/s32g399a/s32g399a-atf/build/s32g399ardb3/release/bl31/s32_bl31.o
                0x00000000ff610950                s32_gic_setup
 *fill*         0x00000000ff61099c        0x4 
 .text.plat_gic_save
                0x00000000ff6109a0       0xc4 /home/lc/work/s32g/s32g399a/s32g399a-atf/build/s32g399ardb3/release/bl31/s32_bl31.o
                0x00000000ff6109a0                plat_gic_save
 *fill*         0x00000000ff610a64        0xc 
 .text.plat_gic_restore
                0x00000000ff610a70       0x50 /home/lc/work/s32g/s32g399a/s32g399a-atf/build/s32g399ardb3/release/bl31/s32_bl31.o
                0x00000000ff610a70                plat_gic_restore
 .text.plat_generic_timer_save
                0x00000000ff610ac0       0x18 /home/lc/work/s32g/s32g399a/s32g399a-atf/build/s32g399ardb3/release/bl31/s32_bl31.o
                0x00000000ff610ac0                plat_generic_timer_save
 *fill*         0x00000000ff610ad8        0x8 
 .text.init_cntvoff_el2
                0x00000000ff610ae0       0x14 /home/lc/work/s32g/s32g399a/s32g399a-atf/build/s32g399ardb3/release/bl31/s32_bl31.o
                0x00000000ff610ae0                init_cntvoff_el2
 *fill*         0x00000000ff610af4        0xc 
 .text.bl31_plat_arch_setup
                0x00000000ff610b00      0x198 /home/lc/work/s32g/s32g399a/s32g399a-atf/build/s32g399ardb3/release/bl31/s32_bl31.o
                0x00000000ff610b00                bl31_plat_arch_setup
 *fill*         0x00000000ff610c98        0x8 
 .text.bl31_plat_runtime_setup
                0x00000000ff610ca0       0x18 /home/lc/work/s32g/s32g399a/s32g399a-atf/build/s32g399ardb3/release/bl31/s32_bl31.o
                0x00000000ff610ca0                bl31_plat_runtime_setup
 *fill*         0x00000000ff610cb8        0x8 
 .text.is_lockstep_enabled
                0x00000000ff610cc0       0x14 /home/lc/work/s32g/s32g399a/s32g399a-atf/build/s32g399ardb3/release/bl31/s32_bl_common.o
                0x00000000ff610cc0                is_lockstep_enabled
 *fill*         0x00000000ff610cd4        0xc 
 .text.plat_get_syscnt_freq2
                0x00000000ff610ce0        0xc /home/lc/work/s32g/s32g399a/s32g399a-atf/build/s32g399ardb3/release/bl31/s32_bl_common.o
                0x00000000ff610ce0                plat_get_syscnt_freq2
 *fill*         0x00000000ff610cec        0x4 
 .text.s32_add_i2c_module
                0x00000000ff610cf0      0x100 /home/lc/work/s32g/s32g399a/s32g399a-atf/build/s32g399ardb3/release/bl31/s32_bl_common.o
                0x00000000ff610cf0                s32_add_i2c_module
 .text.plat_core_pos_by_mpidr
                0x00000000ff610df0       0x38 /home/lc/work/s32g/s32g399a/s32g399a-atf/build/s32g399ardb3/release/bl31/s32_bl_common.o
                0x00000000ff610df0                plat_core_pos_by_mpidr
 *fill*         0x00000000ff610e28        0x8 
 .text.dt_open_and_check
                0x00000000ff610e30       0x44 /home/lc/work/s32g/s32g399a/s32g399a-atf/build/s32g399ardb3/release/bl31/s32_dt.o
                0x00000000ff610e30                dt_open_and_check
 *fill*         0x00000000ff610e74        0xc 
 .text.fdt_get_address
                0x00000000ff610e80       0x48 /home/lc/work/s32g/s32g399a/s32g399a-atf/build/s32g399ardb3/release/bl31/s32_dt.o
                0x00000000ff610e80                fdt_get_address
 *fill*         0x00000000ff610ec8        0x8 
 .text.fdt_get_status
                0x00000000ff610ed0       0x68 /home/lc/work/s32g/s32g399a/s32g399a-atf/build/s32g399ardb3/release/bl31/s32_dt.o
                0x00000000ff610ed0                fdt_get_status
 *fill*         0x00000000ff610f38        0x8 
 .text.dt_enable_clocks
                0x00000000ff610f40      0x184 /home/lc/work/s32g/s32g399a/s32g399a-atf/build/s32g399ardb3/release/bl31/s32_dt.o
                0x00000000ff610f40                dt_enable_clocks
 *fill*         0x00000000ff6110c4        0xc 
 .text.dt_fill_device_info
                0x00000000ff6110d0       0x98 /home/lc/work/s32g/s32g399a/s32g399a-atf/build/s32g399ardb3/release/bl31/s32_dt.o
                0x00000000ff6110d0                dt_fill_device_info
 *fill*         0x00000000ff611168        0x8 
 .text.mc_me_part_pupd_update_and_wait
                0x00000000ff611170       0x5c /home/lc/work/s32g/s32g399a/s32g399a-atf/build/s32g399ardb3/release/bl31/s32_mc_me.o
                0x00000000ff611170                mc_me_part_pupd_update_and_wait
 *fill*         0x00000000ff6111cc        0x4 
 .text.mc_me_enable_partition
                0x00000000ff6111d0      0x188 /home/lc/work/s32g/s32g399a/s32g399a-atf/build/s32g399ardb3/release/bl31/s32_mc_me.o
                0x00000000ff6111d0                mc_me_enable_partition
 *fill*         0x00000000ff611358        0x8 
 .text.mc_me_disable_partition
                0x00000000ff611360      0x180 /home/lc/work/s32g/s32g399a/s32g399a-atf/build/s32g399ardb3/release/bl31/s32_mc_me.o
                0x00000000ff611360                mc_me_disable_partition
 .text.is_core_in_reset
                0x00000000ff6114e0       0x8c /home/lc/work/s32g/s32g399a/s32g399a-atf/build/s32g399ardb3/release/bl31/s32_mc_me.o
                0x00000000ff6114e0                is_core_in_reset
 *fill*         0x00000000ff61156c        0x4 
 .text.is_a53_core_in_reset
                0x00000000ff611570       0x40 /home/lc/work/s32g/s32g399a/s32g399a-atf/build/s32g399ardb3/release/bl31/s32_mc_me.o
                0x00000000ff611570                is_a53_core_in_reset
 .text.s32_set_core_entrypoint
                0x00000000ff6115b0       0x94 /home/lc/work/s32g/s32g399a/s32g399a-atf/build/s32g399ardb3/release/bl31/s32_mc_me.o