Archive member included to satisfy reference by file (symbol)

/home/lc/work/s32g/s32g399a/arm-trusted-firmware/build/s32g399ardb3/release/lib/libfdt.a(fdt.o)
                              /home/lc/work/s32g/s32g399a/arm-trusted-firmware/build/s32g399ardb3/release/bl31sram/s32_dt.o (fdt_check_header)
/home/lc/work/s32g/s32g399a/arm-trusted-firmware/build/s32g399ardb3/release/lib/libfdt.a(fdt_addresses.o)
                              /home/lc/work/s32g/s32g399a/arm-trusted-firmware/build/s32g399ardb3/release/bl31sram/fdt_wrappers.o (fdt_address_cells)
/home/lc/work/s32g/s32g399a/arm-trusted-firmware/build/s32g399ardb3/release/lib/libfdt.a(fdt_ro.o)
                              /home/lc/work/s32g/s32g399a/arm-trusted-firmware/build/s32g399ardb3/release/bl31sram/fdt_wrappers.o (fdt_get_name)
/home/lc/work/s32g/s32g399a/arm-trusted-firmware/build/s32g399ardb3/release/lib/libfdt.a(fdt_rw.o)
                              /home/lc/work/s32g/s32g399a/arm-trusted-firmware/build/s32g399ardb3/release/lib/libfdt.a(fdt_addresses.o) (fdt_appendprop)
/home/lc/work/s32g/s32g399a/arm-trusted-firmware/build/s32g399ardb3/release/lib/libfdt.a(fdt_strerror.o)
                              /home/lc/work/s32g/s32g399a/arm-trusted-firmware/build/s32g399ardb3/release/bl31sram/fdt_wrappers.o (fdt_strerror)
/home/lc/work/s32g/s32g399a/arm-trusted-firmware/build/s32g399ardb3/release/lib/libfdt.a(fdt_wip.o)
                              /home/lc/work/s32g/s32g399a/arm-trusted-firmware/build/s32g399ardb3/release/bl31sram/fdt_wrappers.o (fdt_setprop_inplace_namelen_partial)

Discarded input sections

 .text          0x0000000000000000        0x0 /home/lc/work/s32g/s32g399a/arm-trusted-firmware/build/s32g399ardb3/release/bl31sram/build_message.o
 .data          0x0000000000000000        0x0 /home/lc/work/s32g/s32g399a/arm-trusted-firmware/build/s32g399ardb3/release/bl31sram/build_message.o
 .bss           0x0000000000000000        0x0 /home/lc/work/s32g/s32g399a/arm-trusted-firmware/build/s32g399ardb3/release/bl31sram/build_message.o
 .rodata.build_message
                0x0000000000000000       0x1e /home/lc/work/s32g/s32g399a/arm-trusted-firmware/build/s32g399ardb3/release/bl31sram/build_message.o
 .rodata.version
                0x0000000000000000        0x7 /home/lc/work/s32g/s32g399a/arm-trusted-firmware/build/s32g399ardb3/release/bl31sram/build_message.o
 .rodata.version_string
                0x0000000000000000       0x26 /home/lc/work/s32g/s32g399a/arm-trusted-firmware/build/s32g399ardb3/release/bl31sram/build_message.o
 .comment       0x0000000000000000       0x34 /home/lc/work/s32g/s32g399a/arm-trusted-firmware/build/s32g399ardb3/release/bl31sram/build_message.o
 .note.GNU-stack
                0x0000000000000000        0x0 /home/lc/work/s32g/s32g399a/arm-trusted-firmware/build/s32g399ardb3/release/bl31sram/build_message.o
 .text          0x0000000000000000        0x0 /home/lc/work/s32g/s32g399a/arm-trusted-firmware/build/s32g399ardb3/release/bl31sram/boot_info.o
 .data          0x0000000000000000        0x0 /home/lc/work/s32g/s32g399a/arm-trusted-firmware/build/s32g399ardb3/release/bl31sram/boot_info.o
 .bss           0x0000000000000000        0x0 /home/lc/work/s32g/s32g399a/arm-trusted-firmware/build/s32g399ardb3/release/bl31sram/boot_info.o
 .rodata.dtb_size
                0x0000000000000000        0x4 /home/lc/work/s32g/s32g399a/arm-trusted-firmware/build/s32g399ardb3/release/bl31sram/boot_info.o
 .rodata.fip_location_mem
                0x0000000000000000        0x1 /home/lc/work/s32g/s32g399a/arm-trusted-firmware/build/s32g399ardb3/release/bl31sram/boot_info.o
 .rodata.fip_location_mmc
                0x0000000000000000        0x1 /home/lc/work/s32g/s32g399a/arm-trusted-firmware/build/s32g399ardb3/release/bl31sram/boot_info.o
 .rodata.fip_location_qspi
                0x0000000000000000        0x1 /home/lc/work/s32g/s32g399a/arm-trusted-firmware/build/s32g399ardb3/release/bl31sram/boot_info.o
 .rodata.fip_mem_offset
                0x0000000000000000        0x8 /home/lc/work/s32g/s32g399a/arm-trusted-firmware/build/s32g399ardb3/release/bl31sram/boot_info.o
 .comment       0x0000000000000000       0x34 /home/lc/work/s32g/s32g399a/arm-trusted-firmware/build/s32g399ardb3/release/bl31sram/boot_info.o
 .note.GNU-stack
                0x0000000000000000        0x0 /home/lc/work/s32g/s32g399a/arm-trusted-firmware/build/s32g399ardb3/release/bl31sram/boot_info.o
 .text          0x0000000000000000        0x0 /home/lc/work/s32g/s32g399a/arm-trusted-firmware/build/s32g399ardb3/release/bl31sram/bl_common.o
 .data          0x0000000000000000        0x0 /home/lc/work/s32g/s32g399a/arm-trusted-firmware/build/s32g399ardb3/release/bl31sram/bl_common.o
 .bss           0x0000000000000000        0x0 /home/lc/work/s32g/s32g399a/arm-trusted-firmware/build/s32g399ardb3/release/bl31sram/bl_common.o
 .text.page_align
[...]
Memory Configuration

Name             Origin             Length             Attributes
RAM              0x0000000034302000 0x0000000000032000 xrw
*default*        0x0000000000000000 0xffffffffffffffff

Linker script and memory map

                0x0000000034302000                . = 0x34302000
                0x0000000000000001                ASSERT ((. == ALIGN (0x1000)), BL31SRAM_BASE address is not aligned on a page boundary.)

ro              0x0000000034302000     0x1000
                0x0000000034302000                __RO_START__ = .
 *bl31sram_entrypoint.o(.text*)
 .text.asm.bl31sram_entrypoint
                0x0000000034302000       0x34 /home/lc/work/s32g/s32g399a/arm-trusted-firmware/build/s32g399ardb3/release/bl31sram/bl31sram_entrypoint.o
                0x0000000034302000                bl31sram_entrypoint
 *(.text*)
 *fill*         0x0000000034302034        0xc 
 .text.ddrss_gpr_to_io_retention_mode_mmio
                0x0000000034302040       0x2c /home/lc/work/s32g/s32g399a/arm-trusted-firmware/build/s32g399ardb3/release/bl31sram/ddr_lp.o
                0x0000000034302040                ddrss_gpr_to_io_retention_mode_mmio
 *fill*         0x000000003430206c        0x4 
 .text.ddrss_to_io_retention_mode
                0x0000000034302070      0x164 /home/lc/work/s32g/s32g399a/arm-trusted-firmware/build/s32g399ardb3/release/bl31sram/ddr_lp.o
                0x0000000034302070                ddrss_to_io_retention_mode
 *fill*         0x00000000343021d4        0xc 
 .text.core_turn_off
                0x00000000343021e0       0x1c /home/lc/work/s32g/s32g399a/arm-trusted-firmware/build/s32g399ardb3/release/bl31sram/core_turn_off.o
                0x00000000343021e0                core_turn_off
 *fill*         0x00000000343021fc        0x4 
 .text.ddrss_gpr_to_io_retention_mode
                0x0000000034302200        0x4 /home/lc/work/s32g/s32g399a/arm-trusted-firmware/build/s32g399ardb3/release/bl31sram/s32_bl_common.o
                0x0000000034302200                ddrss_gpr_to_io_retention_mode
 *fill*         0x0000000034302204        0xc 
 .text.mc_me_apply_hw_changes
                0x0000000034302210       0x1c /home/lc/work/s32g/s32g399a/arm-trusted-firmware/build/s32g399ardb3/release/bl31sram/s32_mc_me.o
                0x0000000034302210                mc_me_apply_hw_changes
 *fill*         0x000000003430222c        0x4 
 .text.s32_disable_cofb_clk
                0x0000000034302230       0x78 /home/lc/work/s32g/s32g399a/arm-trusted-firmware/build/s32g399ardb3/release/bl31sram/s32_mc_me.o
                0x0000000034302230                s32_disable_cofb_clk
 *fill*         0x00000000343022a8        0x8 
 .text.bl31sram_main
                0x00000000343022b0       0x4c /home/lc/work/s32g/s32g399a/arm-trusted-firmware/build/s32g399ardb3/release/bl31sram/bl31sram_main.o
                0x00000000343022b0                bl31sram_main
 *fill*         0x00000000343022fc        0x4 
 .text.s32g_disable_pll
                0x0000000034302300       0x48 /home/lc/work/s32g/s32g399a/arm-trusted-firmware/build/s32g399ardb3/release/bl31sram/s32g_clocks.o
                0x0000000034302300                s32g_disable_pll
 *fill*         0x0000000034302348        0x8 
 .text.s32g_disable_fxosc
                0x0000000034302350       0x24 /home/lc/work/s32g/s32g399a/arm-trusted-firmware/build/s32g399ardb3/release/bl31sram/s32g_clocks.o
                0x0000000034302350                s32g_disable_fxosc
 *fill*         0x0000000034302374        0xc 
 .text.sw_mux_clk_config
                0x0000000034302380       0x9c /home/lc/work/s32g/s32g399a/arm-trusted-firmware/build/s32g399ardb3/release/bl31sram/s32g_clocks.o
                0x0000000034302380                sw_mux_clk_config
 *fill*         0x000000003430241c        0x4 
 .text.s32g_ddr2firc
                0x0000000034302420       0x10 /home/lc/work/s32g/s32g399a/arm-trusted-firmware/build/s32g399ardb3/release/bl31sram/s32g_clocks.o
                0x0000000034302420                s32g_ddr2firc
 .text.s32g_set_stby_master_core
                0x0000000034302430       0x38 /home/lc/work/s32g/s32g399a/arm-trusted-firmware/build/s32g399ardb3/release/bl31sram/s32g_mc_me.o
                0x0000000034302430                s32g_set_stby_master_core
 .text.asm.do_dcsw_op
                0x0000000034302468       0xfc /home/lc/work/s32g/s32g399a/arm-trusted-firmware/build/s32g399ardb3/release/bl31sram/cache_helpers.o
 .text.asm.dcsw_op_all
                0x0000000034302564       0x14 /home/lc/work/s32g/s32g399a/arm-trusted-firmware/build/s32g399ardb3/release/bl31sram/cache_helpers.o
                0x0000000034302564                dcsw_op_all
 .text.asm.dcsw_op_level1
                0x0000000034302578       0x10 /home/lc/work/s32g/s32g399a/arm-trusted-firmware/build/s32g399ardb3/release/bl31sram/cache_helpers.o
                0x0000000034302578                dcsw_op_level1
 .text.asm.zeromem
                0x0000000034302588        0x8 /home/lc/work/s32g/s32g399a/arm-trusted-firmware/build/s32g399ardb3/release/bl31sram/misc_helpers.o
                0x0000000034302588                zeromem
 .text.asm.zeromem_dczva
                0x0000000034302590       0xe8 /home/lc/work/s32g/s32g399a/arm-trusted-firmware/build/s32g399ardb3/release/bl31sram/misc_helpers.o
                0x0000000034302590                zero_normalmem
 .text.asm.disable_mmu_el3
                0x0000000034302678       0x1c /home/lc/work/s32g/s32g399a/arm-trusted-firmware/build/s32g399ardb3/release/bl31sram/misc_helpers.o
                0x0000000034302678                disable_mmu_el3
 .text.asm.cortex_a53_disable_dcache
                0x0000000034302694       0x14 /home/lc/work/s32g/s32g399a/arm-trusted-firmware/build/s32g399ardb3/release/bl31sram/cortex_a53.o
 .text.asm.cortex_a53_disable_smp
                0x00000000343026a8       0x18 /home/lc/work/s32g/s32g399a/arm-trusted-firmware/build/s32g399ardb3/release/bl31sram/cortex_a53.o
 .text.asm.cortex_a53_core_pwr_dwn
                0x00000000343026c0       0x18 /home/lc/work/s32g/s32g399a/arm-trusted-firmware/build/s32g399ardb3/release/bl31sram/cortex_a53.o
                0x00000000343026c0                cortex_a53_core_pwr_dwn
 .text.asm.plat_set_my_stack
                0x00000000343026d8       0x10 /home/lc/work/s32g/s32g399a/arm-trusted-firmware/build/s32g399ardb3/release/bl31sram/platform_up_stack.o
                0x00000000343026d8                plat_set_my_stack
 .text.asm.plat_panic_handler
                0x00000000343026e8        0x8 /home/lc/work/s32g/s32g399a/arm-trusted-firmware/build/s32g399ardb3/release/bl31sram/s32_lowlevel_common.o
                0x00000000343026e8                plat_panic_handler
 .text.asm.plat_my_core_pos
                0x00000000343026f0       0x14 /home/lc/work/s32g/s32g399a/arm-trusted-firmware/build/s32g399ardb3/release/bl31sram/s32_lowlevel_common.o
                0x00000000343026f0                plat_my_core_pos
 .text.asm.s32_core_pos_by_mpidr
                0x0000000034302704       0x14 /home/lc/work/s32g/s32g399a/arm-trusted-firmware/build/s32g399ardb3/release/bl31sram/s32_lowlevel_common.o
                0x0000000034302704                s32_core_pos_by_mpidr
 *(.rodata*)
 .rodata.CSWTCH.5
                0x0000000034302718       0x20 /home/lc/work/s32g/s32g399a/arm-trusted-firmware/build/s32g399ardb3/release/bl31sram/s32g_clocks.o
                0x0000000034302738                . = ALIGN (0x8)
                0x0000000034302738                __PARSER_LIB_DESCS_START__ = .
 *(.img_parser_lib_descs)
                0x0000000034302738                __PARSER_LIB_DESCS_END__ = .
 *(.vectors)
                0x0000000034302738                __RO_END_UNALIGNED__ = .
                0x0000000034303000                . = ALIGN (0x1000)
 *fill*         0x0000000034302738      0x8c8 
                0x0000000034303000                __RO_END__ = .
                0x0000000034303000                __RW_START__ = .

.iplt           0x0000000034303000        0x0
 .iplt          0x0000000034303000        0x0 /home/lc/work/s32g/s32g399a/arm-trusted-firmware/build/s32g399ardb3/release/bl31sram/ddr_lp.o

.rela.dyn       0x0000000034303000        0x0
 .rela.iplt     0x0000000034303000        0x0 /home/lc/work/s32g/s32g399a/arm-trusted-firmware/build/s32g399ardb3/release/bl31sram/ddr_lp.o
 .rela.text.asm.bl31sram_entrypoint
                0x0000000034303000        0x0 /home/lc/work/s32g/s32g399a/arm-trusted-firmware/build/s32g399ardb3/release/bl31sram/ddr_lp.o

.data           0x0000000034303000        0x0
                0x0000000034303000                __DATA_START__ = .
 *(.data*)
                0x0000000034303000                __DATA_END__ = .

.igot.plt       0x0000000034303000        0x0
 .igot.plt      0x0000000034303000        0x0 /home/lc/work/s32g/s32g399a/arm-trusted-firmware/build/s32g399ardb3/release/bl31sram/ddr_lp.o

stacks          0x0000000034303000        0x0
                0x0000000034303000                __STACKS_START__ = .
 *(tzfw_normal_stacks)
                0x0000000034303000                __STACKS_END__ = .

.bss            0x0000000034303000        0x0
                0x0000000034303000                __BSS_START__ = .
 *(SORT_BY_ALIGNMENT(.bss*))
 *(COMMON)
                0x0000000034303000                __BSS_END__ = .

.tzfw_normal_stacks
                0x0000000034303000     0x4000
 .tzfw_normal_stacks
                0x0000000034303000     0x4000 /home/lc/work/s32g/s32g399a/arm-trusted-firmware/build/s32g399ardb3/release/bl31sram/platform_up_stack.o

xlat_table
 *(xlat_table)
                0x0000000034307000                __RW_END__ = .
                0x0000000034307000                __BL31SRAM_END__ = .
                0x0000000000000000                __BSS_SIZE__ = SIZEOF (.bss)
                0x0000000000000001                ASSERT ((. <= 0x34334000), BL31SRAM image has exceeded its limit.)
LOAD /home/lc/work/s32g/s32g399a/arm-trusted-firmware/build/s32g399ardb3/release/bl31sram/build_message.o
LOAD /home/lc/work/s32g/s32g399a/arm-trusted-firmware/build/s32g399ardb3/release/bl31sram/boot_info.o
LOAD /home/lc/work/s32g/s32g399a/arm-trusted-firmware/build/s32g399ardb3/release/bl31sram/bl_common.o
LOAD /home/lc/work/s32g/s32g399a/arm-trusted-firmware/build/s32g399ardb3/release/bl31sram/fdt_wrappers.o
LOAD /home/lc/work/s32g/s32g399a/arm-trusted-firmware/build/s32g399ardb3/release/bl31sram/tf_log.o
LOAD /home/lc/work/s32g/s32g399a/arm-trusted-firmware/build/s32g399ardb3/release/bl31sram/scmi_common.o
LOAD /home/lc/work/s32g/s32g399a/arm-trusted-firmware/build/s32g399ardb3/release/bl31sram/scmi_logger.o
LOAD /home/lc/work/s32g/s32g399a/arm-trusted-firmware/build/s32g399ardb3/release/bl31sram/scmi_sys_pwr_proto.o
LOAD /home/lc/work/s32g/s32g399a/arm-trusted-firmware/build/s32g399ardb3/release/bl31sram/arm_gicv3_common.o
LOAD /home/lc/work/s32g/s32g399a/arm-trusted-firmware/build/s32g399ardb3/release/bl31sram/gic-x00.o
LOAD /home/lc/work/s32g/s32g399a/arm-trusted-firmware/build/s32g399ardb3/release/bl31sram/gicdv3_helpers.o
LOAD /home/lc/work/s32g/s32g399a/arm-trusted-firmware/build/s32g399ardb3/release/bl31sram/gicrv3_helpers.o
LOAD /home/lc/work/s32g/s32g399a/arm-trusted-firmware/build/s32g399ardb3/release/bl31sram/gicv3_helpers.o
LOAD /home/lc/work/s32g/s32g399a/arm-trusted-firmware/build/s32g399ardb3/release/bl31sram/gicv3_main.o
LOAD /home/lc/work/s32g/s32g399a/arm-trusted-firmware/build/s32g399ardb3/release/bl31sram/multi_console.o
LOAD /home/lc/work/s32g/s32g399a/arm-trusted-firmware/build/s32g399ardb3/release/bl31sram/delay_timer.o
LOAD /home/lc/work/s32g/s32g399a/arm-trusted-firmware/build/s32g399ardb3/release/bl31sram/generic_delay_timer.o
LOAD /home/lc/work/s32g/s32g399a/arm-trusted-firmware/build/s32g399ardb3/release/bl31sram/clk.o
LOAD /home/lc/work/s32g/s32g399a/arm-trusted-firmware/build/s32g399ardb3/release/bl31sram/early_clocks.o
LOAD /home/lc/work/s32g/s32g399a/arm-trusted-firmware/build/s32g399ardb3/release/bl31sram/enable_clk.o
LOAD /home/lc/work/s32g/s32g399a/arm-trusted-firmware/build/s32g399ardb3/release/bl31sram/get_rate.o
LOAD /home/lc/work/s32g/s32g399a/arm-trusted-firmware/build/s32g399ardb3/release/bl31sram/plat_clk.o
LOAD /home/lc/work/s32g/s32g399a/arm-trusted-firmware/build/s32g399ardb3/release/bl31sram/s32gen1_clk.o
LOAD /home/lc/work/s32g/s32g399a/arm-trusted-firmware/build/s32g399ardb3/release/bl31sram/set_par_rate.o
LOAD /home/lc/work/s32g/s32g399a/arm-trusted-firmware/build/s32g399ardb3/release/bl31sram/ddr_lp.o
LOAD /home/lc/work/s32g/s32g399a/arm-trusted-firmware/build/s32g399ardb3/release/bl31sram/s32_i2c.o
LOAD /home/lc/work/s32g/s32g399a/arm-trusted-firmware/build/s32g399ardb3/release/bl31sram/memory_pool.o
LOAD /home/lc/work/s32g/s32g399a/arm-trusted-firmware/build/s32g399ardb3/release/bl31sram/s32gen1_rst.o
LOAD /home/lc/work/s32g/s32g399a/arm-trusted-firmware/build/s32g399ardb3/release/bl31sram/s32_stm.o
LOAD /home/lc/work/s32g/s32g399a/arm-trusted-firmware/build/s32g399ardb3/release/bl31sram/popcountdi2.o
LOAD /home/lc/work/s32g/s32g399a/arm-trusted-firmware/build/s32g399ardb3/release/bl31sram/popcountsi2.o
LOAD /home/lc/work/s32g/s32g399a/arm-trusted-firmware/build/s32g399ardb3/release/bl31sram/pmuv3.o
LOAD /home/lc/work/s32g/s32g399a/arm-trusted-firmware/build/s32g399ardb3/release/bl31sram/abort.o
LOAD /home/lc/work/s32g/s32g399a/arm-trusted-firmware/build/s32g399ardb3/release/bl31sram/assert.o
LOAD /home/lc/work/s32g/s32g399a/arm-trusted-firmware/build/s32g399ardb3/release/bl31sram/exit.o
LOAD /home/lc/work/s32g/s32g399a/arm-trusted-firmware/build/s32g399ardb3/release/bl31sram/memchr.o
LOAD /home/lc/work/s32g/s32g399a/arm-trusted-firmware/build/s32g399ardb3/release/bl31sram/memcmp.o
LOAD /home/lc/work/s32g/s32g399a/arm-trusted-firmware/build/s32g399ardb3/release/bl31sram/memcpy.o
LOAD /home/lc/work/s32g/s32g399a/arm-trusted-firmware/build/s32g399ardb3/release/bl31sram/memcpy_s.o
LOAD /home/lc/work/s32g/s32g399a/arm-trusted-firmware/build/s32g399ardb3/release/bl31sram/memmove.o
LOAD /home/lc/work/s32g/s32g399a/arm-trusted-firmware/build/s32g399ardb3/release/bl31sram/memrchr.o
LOAD /home/lc/work/s32g/s32g399a/arm-trusted-firmware/build/s32g399ardb3/release/bl31sram/memset.o
LOAD /home/lc/work/s32g/s32g399a/arm-trusted-firmware/build/s32g399ardb3/release/bl31sram/printf.o
LOAD /home/lc/work/s32g/s32g399a/arm-trusted-firmware/build/s32g399ardb3/release/bl31sram/putchar.o
LOAD /home/lc/work/s32g/s32g399a/arm-trusted-firmware/build/s32g399ardb3/release/bl31sram/puts.o
LOAD /home/lc/work/s32g/s32g399a/arm-trusted-firmware/build/s32g399ardb3/release/bl31sram/snprintf.o
LOAD /home/lc/work/s32g/s32g399a/arm-trusted-firmware/build/s32g399ardb3/release/bl31sram/strchr.o
LOAD /home/lc/work/s32g/s32g399a/arm-trusted-firmware/build/s32g399ardb3/release/bl31sram/strcmp.o
LOAD /home/lc/work/s32g/s32g399a/arm-trusted-firmware/build/s32g399ardb3/release/bl31sram/strlcat.o
LOAD /home/lc/work/s32g/s32g399a/arm-trusted-firmware/build/s32g399ardb3/release/bl31sram/strlcpy.o
LOAD /home/lc/work/s32g/s32g399a/arm-trusted-firmware/build/s32g399ardb3/release/bl31sram/strlen.o
LOAD /home/lc/work/s32g/s32g399a/arm-trusted-firmware/build/s32g399ardb3/release/bl31sram/strncmp.o
LOAD /home/lc/work/s32g/s32g399a/arm-trusted-firmware/build/s32g399ardb3/release/bl31sram/strnlen.o
LOAD /home/lc/work/s32g/s32g399a/arm-trusted-firmware/build/s32g399ardb3/release/bl31sram/strrchr.o
LOAD /home/lc/work/s32g/s32g399a/arm-trusted-firmware/build/s32g399ardb3/release/bl31sram/strtok.o
LOAD /home/lc/work/s32g/s32g399a/arm-trusted-firmware/build/s32g399ardb3/release/bl31sram/strtol.o
LOAD /home/lc/work/s32g/s32g399a/arm-trusted-firmware/build/s32g399ardb3/release/bl31sram/strtoll.o
LOAD /home/lc/work/s32g/s32g399a/arm-trusted-firmware/build/s32g399ardb3/release/bl31sram/strtoul.o
LOAD /home/lc/work/s32g/s32g399a/arm-trusted-firmware/build/s32g399ardb3/release/bl31sram/strtoull.o
LOAD /home/lc/work/s32g/s32g399a/arm-trusted-firmware/build/s32g399ardb3/release/bl31sram/plat_common.o
LOAD /home/lc/work/s32g/s32g399a/arm-trusted-firmware/build/s32g399ardb3/release/bl31sram/plat_bl_common.o
LOAD /home/lc/work/s32g/s32g399a/arm-trusted-firmware/build/s32g399ardb3/release/bl31sram/plat_log_common.o
LOAD /home/lc/work/s32g/s32g399a/arm-trusted-firmware/build/s32g399ardb3/release/bl31sram/s32_scmi.o
LOAD /home/lc/work/s32g/s32g399a/arm-trusted-firmware/build/s32g399ardb3/release/bl31sram/core_turn_off.o
LOAD /home/lc/work/s32g/s32g399a/arm-trusted-firmware/build/s32g399ardb3/release/bl31sram/s32_bl_common.o
LOAD /home/lc/work/s32g/s32g399a/arm-trusted-firmware/build/s32g399ardb3/release/bl31sram/s32_dt.o
LOAD /home/lc/work/s32g/s32g399a/arm-trusted-firmware/build/s32g399ardb3/release/bl31sram/s32_irq_mgmt.o
LOAD /home/lc/work/s32g/s32g399a/arm-trusted-firmware/build/s32g399ardb3/release/bl31sram/s32_linflexuart.o
LOAD /home/lc/work/s32g/s32g399a/arm-trusted-firmware/build/s32g399ardb3/release/bl31sram/s32_mc_me.o
LOAD /home/lc/work/s32g/s32g399a/arm-trusted-firmware/build/s32g399ardb3/release/bl31sram/s32_mc_rgm.o
LOAD /home/lc/work/s32g/s32g399a/arm-trusted-firmware/build/s32g399ardb3/release/bl31sram/s32_ncore.o
LOAD /home/lc/work/s32g/s32g399a/arm-trusted-firmware/build/s32g399ardb3/release/bl31sram/s32_pinctrl.o
LOAD /home/lc/work/s32g/s32g399a/arm-trusted-firmware/build/s32g399ardb3/release/bl31sram/s32_pmic.o
LOAD /home/lc/work/s32g/s32g399a/arm-trusted-firmware/build/s32g399ardb3/release/bl31sram/s32_scmi_pinctrl.o
LOAD /home/lc/work/s32g/s32g399a/arm-trusted-firmware/build/s32g399ardb3/release/bl31sram/s32_scmi_rst.o
LOAD /home/lc/work/s32g/s32g399a/arm-trusted-firmware/build/s32g399ardb3/release/bl31sram/s32_scp_scmi.o
LOAD /home/lc/work/s32g/s32g399a/arm-trusted-firmware/build/s32g399ardb3/release/bl31sram/s32_scp_utils.o
LOAD /home/lc/work/s32g/s32g399a/arm-trusted-firmware/build/s32g399ardb3/release/bl31sram/s32_sramc.o
LOAD /home/lc/work/s32g/s32g399a/arm-trusted-firmware/build/s32g399ardb3/release/bl31sram/bl31sram_main.o
LOAD /home/lc/work/s32g/s32g399a/arm-trusted-firmware/build/s32g399ardb3/release/bl31sram/s32g_clocks.o
LOAD /home/lc/work/s32g/s32g399a/arm-trusted-firmware/build/s32g399ardb3/release/bl31sram/s32g_mc_me.o
LOAD /home/lc/work/s32g/s32g399a/arm-trusted-firmware/build/s32g399ardb3/release/bl31sram/debug.o
LOAD /home/lc/work/s32g/s32g399a/arm-trusted-firmware/build/s32g399ardb3/release/bl31sram/linflex_console.o
LOAD /home/lc/work/s32g/s32g399a/arm-trusted-firmware/build/s32g399ardb3/release/bl31sram/cache_helpers.o
LOAD /home/lc/work/s32g/s32g399a/arm-trusted-firmware/build/s32g399ardb3/release/bl31sram/misc_helpers.o
LOAD /home/lc/work/s32g/s32g399a/arm-trusted-firmware/build/s32g399ardb3/release/bl31sram/cortex_a53.o
LOAD /home/lc/work/s32g/s32g399a/arm-trusted-firmware/build/s32g399ardb3/release/bl31sram/setjmp.o
LOAD /home/lc/work/s32g/s32g399a/arm-trusted-firmware/build/s32g399ardb3/release/bl31sram/spinlock.o
LOAD /home/lc/work/s32g/s32g399a/arm-trusted-firmware/build/s32g399ardb3/release/bl31sram/platform_helpers.o
LOAD /home/lc/work/s32g/s32g399a/arm-trusted-firmware/build/s32g399ardb3/release/bl31sram/platform_up_stack.o
LOAD /home/lc/work/s32g/s32g399a/arm-trusted-firmware/build/s32g399ardb3/release/bl31sram/s32_linflexuart_crash.o
LOAD /home/lc/work/s32g/s32g399a/arm-trusted-firmware/build/s32g399ardb3/release/bl31sram/s32_lowlevel_common.o
LOAD /home/lc/work/s32g/s32g399a/arm-trusted-firmware/build/s32g399ardb3/release/bl31sram/s32_sramc_asm.o
LOAD /home/lc/work/s32g/s32g399a/arm-trusted-firmware/build/s32g399ardb3/release/bl31sram/bl31sram_entrypoint.o
LOAD /home/lc/work/s32g/s32g399a/arm-trusted-firmware/build/s32g399ardb3/release/lib/libfdt.a
OUTPUT(/home/lc/work/s32g/s32g399a/arm-trusted-firmware/build/s32g399ardb3/release/bl31sram/bl31sram.elf elf64-littleaarch64)
LOAD linker stubs

.comment        0x0000000000000000       0x33
 .comment       0x0000000000000000       0x33 /home/lc/work/s32g/s32g399a/arm-trusted-firmware/build/s32g399ardb3/release/bl31sram/ddr_lp.o
                                         0x34 (size before relaxing)
 .comment       0x0000000000000033       0x34 /home/lc/work/s32g/s32g399a/arm-trusted-firmware/build/s32g399ardb3/release/bl31sram/core_turn_off.o
 .comment       0x0000000000000033       0x34 /home/lc/work/s32g/s32g399a/arm-trusted-firmware/build/s32g399ardb3/release/bl31sram/s32_bl_common.o
 .comment       0x0000000000000033       0x34 /home/lc/work/s32g/s32g399a/arm-trusted-firmware/build/s32g399ardb3/release/bl31sram/s32_mc_me.o
 .comment       0x0000000000000033       0x34 /home/lc/work/s32g/s32g399a/arm-trusted-firmware/build/s32g399ardb3/release/bl31sram/bl31sram_main.o
 .comment       0x0000000000000033       0x34 /home/lc/work/s32g/s32g399a/arm-trusted-firmware/build/s32g399ardb3/release/bl31sram/s32g_clocks.o
 .comment       0x0000000000000033       0x34 /home/lc/work/s32g/s32g399a/arm-trusted-firmware/build/s32g399ardb3/release/bl31sram/s32g_mc_me.o

.note.GNU-stack
                0x0000000000000000        0x0
 .note.GNU-stack
                0x0000000000000000        0x0 /home/lc/work/s32g/s32g399a/arm-trusted-firmware/build/s32g399ardb3/release/bl31sram/ddr_lp.o
 .note.GNU-stack
                0x0000000000000000        0x0 /home/lc/work/s32g/s32g399a/arm-trusted-firmware/build/s32g399ardb3/release/bl31sram/core_turn_off.o
 .note.GNU-stack
                0x0000000000000000        0x0 /home/lc/work/s32g/s32g399a/arm-trusted-firmware/build/s32g399ardb3/release/bl31sram/s32_bl_common.o
 .note.GNU-stack
                0x0000000000000000        0x0 /home/lc/work/s32g/s32g399a/arm-trusted-firmware/build/s32g399ardb3/release/bl31sram/s32_mc_me.o
 .note.GNU-stack
                0x0000000000000000        0x0 /home/lc/work/s32g/s32g399a/arm-trusted-firmware/build/s32g399ardb3/release/bl31sram/bl31sram_main.o
 .note.GNU-stack
                0x0000000000000000        0x0 /home/lc/work/s32g/s32g399a/arm-trusted-firmware/build/s32g399ardb3/release/bl31sram/s32g_clocks.o
 .note.GNU-stack
                0x0000000000000000        0x0 /home/lc/work/s32g/s32g399a/arm-trusted-firmware/build/s32g399ardb3/release/bl31sram/s32g_mc_me.o

.debug_frame    0x0000000000000000      0x510
 .debug_frame   0x0000000000000000      0x100 /home/lc/work/s32g/s32g399a/arm-trusted-firmware/build/s32g399ardb3/release/bl31sram/cache_helpers.o
 .debug_frame   0x0000000000000100      0x100 /home/lc/work/s32g/s32g399a/arm-trusted-firmware/build/s32g399ardb3/release/bl31sram/misc_helpers.o
 .debug_frame   0x0000000000000200      0x1f0 /home/lc/work/s32g/s32g399a/arm-trusted-firmware/build/s32g399ardb3/release/bl31sram/cortex_a53.o
 .debug_frame   0x00000000000003f0       0x40 /home/lc/work/s32g/s32g399a/arm-trusted-firmware/build/s32g399ardb3/release/bl31sram/platform_up_stack.o
 .debug_frame   0x0000000000000430       0xb8 /home/lc/work/s32g/s32g399a/arm-trusted-firmware/build/s32g399ardb3/release/bl31sram/s32_lowlevel_common.o
 .debug_frame   0x00000000000004e8       0x28 /home/lc/work/s32g/s32g399a/arm-trusted-firmware/build/s32g399ardb3/release/bl31sram/bl31sram_entrypoint.o
